Archive member included to satisfy reference by file (symbol)

../../../mesh/lib_51_MBTLE_PB_ADV_EE.a(prov_provisionee.c.obj)
                              CMakeFiles/51_light_control_server.dir/__/__/__/mesh/src/prov/nrf_mesh_prov.c.obj (prov_provisionee_init)
../../../mesh/lib_51_MBTLE_CORE.a(nrf_mesh_weak.c.obj)
                              CMakeFiles/51_light_control_server.dir/__/__/__/mesh/src/prov/nrf_mesh_prov.c.obj (prov_provisioner_oob_pubkey)
../../../mesh/lib_51_MBTLE_CORE.a(bearer_adv.c.obj)
                              CMakeFiles/51_light_control_server.dir/__/__/__/mesh/src/prov/prov_bearer_adv.c.obj (bearer_adv_advertiser_init)
../../../mesh/lib_51_MBTLE_CORE.a(fifo.c.obj)
                              ../../../mesh/lib_51_MBTLE_CORE.a(bearer_adv.c.obj) (fifo_init)
../../../mesh/lib_51_MBTLE_CORE.a(packet_mgr.c.obj)
                              CMakeFiles/51_light_control_server.dir/__/__/__/mesh/src/prov/prov_bearer_adv.c.obj (packet_mgr_alloc)
../../../mesh/lib_51_MBTLE_CORE.a(radio.c.obj)
                              ../../../mesh/lib_51_MBTLE_CORE.a(bearer_adv.c.obj) (radio_init)
../../../mesh/lib_51_MBTLE_CORE.a(timer.c.obj)
                              CMakeFiles/51_light_control_server.dir/__/__/__/mesh/src/prov/prov_bearer_adv.c.obj (timer_now)
../../../mesh/lib_51_MBTLE_CORE.a(timer_scheduler.c.obj)
                              CMakeFiles/51_light_control_server.dir/__/__/__/mesh/src/access/access_publish.c.obj (timer_sch_schedule)
../../../mesh/lib_51_MBTLE_CORE.a(beacon.c.obj)
                              CMakeFiles/51_light_control_server.dir/__/__/__/mesh/src/prov/prov_beacon.c.obj (beacon_create)
../../../mesh/lib_51_MBTLE_CORE.a(bearer.c.obj)
                              ../../../mesh/lib_51_MBTLE_CORE.a(bearer_adv.c.obj) (bearer_adtype_filtering_set)
../../../mesh/lib_51_MBTLE_CORE.a(bearer_event.c.obj)
                              ../../../mesh/lib_51_MBTLE_CORE.a(bearer_adv.c.obj) (bearer_event_generic_post)
../../../mesh/lib_51_MBTLE_CORE.a(nrf_mesh_configure.c.obj)
                              CMakeFiles/51_light_control_server.dir/__/__/__/mesh/src/prov/prov_bearer_adv.c.obj (nrf_mesh_configure_device_uuid_get)
../../../mesh/lib_51_MBTLE_CORE.a(enc.c.obj)
                              CMakeFiles/51_light_control_server.dir/__/__/__/mesh/src/prov/prov_utils.c.obj (enc_aes_cmac)
../../../mesh/lib_51_MBTLE_CORE.a(event.c.obj)
                              CMakeFiles/51_light_control_server.dir/__/__/__/mesh/src/prov/prov_beacon.c.obj (event_handle)
../../../mesh/lib_51_MBTLE_CORE.a(log.c.obj)
                              CMakeFiles/51_light_control_server.dir/src/main.c.obj (log_callback_rtt)
../../../mesh/lib_51_MBTLE_CORE.a(net_beacon.c.obj)
                              CMakeFiles/51_light_control_server.dir/__/__/__/mesh/models/config/src/config_server.c.obj (net_beacon_state_set)
../../../mesh/lib_51_MBTLE_CORE.a(net_state.c.obj)
                              CMakeFiles/51_light_control_server.dir/__/__/__/mesh/src/access/nrf_mesh_node_config.c.obj (net_state_reset)
../../../mesh/lib_51_MBTLE_CORE.a(nrf_mesh.c.obj)
                              CMakeFiles/51_light_control_server.dir/__/__/__/mesh/src/access/nrf_mesh_node_config.c.obj (nrf_mesh_init)
../../../mesh/lib_51_MBTLE_CORE.a(nrf_mesh_keygen.c.obj)
                              CMakeFiles/51_light_control_server.dir/__/__/__/mesh/src/access/device_state_manager.c.obj (nrf_mesh_keygen_aid)
../../../mesh/lib_51_MBTLE_CORE.a(nrf_mesh_utils.c.obj)
                              CMakeFiles/51_light_control_server.dir/__/__/__/mesh/src/prov/nrf_mesh_prov.c.obj (nrf_mesh_address_type_get)
../../../mesh/lib_51_MBTLE_CORE.a(nrf_mesh_opt.c.obj)
                              CMakeFiles/51_light_control_server.dir/__/__/__/mesh/models/config/src/config_server.c.obj (nrf_mesh_opt_set)
../../../mesh/lib_51_MBTLE_CORE.a(radio_config.c.obj)
                              ../../../mesh/lib_51_MBTLE_CORE.a(radio.c.obj) (radio_config_reset)
../../../mesh/lib_51_MBTLE_CORE.a(rand.c.obj)
                              ../../../mesh/lib_51_MBTLE_CORE.a(bearer_adv.c.obj) (rand_prng_get)
../../../mesh/lib_51_MBTLE_CORE.a(ticker.c.obj)
                              ../../../mesh/lib_51_MBTLE_CORE.a(nrf_mesh.c.obj) (ticker_init)
../../../mesh/lib_51_MBTLE_CORE.a(transport.c.obj)
                              ../../../mesh/lib_51_MBTLE_CORE.a(nrf_mesh.c.obj) (transport_init)
../../../mesh/lib_51_MBTLE_CORE.a(internal_event.c.obj)
                              ../../../mesh/lib_51_MBTLE_CORE.a(bearer.c.obj) (internal_event_push)
../../../mesh/lib_51_MBTLE_CORE.a(flash_manager.c.obj)
                              ../../../mesh/lib_51_MBTLE_CORE.a(nrf_mesh.c.obj) (flash_manager_init)
../../../mesh/lib_51_MBTLE_CORE.a(flash_manager_defrag.c.obj)
                              ../../../mesh/lib_51_MBTLE_CORE.a(flash_manager.c.obj) (flash_manager_defrag_init)
../../../mesh/lib_51_MBTLE_CORE.a(flash_manager_internal.c.obj)
[...]
Memory Configuration

Name             Origin             Length             Attributes
FLASH            0x000000000001b000 0x000000000001f000 xr
RAM              0x00000000200022d8 0x0000000000005a28 xrw
*default*        0x0000000000000000 0xffffffffffffffff

Linker script and memory map

LOAD /usr/bin/../lib/gcc/arm-none-eabi/6.3.1/thumb/v6-m/crti.o
LOAD /usr/bin/../lib/gcc/arm-none-eabi/6.3.1/thumb/v6-m/crtbegin.o
LOAD /usr/bin/../lib/gcc/arm-none-eabi/6.3.1/../../../../arm-none-eabi/lib/thumb/v6-m/crt0.o
LOAD CMakeFiles/51_light_control_server.dir/src/main.c.obj
LOAD CMakeFiles/51_light_control_server.dir/__/__/__/mesh/src/prov/provisioning.c.obj
LOAD CMakeFiles/51_light_control_server.dir/__/__/__/mesh/src/prov/nrf_mesh_prov.c.obj
LOAD CMakeFiles/51_light_control_server.dir/__/__/__/mesh/src/prov/prov_bearer_adv.c.obj
LOAD CMakeFiles/51_light_control_server.dir/__/__/__/mesh/src/prov/prov_utils.c.obj
LOAD CMakeFiles/51_light_control_server.dir/__/__/__/mesh/src/prov/prov_beacon.c.obj
LOAD CMakeFiles/51_light_control_server.dir/__/__/__/mesh/src/access/access.c.obj
LOAD CMakeFiles/51_light_control_server.dir/__/__/__/mesh/src/access/access_publish.c.obj
LOAD CMakeFiles/51_light_control_server.dir/__/__/__/mesh/src/access/access_reliable.c.obj
LOAD CMakeFiles/51_light_control_server.dir/__/__/__/mesh/src/access/device_state_manager.c.obj
LOAD CMakeFiles/51_light_control_server.dir/__/__/__/mesh/src/access/nrf_mesh_node_config.c.obj
LOAD CMakeFiles/51_light_control_server.dir/__/__/__/mesh/models/config/src/config_server.c.obj
LOAD CMakeFiles/51_light_control_server.dir/__/__/__/mesh/models/config/src/packed_index_list.c.obj
LOAD CMakeFiles/51_light_control_server.dir/__/__/__/mesh/models/config/src/composition_data.c.obj
LOAD CMakeFiles/51_light_control_server.dir/__/__/nrf_mesh_sdk.c.obj
LOAD CMakeFiles/51_light_control_server.dir/__/__/hal/src/simple_hal.c.obj
LOAD CMakeFiles/51_light_control_server.dir/__/__/models/simple_on_off/src/simple_on_off_server.c.obj
LOAD CMakeFiles/51_light_control_server.dir/__/__/__/toolchain/gcc/gcc_startup_nrf51.S.obj
LOAD CMakeFiles/51_light_control_server.dir/__/__/__/toolchain/system_nrf51.c.obj
LOAD ../../../mesh/lib_51_MBTLE_PB_ADV_EE.a
LOAD ../../../mesh/lib_51_MBTLE_CORE.a
LOAD ../../../lib/micro-ecc/lib_51_UECC_LIB.a
LOAD ../../../lib/rtt/lib_51_RTT_LIB.a
START GROUP
LOAD /usr/bin/../lib/gcc/arm-none-eabi/6.3.1/thumb/v6-m/libgcc.a
LOAD /usr/bin/../lib/gcc/arm-none-eabi/6.3.1/../../../../arm-none-eabi/lib/thumb/v6-m/libg_nano.a
LOAD /usr/bin/../lib/gcc/arm-none-eabi/6.3.1/../../../../arm-none-eabi/lib/thumb/v6-m/libc_nano.a
END GROUP
START GROUP
LOAD /usr/bin/../lib/gcc/arm-none-eabi/6.3.1/thumb/v6-m/libgcc.a
LOAD /usr/bin/../lib/gcc/arm-none-eabi/6.3.1/../../../../arm-none-eabi/lib/thumb/v6-m/libc_nano.a
END GROUP
LOAD /usr/bin/../lib/gcc/arm-none-eabi/6.3.1/thumb/v6-m/crtend.o
LOAD /usr/bin/../lib/gcc/arm-none-eabi/6.3.1/thumb/v6-m/crtn.o
START GROUP
LOAD /usr/bin/../lib/gcc/arm-none-eabi/6.3.1/thumb/v6-m/libgcc.a
LOAD /usr/bin/../lib/gcc/arm-none-eabi/6.3.1/../../../../arm-none-eabi/lib/thumb/v6-m/libc.a
LOAD /usr/bin/../lib/gcc/arm-none-eabi/6.3.1/../../../../arm-none-eabi/lib/thumb/v6-m/libnosys.a
END GROUP

.text           0x000000000001b000    0x160f8
 *(.isr_vector)
 .isr_vector    0x000000000001b000       0xc0 CMakeFiles/51_light_control_server.dir/__/__/__/toolchain/gcc/gcc_startup_nrf51.S.obj
                0x000000000001b000                __isr_vector
 *(.text*)
 .text          0x000000000001b0c0       0x60 /usr/bin/../lib/gcc/arm-none-eabi/6.3.1/thumb/v6-m/crtbegin.o
 .text          0x000000000001b120       0x78 /usr/bin/../lib/gcc/arm-none-eabi/6.3.1/../../../../arm-none-eabi/lib/thumb/v6-m/crt0.o
                0x000000000001b120                _mainCRTStartup
                0x000000000001b120                _start
 .text.configuration_setup
                0x000000000001b198       0xb8 CMakeFiles/51_light_control_server.dir/src/main.c.obj
 .text.generic_set_cb
                0x000000000001b250       0x84 CMakeFiles/51_light_control_server.dir/src/main.c.obj
 .text.generic_get_cb
                0x000000000001b2d4        0xa CMakeFiles/51_light_control_server.dir/src/main.c.obj
 *fill*         0x000000000001b2de        0x2 
 .text.configuration_complete
                0x000000000001b2e0       0x84 CMakeFiles/51_light_control_server.dir/src/main.c.obj
 .text.main     0x000000000001b364       0xd0 CMakeFiles/51_light_control_server.dir/src/main.c.obj
                0x000000000001b364                main
 .text.send_data
                0x000000000001b434       0x4c CMakeFiles/51_light_control_server.dir/__/__/__/mesh/src/prov/provisioning.c.obj
 .text.prov_packet_length_valid
                0x000000000001b480       0x24 CMakeFiles/51_light_control_server.dir/__/__/__/mesh/src/prov/provisioning.c.obj
                0x000000000001b480                prov_packet_length_valid
 .text.prov_init
                0x000000000001b4a4       0x40 CMakeFiles/51_light_control_server.dir/__/__/__/mesh/src/prov/provisioning.c.obj
                0x000000000001b4a4                prov_init
 .text.prov_listen_start
                0x000000000001b4e4       0x14 CMakeFiles/51_light_control_server.dir/__/__/__/mesh/src/prov/provisioning.c.obj
                0x000000000001b4e4                prov_listen_start
 .text.prov_link_close
                0x000000000001b4f8        0xe CMakeFiles/51_light_control_server.dir/__/__/__/mesh/src/prov/provisioning.c.obj
                0x000000000001b4f8                prov_link_close
 .text.prov_tx_capabilities
                0x000000000001b506       0x1c CMakeFiles/51_light_control_server.dir/__/__/__/mesh/src/prov/provisioning.c.obj
                0x000000000001b506                prov_tx_capabilities
 .text.prov_tx_public_key
                0x000000000001b522       0x24 CMakeFiles/51_light_control_server.dir/__/__/__/mesh/src/prov/provisioning.c.obj
                0x000000000001b522                prov_tx_public_key
 .text.prov_tx_input_complete
                0x000000000001b546       0x14 CMakeFiles/51_light_control_server.dir/__/__/__/mesh/src/prov/provisioning.c.obj
                0x000000000001b546                prov_tx_input_complete
 .text.prov_tx_confirmation
                0x000000000001b55a       0x24 CMakeFiles/51_light_control_server.dir/__/__/__/mesh/src/prov/provisioning.c.obj
                0x000000000001b55a                prov_tx_confirmation
 .text.prov_tx_random
                0x000000000001b57e       0x24 CMakeFiles/51_light_control_server.dir/__/__/__/mesh/src/prov/provisioning.c.obj
                0x000000000001b57e                prov_tx_random
 .text.prov_tx_complete
                0x000000000001b5a2       0x14 CMakeFiles/51_light_control_server.dir/__/__/__/mesh/src/prov/provisioning.c.obj
                0x000000000001b5a2                prov_tx_complete
 .text.prov_tx_failed
                0x000000000001b5b6       0x18 CMakeFiles/51_light_control_server.dir/__/__/__/mesh/src/prov/provisioning.c.obj
                0x000000000001b5b6                prov_tx_failed
 .text.prov_cb_link_opened
                0x000000000001b5ce        0xe CMakeFiles/51_light_control_server.dir/__/__/__/mesh/src/prov/provisioning.c.obj
                0x000000000001b5ce                prov_cb_link_opened
 .text.prov_cb_link_closed
                0x000000000001b5dc        0xe CMakeFiles/51_light_control_server.dir/__/__/__/mesh/src/prov/provisioning.c.obj
                0x000000000001b5dc                prov_cb_link_closed
 *fill*         0x000000000001b5ea        0x2 
 .text.prov_cb_pkt_in
                0x000000000001b5ec       0x90 CMakeFiles/51_light_control_server.dir/__/__/__/mesh/src/prov/provisioning.c.obj
                0x000000000001b5ec                prov_cb_pkt_in
 .text.prov_cb_ack_in
                0x000000000001b67c        0xe CMakeFiles/51_light_control_server.dir/__/__/__/mesh/src/prov/provisioning.c.obj
                0x000000000001b67c                prov_cb_ack_in
 *fill*         0x000000000001b68a        0x2 
 .text.nrf_mesh_prov_init
                0x000000000001b68c       0x38 CMakeFiles/51_light_control_server.dir/__/__/__/mesh/src/prov/nrf_mesh_prov.c.obj
                0x000000000001b68c                nrf_mesh_prov_init
 .text.nrf_mesh_prov_generate_keys
                0x000000000001b6c4        0x8 CMakeFiles/51_light_control_server.dir/__/__/__/mesh/src/prov/nrf_mesh_prov.c.obj
                0x000000000001b6c4                nrf_mesh_prov_generate_keys
 .text.nrf_mesh_prov_listen
                0x000000000001b6cc       0x28 CMakeFiles/51_light_control_server.dir/__/__/__/mesh/src/prov/nrf_mesh_prov.c.obj
                0x000000000001b6cc                nrf_mesh_prov_listen
 .text.nrf_mesh_prov_auth_data_provide
                0x000000000001b6f4       0x1c CMakeFiles/51_light_control_server.dir/__/__/__/mesh/src/prov/nrf_mesh_prov.c.obj
                0x000000000001b6f4                nrf_mesh_prov_auth_data_provide
 .text.remove_active_bearer
                0x000000000001b710       0x88 CMakeFiles/51_light_control_server.dir/__/__/__/mesh/src/prov/prov_bearer_adv.c.obj
 .text.send_packet
                0x000000000001b798       0x64 CMakeFiles/51_light_control_server.dir/__/__/__/mesh/src/prov/prov_bearer_adv.c.obj
 .text.send_link_close
                0x000000000001b7fc       0x3e CMakeFiles/51_light_control_server.dir/__/__/__/mesh/src/prov/prov_bearer_adv.c.obj
 *fill*         0x000000000001b83a        0x2 
 .text.prov_buffer_tx
                0x000000000001b83c      0x1f0 CMakeFiles/51_light_control_server.dir/__/__/__/mesh/src/prov/prov_bearer_adv.c.obj
 .text.send_transaction_ack
                0x000000000001ba2c       0x48 CMakeFiles/51_light_control_server.dir/__/__/__/mesh/src/prov/prov_bearer_adv.c.obj
 .text.send_link_ack
                0x000000000001ba74       0x3c CMakeFiles/51_light_control_server.dir/__/__/__/mesh/src/prov/prov_bearer_adv.c.obj
 .text.prov_bearer_adv_listen_stop
                0x000000000001bab0       0x40 CMakeFiles/51_light_control_server.dir/__/__/__/mesh/src/prov/prov_bearer_adv.c.obj
 .text.close_link
                0x000000000001baf0       0x68 CMakeFiles/51_light_control_server.dir/__/__/__/mesh/src/prov/prov_bearer_adv.c.obj
 .text.prov_bearer_adv_link_close
                0x000000000001bb58       0x78 CMakeFiles/51_light_control_server.dir/__/__/__/mesh/src/prov/prov_bearer_adv.c.obj
 .text.adv_queue_empty_cb
                0x000000000001bbd0       0x3c CMakeFiles/51_light_control_server.dir/__/__/__/mesh/src/prov/prov_bearer_adv.c.obj
 .text.link_timeout_cb
                0x000000000001bc0c        0xc CMakeFiles/51_light_control_server.dir/__/__/__/mesh/src/prov/prov_bearer_adv.c.obj
 .text.tx_retry_cb
                0x000000000001bc18       0xe8 CMakeFiles/51_light_control_server.dir/__/__/__/mesh/src/prov/prov_bearer_adv.c.obj
 .text.add_active_bearer
                0x000000000001bd00       0x98 CMakeFiles/51_light_control_server.dir/__/__/__/mesh/src/prov/prov_bearer_adv.c.obj
 .text.prov_bearer_adv_link_open
                0x000000000001bd98      0x11c CMakeFiles/51_light_control_server.dir/__/__/__/mesh/src/prov/prov_bearer_adv.c.obj
 .text.prov_bearer_adv_listen
                0x000000000001beb4       0xe8 CMakeFiles/51_light_control_server.dir/__/__/__/mesh/src/prov/prov_bearer_adv.c.obj
 .text.calculate_3GPP_CRC
                0x000000000001bf9c       0x28 CMakeFiles/51_light_control_server.dir/__/__/__/mesh/src/prov/prov_bearer_adv.c.obj
                0x000000000001bf9c                calculate_3GPP_CRC
 .text.prov_bearer_adv_tx
                0x000000000001bfc4       0xc8 CMakeFiles/51_light_control_server.dir/__/__/__/mesh/src/prov/prov_bearer_adv.c.obj
 .text.prov_buffer_rx
                0x000000000001c08c       0x90 CMakeFiles/51_light_control_server.dir/__/__/__/mesh/src/prov/prov_bearer_adv.c.obj
 .text.prov_bearer_adv_interface_get
                0x000000000001c11c        0x8 CMakeFiles/51_light_control_server.dir/__/__/__/mesh/src/prov/prov_bearer_adv.c.obj
                0x000000000001c11c                prov_bearer_adv_interface_get
 .text.prov_bearer_adv_pkt_in
                0x000000000001c124      0xa24 CMakeFiles/51_light_control_server.dir/__/__/__/mesh/src/prov/prov_bearer_adv.c.obj
                0x000000000001c124                prov_bearer_adv_pkt_in
 .text.oob_gen_alphanumeric
                0x000000000001cb48       0x38 CMakeFiles/51_light_control_server.dir/__/__/__/mesh/src/prov/prov_utils.c.obj
 .text.oob_gen_numeric
                0x000000000001cb80       0x4c CMakeFiles/51_light_control_server.dir/__/__/__/mesh/src/prov/prov_utils.c.obj
 .text.prov_utils_opt_set
                0x000000000001cbcc       0x28 CMakeFiles/51_light_control_server.dir/__/__/__/mesh/src/prov/prov_utils.c.obj
                0x000000000001cbcc                prov_utils_opt_set
 .text.prov_utils_opt_get
                0x000000000001cbf4       0x1c CMakeFiles/51_light_control_server.dir/__/__/__/mesh/src/prov/prov_utils.c.obj
                0x000000000001cbf4                prov_utils_opt_get
 .text.prov_utils_use_ecdh_offloading
                0x000000000001cc10        0xc CMakeFiles/51_light_control_server.dir/__/__/__/mesh/src/prov/prov_utils.c.obj
                0x000000000001cc10                prov_utils_use_ecdh_offloading
 .text.prov_utils_authentication_values_derive
                0x000000000001cc1c       0xd4 CMakeFiles/51_light_control_server.dir/__/__/__/mesh/src/prov/prov_utils.c.obj
                0x000000000001cc1c                prov_utils_authentication_values_derive
 .text.prov_utils_keys_generate
                0x000000000001ccf0       0x20 CMakeFiles/51_light_control_server.dir/__/__/__/mesh/src/prov/prov_utils.c.obj
                0x000000000001ccf0                prov_utils_keys_generate
 .text.prov_utils_derive_keys
                0x000000000001cd10       0xc0 CMakeFiles/51_light_control_server.dir/__/__/__/mesh/src/prov/prov_utils.c.obj
                0x000000000001cd10                prov_utils_derive_keys
 .text.prov_utils_calculate_shared_secret
                0x000000000001cdd0       0x44 CMakeFiles/51_light_control_server.dir/__/__/__/mesh/src/prov/prov_utils.c.obj
                0x000000000001cdd0                prov_utils_calculate_shared_secret
 .text.prov_utils_generate_oob_data
                0x000000000001ce14       0xe0 CMakeFiles/51_light_control_server.dir/__/__/__/mesh/src/prov/prov_utils.c.obj
                0x000000000001ce14                prov_utils_generate_oob_data
 .text.prov_utils_confirmation_check
                0x000000000001cef4       0x6c CMakeFiles/51_light_control_server.dir/__/__/__/mesh/src/prov/prov_utils.c.obj
                0x000000000001cef4                prov_utils_confirmation_check
 .text.prov_beacon_unprov_build
                0x000000000001cf60       0x52 CMakeFiles/51_light_control_server.dir/__/__/__/mesh/src/prov/prov_beacon.c.obj
                0x000000000001cf60                prov_beacon_unprov_build
 *fill*         0x000000000001cfb2        0x2 
 .text.prov_beacon_unprov_pkt_in
                0x000000000001cfb4       0xd4 CMakeFiles/51_light_control_server.dir/__/__/__/mesh/src/prov/prov_beacon.c.obj
                0x000000000001cfb4                prov_beacon_unprov_pkt_in
 .text.is_valid_opcode
                0x000000000001d088       0x58 CMakeFiles/51_light_control_server.dir/__/__/__/mesh/src/access/access.c.obj
 .text.flash_invalidate_complete
                0x000000000001d0e0       0x18 CMakeFiles/51_light_control_server.dir/__/__/__/mesh/src/access/access.c.obj
 .text.flash_manager_mem_available
                0x000000000001d0f8        0x6 CMakeFiles/51_light_control_server.dir/__/__/__/mesh/src/access/access.c.obj
 *fill*         0x000000000001d0fe        0x2 
 .text.restore_acquired_subscription
                0x000000000001d100       0x24 CMakeFiles/51_light_control_server.dir/__/__/__/mesh/src/access/access.c.obj
 .text.restore_acquired_element
                0x000000000001d124       0x1c CMakeFiles/51_light_control_server.dir/__/__/__/mesh/src/access/access.c.obj
 .text.restore_flash_data
                0x000000000001d140       0x64 CMakeFiles/51_light_control_server.dir/__/__/__/mesh/src/access/access.c.obj
 .text.restore_acquired_model
                0x000000000001d1a4       0x98 CMakeFiles/51_light_control_server.dir/__/__/__/mesh/src/access/access.c.obj
 .text.access_flash_config_clear
                0x000000000001d23c       0x28 CMakeFiles/51_light_control_server.dir/__/__/__/mesh/src/access/access.c.obj
 .text.access_flash_config_store
                0x000000000001d264      0x148 CMakeFiles/51_light_control_server.dir/__/__/__/mesh/src/access/access.c.obj
                0x000000000001d264                access_flash_config_store
 .text.access_state_clear
                0x000000000001d3ac       0x4c CMakeFiles/51_light_control_server.dir/__/__/__/mesh/src/access/access.c.obj
 .text.add_flash_manager
                0x000000000001d3f8       0x64 CMakeFiles/51_light_control_server.dir/__/__/__/mesh/src/access/access.c.obj
 .text.flash_remove_complete
                0x000000000001d45c       0x60 CMakeFiles/51_light_control_server.dir/__/__/__/mesh/src/access/access.c.obj
 .text.flash_write_complete
                0x000000000001d4bc       0x68 CMakeFiles/51_light_control_server.dir/__/__/__/mesh/src/access/access.c.obj
 .text.packet_tx
                0x000000000001d524      0x288 CMakeFiles/51_light_control_server.dir/__/__/__/mesh/src/access/access.c.obj
 .text.mesh_evt_cb
                0x000000000001d7ac      0x30c CMakeFiles/51_light_control_server.dir/__/__/__/mesh/src/access/access.c.obj
 .text.access_flash_config_load
                0x000000000001dab8      0x188 CMakeFiles/51_light_control_server.dir/__/__/__/mesh/src/access/access.c.obj
                0x000000000001dab8                access_flash_config_load
 .text.access_init
                0x000000000001dc40       0x24 CMakeFiles/51_light_control_server.dir/__/__/__/mesh/src/access/access.c.obj
                0x000000000001dc40                access_init
 .text.access_model_add
                0x000000000001dc64      0x1c8 CMakeFiles/51_light_control_server.dir/__/__/__/mesh/src/access/access.c.obj
                0x000000000001dc64                access_model_add
 .text.access_model_publish
                0x000000000001de2c       0x14 CMakeFiles/51_light_control_server.dir/__/__/__/mesh/src/access/access.c.obj
                0x000000000001de2c                access_model_publish
 .text.access_model_reply
                0x000000000001de40       0x20 CMakeFiles/51_light_control_server.dir/__/__/__/mesh/src/access/access.c.obj
                0x000000000001de40                access_model_reply
 .text.access_model_publish_address_set
                0x000000000001de60       0x50 CMakeFiles/51_light_control_server.dir/__/__/__/mesh/src/access/access.c.obj
                0x000000000001de60                access_model_publish_address_set
 .text.access_model_publish_address_get
                0x000000000001deb0       0x3c CMakeFiles/51_light_control_server.dir/__/__/__/mesh/src/access/access.c.obj
                0x000000000001deb0                access_model_publish_address_get
 .text.access_model_publish_period_set
                0x000000000001deec       0xa4 CMakeFiles/51_light_control_server.dir/__/__/__/mesh/src/access/access.c.obj
                0x000000000001deec                access_model_publish_period_set
 .text.access_model_publish_period_get
                0x000000000001df90       0x58 CMakeFiles/51_light_control_server.dir/__/__/__/mesh/src/access/access.c.obj
                0x000000000001df90                access_model_publish_period_get
 .text.access_model_subscription_list_alloc
                0x000000000001dfe8       0x58 CMakeFiles/51_light_control_server.dir/__/__/__/mesh/src/access/access.c.obj
                0x000000000001dfe8                access_model_subscription_list_alloc
 .text.access_model_subscription_add
                0x000000000001e040       0x70 CMakeFiles/51_light_control_server.dir/__/__/__/mesh/src/access/access.c.obj
                0x000000000001e040                access_model_subscription_add
 .text.access_model_subscription_remove
                0x000000000001e0b0       0x70 CMakeFiles/51_light_control_server.dir/__/__/__/mesh/src/access/access.c.obj
                0x000000000001e0b0                access_model_subscription_remove
 .text.access_model_subscriptions_get
                0x000000000001e120       0xb4 CMakeFiles/51_light_control_server.dir/__/__/__/mesh/src/access/access.c.obj
                0x000000000001e120                access_model_subscriptions_get
 .text.access_model_application_bind
                0x000000000001e1d4       0x64 CMakeFiles/51_light_control_server.dir/__/__/__/mesh/src/access/access.c.obj
                0x000000000001e1d4                access_model_application_bind
 .text.access_model_application_unbind
                0x000000000001e238       0x64 CMakeFiles/51_light_control_server.dir/__/__/__/mesh/src/access/access.c.obj
                0x000000000001e238                access_model_application_unbind
 .text.access_model_applications_get
                0x000000000001e29c       0x60 CMakeFiles/51_light_control_server.dir/__/__/__/mesh/src/access/access.c.obj
                0x000000000001e29c                access_model_applications_get
 .text.access_model_publish_application_set
                0x000000000001e2fc       0x50 CMakeFiles/51_light_control_server.dir/__/__/__/mesh/src/access/access.c.obj
                0x000000000001e2fc                access_model_publish_application_set
 .text.access_model_publish_application_get
                0x000000000001e34c       0x3c CMakeFiles/51_light_control_server.dir/__/__/__/mesh/src/access/access.c.obj
                0x000000000001e34c                access_model_publish_application_get
 .text.access_default_ttl_set
                0x000000000001e388       0x10 CMakeFiles/51_light_control_server.dir/__/__/__/mesh/src/access/access.c.obj
                0x000000000001e388                access_default_ttl_set
 .text.access_default_ttl_get
                0x000000000001e398        0xc CMakeFiles/51_light_control_server.dir/__/__/__/mesh/src/access/access.c.obj
                0x000000000001e398                access_default_ttl_get
 .text.access_model_publish_ttl_set
                0x000000000001e3a4       0x54 CMakeFiles/51_light_control_server.dir/__/__/__/mesh/src/access/access.c.obj
                0x000000000001e3a4                access_model_publish_ttl_set
 .text.access_model_publish_ttl_get
                0x000000000001e3f8       0x3c CMakeFiles/51_light_control_server.dir/__/__/__/mesh/src/access/access.c.obj
                0x000000000001e3f8                access_model_publish_ttl_get
 .text.access_element_location_get
                0x000000000001e434       0x20 CMakeFiles/51_light_control_server.dir/__/__/__/mesh/src/access/access.c.obj
                0x000000000001e434                access_element_location_get
 .text.access_element_sig_model_count_get
                0x000000000001e454       0x20 CMakeFiles/51_light_control_server.dir/__/__/__/mesh/src/access/access.c.obj
                0x000000000001e454                access_element_sig_model_count_get
 .text.access_element_vendor_model_count_get
                0x000000000001e474       0x20 CMakeFiles/51_light_control_server.dir/__/__/__/mesh/src/access/access.c.obj
                0x000000000001e474                access_element_vendor_model_count_get
 .text.access_model_id_get
                0x000000000001e494       0x48 CMakeFiles/51_light_control_server.dir/__/__/__/mesh/src/access/access.c.obj
                0x000000000001e494                access_model_id_get
 .text.access_handle_get
                0x000000000001e4dc       0x6c CMakeFiles/51_light_control_server.dir/__/__/__/mesh/src/access/access.c.obj
                0x000000000001e4dc                access_handle_get
 .text.access_element_models_get
                0x000000000001e548       0x74 CMakeFiles/51_light_control_server.dir/__/__/__/mesh/src/access/access.c.obj
                0x000000000001e548                access_element_models_get
 .text.access_model_p_args_get
                0x000000000001e5bc       0x3c CMakeFiles/51_light_control_server.dir/__/__/__/mesh/src/access/access.c.obj
                0x000000000001e5bc                access_model_p_args_get
 .text.add_to_publication_list
                0x000000000001e5f8       0xb0 CMakeFiles/51_light_control_server.dir/__/__/__/mesh/src/access/access_publish.c.obj
 .text.schedule_publication_timer
                0x000000000001e6a8      0x308 CMakeFiles/51_light_control_server.dir/__/__/__/mesh/src/access/access_publish.c.obj
 .text.access_publish_period_set
                0x000000000001e9b0       0xe4 CMakeFiles/51_light_control_server.dir/__/__/__/mesh/src/access/access_publish.c.obj
                0x000000000001e9b0                access_publish_period_set
 .text.access_publish_period_get
                0x000000000001ea94       0x34 CMakeFiles/51_light_control_server.dir/__/__/__/mesh/src/access/access_publish.c.obj
                0x000000000001ea94                access_publish_period_get
 .text.remove_and_reschedule
                0x000000000001eac8       0xfc CMakeFiles/51_light_control_server.dir/__/__/__/mesh/src/access/access_reliable.c.obj
 .text.reliable_timer_cb
                0x000000000001ebc4      0x170 CMakeFiles/51_light_control_server.dir/__/__/__/mesh/src/access/access_reliable.c.obj
 .text.access_reliable_message_rx_cb
                0x000000000001ed34       0x98 CMakeFiles/51_light_control_server.dir/__/__/__/mesh/src/access/access_reliable.c.obj
                0x000000000001ed34                access_reliable_message_rx_cb
 .text.access_reliable_init
                0x000000000001edcc       0x1c CMakeFiles/51_light_control_server.dir/__/__/__/mesh/src/access/access_reliable.c.obj
                0x000000000001edcc                access_reliable_init
 .text.dev_key_handle_get
                0x000000000001ede8       0x30 CMakeFiles/51_light_control_server.dir/__/__/__/mesh/src/access/device_state_manager.c.obj
 .text.app_key_handle_get
                0x000000000001ee18       0x30 CMakeFiles/51_light_control_server.dir/__/__/__/mesh/src/access/device_state_manager.c.obj
 .text.get_subnet_handle
                0x000000000001ee48       0x38 CMakeFiles/51_light_control_server.dir/__/__/__/mesh/src/access/device_state_manager.c.obj
 .text.get_app_handle
                0x000000000001ee80       0x48 CMakeFiles/51_light_control_server.dir/__/__/__/mesh/src/access/device_state_manager.c.obj
 .text.nonvirtual_address_set
                0x000000000001eec8       0x3c CMakeFiles/51_light_control_server.dir/__/__/__/mesh/src/access/device_state_manager.c.obj
 .text.addr_nonvirtual_to_dsm_entry
                0x000000000001ef04        0xe CMakeFiles/51_light_control_server.dir/__/__/__/mesh/src/access/device_state_manager.c.obj
 *fill*         0x000000000001ef12        0x2 
 .text.addr_nonvirtual_to_flash_entry
                0x000000000001ef14       0x10 CMakeFiles/51_light_control_server.dir/__/__/__/mesh/src/access/device_state_manager.c.obj
 .text.flash_mem_listener_callback
                0x000000000001ef24       0x20 CMakeFiles/51_light_control_server.dir/__/__/__/mesh/src/access/device_state_manager.c.obj
 .text.devkey_set
                0x000000000001ef44       0x60 CMakeFiles/51_light_control_server.dir/__/__/__/mesh/src/access/device_state_manager.c.obj
 .text.devkey_to_dsm_entry
                0x000000000001efa4       0x14 CMakeFiles/51_light_control_server.dir/__/__/__/mesh/src/access/device_state_manager.c.obj
 .text.devkey_to_flash_entry
                0x000000000001efb8       0x28 CMakeFiles/51_light_control_server.dir/__/__/__/mesh/src/access/device_state_manager.c.obj
 .text.appkey_to_flash_entry
                0x000000000001efe0       0x28 CMakeFiles/51_light_control_server.dir/__/__/__/mesh/src/access/device_state_manager.c.obj
 .text.subnet_to_flash_entry
                0x000000000001f008       0x20 CMakeFiles/51_light_control_server.dir/__/__/__/mesh/src/access/device_state_manager.c.obj
 .text.addr_virtual_to_flash_entry
                0x000000000001f028       0x20 CMakeFiles/51_light_control_server.dir/__/__/__/mesh/src/access/device_state_manager.c.obj
 .text.addr_unicast_to_dsm_entry
                0x000000000001f048       0x10 CMakeFiles/51_light_control_server.dir/__/__/__/mesh/src/access/device_state_manager.c.obj
 .text.addr_unicast_to_flash_entry
                0x000000000001f058       0x14 CMakeFiles/51_light_control_server.dir/__/__/__/mesh/src/access/device_state_manager.c.obj
 .text.appkey_set
                0x000000000001f06c       0x8c CMakeFiles/51_light_control_server.dir/__/__/__/mesh/src/access/device_state_manager.c.obj
 .text.appkey_to_dsm_entry
                0x000000000001f0f8       0x12 CMakeFiles/51_light_control_server.dir/__/__/__/mesh/src/access/device_state_manager.c.obj
 *fill*         0x000000000001f10a        0x2 
 .text.subnet_set
                0x000000000001f10c       0xb4 CMakeFiles/51_light_control_server.dir/__/__/__/mesh/src/access/device_state_manager.c.obj
 .text.subnet_to_dsm_entry
                0x000000000001f1c0       0x10 CMakeFiles/51_light_control_server.dir/__/__/__/mesh/src/access/device_state_manager.c.obj
 .text.virtual_address_set
                0x000000000001f1d0       0x68 CMakeFiles/51_light_control_server.dir/__/__/__/mesh/src/access/device_state_manager.c.obj
 .text.addr_virtual_to_dsm_entry
                0x000000000001f238       0x10 CMakeFiles/51_light_control_server.dir/__/__/__/mesh/src/access/device_state_manager.c.obj
 .text.flash_save
                0x000000000001f248       0x94 CMakeFiles/51_light_control_server.dir/__/__/__/mesh/src/access/device_state_manager.c.obj
 .text.flash_invalidate
                0x000000000001f2dc       0x80 CMakeFiles/51_light_control_server.dir/__/__/__/mesh/src/access/device_state_manager.c.obj
 .text.flash_update_all
                0x000000000001f35c       0xd4 CMakeFiles/51_light_control_server.dir/__/__/__/mesh/src/access/device_state_manager.c.obj
 .text.address_delete_if_unused
                0x000000000001f430       0x94 CMakeFiles/51_light_control_server.dir/__/__/__/mesh/src/access/device_state_manager.c.obj
 .text.flash_operation_complete
                0x000000000001f4c4       0x6c CMakeFiles/51_light_control_server.dir/__/__/__/mesh/src/access/device_state_manager.c.obj
 .text.flash_invalidate_complete
                0x000000000001f530        0xc CMakeFiles/51_light_control_server.dir/__/__/__/mesh/src/access/device_state_manager.c.obj
 .text.flash_write_complete
                0x000000000001f53c        0xc CMakeFiles/51_light_control_server.dir/__/__/__/mesh/src/access/device_state_manager.c.obj
 .text.reset_flash_area
                0x000000000001f548       0x28 CMakeFiles/51_light_control_server.dir/__/__/__/mesh/src/access/device_state_manager.c.obj
 .text.add_address
                0x000000000001f570       0xfc CMakeFiles/51_light_control_server.dir/__/__/__/mesh/src/access/device_state_manager.c.obj
 .text.virtual_address_uuid_index_get
                0x000000000001f66c       0x3c CMakeFiles/51_light_control_server.dir/__/__/__/mesh/src/access/device_state_manager.c.obj
 .text.add_address_virtual
                0x000000000001f6a8       0x90 CMakeFiles/51_light_control_server.dir/__/__/__/mesh/src/access/device_state_manager.c.obj
 .text.dsm_flash_config_load
                0x000000000001f738      0x140 CMakeFiles/51_light_control_server.dir/__/__/__/mesh/src/access/device_state_manager.c.obj
                0x000000000001f738                dsm_flash_config_load
 .text.dsm_flash_area_get
                0x000000000001f878       0x14 CMakeFiles/51_light_control_server.dir/__/__/__/mesh/src/access/device_state_manager.c.obj
                0x000000000001f878                dsm_flash_area_get
 .text.build_flash_area
                0x000000000001f88c       0x8c CMakeFiles/51_light_control_server.dir/__/__/__/mesh/src/access/device_state_manager.c.obj
 .text.dsm_init
                0x000000000001f918       0x28 CMakeFiles/51_light_control_server.dir/__/__/__/mesh/src/access/device_state_manager.c.obj
                0x000000000001f918                dsm_init
 .text.flash_remove_complete
                0x000000000001f940        0x8 CMakeFiles/51_light_control_server.dir/__/__/__/mesh/src/access/device_state_manager.c.obj
 .text.dsm_local_unicast_addresses_set
                0x000000000001f948       0x84 CMakeFiles/51_light_control_server.dir/__/__/__/mesh/src/access/device_state_manager.c.obj
                0x000000000001f948                dsm_local_unicast_addresses_set
 .text.dsm_local_unicast_addresses_get
                0x000000000001f9cc       0x2c CMakeFiles/51_light_control_server.dir/__/__/__/mesh/src/access/device_state_manager.c.obj
                0x000000000001f9cc                dsm_local_unicast_addresses_get
 .text.dsm_address_publish_add
                0x000000000001f9f8        0xa CMakeFiles/51_light_control_server.dir/__/__/__/mesh/src/access/device_state_manager.c.obj
                0x000000000001f9f8                dsm_address_publish_add
 *fill*         0x000000000001fa02        0x2 
 .text.dsm_address_publish_add_handle
                0x000000000001fa04       0x64 CMakeFiles/51_light_control_server.dir/__/__/__/mesh/src/access/device_state_manager.c.obj
                0x000000000001fa04                dsm_address_publish_add_handle
 .text.dsm_address_publish_virtual_add
                0x000000000001fa68        0xa CMakeFiles/51_light_control_server.dir/__/__/__/mesh/src/access/device_state_manager.c.obj
                0x000000000001fa68                dsm_address_publish_virtual_add
 .text.dsm_address_subscription_add
                0x000000000001fa72        0xa CMakeFiles/51_light_control_server.dir/__/__/__/mesh/src/access/device_state_manager.c.obj
                0x000000000001fa72                dsm_address_subscription_add
 .text.dsm_address_subscription_virtual_add
                0x000000000001fa7c        0xa CMakeFiles/51_light_control_server.dir/__/__/__/mesh/src/access/device_state_manager.c.obj
                0x000000000001fa7c                dsm_address_subscription_virtual_add
 *fill*         0x000000000001fa86        0x2 
 .text.dsm_address_subscription_add_handle
                0x000000000001fa88       0x64 CMakeFiles/51_light_control_server.dir/__/__/__/mesh/src/access/device_state_manager.c.obj
                0x000000000001fa88                dsm_address_subscription_add_handle
 .text.dsm_address_subscription_get
                0x000000000001faec       0x64 CMakeFiles/51_light_control_server.dir/__/__/__/mesh/src/access/device_state_manager.c.obj
                0x000000000001faec                dsm_address_subscription_get
 .text.dsm_address_get
                0x000000000001fb50       0x70 CMakeFiles/51_light_control_server.dir/__/__/__/mesh/src/access/device_state_manager.c.obj
                0x000000000001fb50                dsm_address_get
 .text.dsm_address_subscription_remove
                0x000000000001fbc0       0xa8 CMakeFiles/51_light_control_server.dir/__/__/__/mesh/src/access/device_state_manager.c.obj
                0x000000000001fbc0                dsm_address_subscription_remove
 .text.dsm_address_handle_get
                0x000000000001fc68       0xb4 CMakeFiles/51_light_control_server.dir/__/__/__/mesh/src/access/device_state_manager.c.obj
                0x000000000001fc68                dsm_address_handle_get
 .text.dsm_net_key_index_to_subnet_handle
                0x000000000001fd1c       0x28 CMakeFiles/51_light_control_server.dir/__/__/__/mesh/src/access/device_state_manager.c.obj
                0x000000000001fd1c                dsm_net_key_index_to_subnet_handle
 .text.dsm_app_key_index_to_appkey_handle
                0x000000000001fd44       0x20 CMakeFiles/51_light_control_server.dir/__/__/__/mesh/src/access/device_state_manager.c.obj
                0x000000000001fd44                dsm_app_key_index_to_appkey_handle
 .text.dsm_appkey_handle_get
                0x000000000001fd64       0x14 CMakeFiles/51_light_control_server.dir/__/__/__/mesh/src/access/device_state_manager.c.obj
                0x000000000001fd64                dsm_appkey_handle_get
 .text.dsm_appkey_handle_to_appkey_index
                0x000000000001fd78       0x30 CMakeFiles/51_light_control_server.dir/__/__/__/mesh/src/access/device_state_manager.c.obj
                0x000000000001fd78                dsm_appkey_handle_to_appkey_index
 .text.dsm_subnet_add
                0x000000000001fda8       0x58 CMakeFiles/51_light_control_server.dir/__/__/__/mesh/src/access/device_state_manager.c.obj
                0x000000000001fda8                dsm_subnet_add
 .text.dsm_subnet_update
                0x000000000001fe00       0x3c CMakeFiles/51_light_control_server.dir/__/__/__/mesh/src/access/device_state_manager.c.obj
                0x000000000001fe00                dsm_subnet_update
 .text.dsm_subnet_get_all
                0x000000000001fe3c       0x40 CMakeFiles/51_light_control_server.dir/__/__/__/mesh/src/access/device_state_manager.c.obj
                0x000000000001fe3c                dsm_subnet_get_all
 .text.dsm_devkey_add
                0x000000000001fe7c       0x84 CMakeFiles/51_light_control_server.dir/__/__/__/mesh/src/access/device_state_manager.c.obj
                0x000000000001fe7c                dsm_devkey_add
 .text.dsm_devkey_delete
                0x000000000001ff00       0x38 CMakeFiles/51_light_control_server.dir/__/__/__/mesh/src/access/device_state_manager.c.obj
                0x000000000001ff00                dsm_devkey_delete
 .text.dsm_appkey_add
                0x000000000001ff38       0x80 CMakeFiles/51_light_control_server.dir/__/__/__/mesh/src/access/device_state_manager.c.obj
                0x000000000001ff38                dsm_appkey_add
 .text.dsm_appkey_update
                0x000000000001ffb8       0x44 CMakeFiles/51_light_control_server.dir/__/__/__/mesh/src/access/device_state_manager.c.obj
                0x000000000001ffb8                dsm_appkey_update
 .text.dsm_appkey_delete
                0x000000000001fffc       0x30 CMakeFiles/51_light_control_server.dir/__/__/__/mesh/src/access/device_state_manager.c.obj
                0x000000000001fffc                dsm_appkey_delete
 .text.dsm_subnet_delete
                0x000000000002002c       0x98 CMakeFiles/51_light_control_server.dir/__/__/__/mesh/src/access/device_state_manager.c.obj
                0x000000000002002c                dsm_subnet_delete
 .text.dsm_appkey_get_all
                0x00000000000200c4       0x60 CMakeFiles/51_light_control_server.dir/__/__/__/mesh/src/access/device_state_manager.c.obj
                0x00000000000200c4                dsm_appkey_get_all
 .text.dsm_tx_secmat_get
                0x0000000000020124      0x124 CMakeFiles/51_light_control_server.dir/__/__/__/mesh/src/access/device_state_manager.c.obj
                0x0000000000020124                dsm_tx_secmat_get
 .text.nrf_mesh_net_secmat_next_get
                0x0000000000020248       0x54 CMakeFiles/51_light_control_server.dir/__/__/__/mesh/src/access/device_state_manager.c.obj
                0x0000000000020248                nrf_mesh_net_secmat_next_get
 .text.nrf_mesh_app_secmat_next_get
                0x000000000002029c       0x8c CMakeFiles/51_light_control_server.dir/__/__/__/mesh/src/access/device_state_manager.c.obj
                0x000000000002029c                nrf_mesh_app_secmat_next_get
 .text.nrf_mesh_devkey_secmat_get
                0x0000000000020328       0x40 CMakeFiles/51_light_control_server.dir/__/__/__/mesh/src/access/device_state_manager.c.obj
                0x0000000000020328                nrf_mesh_devkey_secmat_get
 .text.nrf_mesh_beacon_info_next_get
                0x0000000000020368       0x74 CMakeFiles/51_light_control_server.dir/__/__/__/mesh/src/access/device_state_manager.c.obj
                0x0000000000020368                nrf_mesh_beacon_info_next_get
 .text.nrf_mesh_rx_address_get
                0x00000000000203dc       0xec CMakeFiles/51_light_control_server.dir/__/__/__/mesh/src/access/device_state_manager.c.obj
                0x00000000000203dc                nrf_mesh_rx_address_get
 .text.sd_softdevice_enable
                0x00000000000204c8        0x4 CMakeFiles/51_light_control_server.dir/__/__/__/mesh/src/access/nrf_mesh_node_config.c.obj
 .text.default_mesh_assertion_handler
                0x00000000000204cc       0x88 CMakeFiles/51_light_control_server.dir/__/__/__/mesh/src/access/nrf_mesh_node_config.c.obj
                0x00000000000204cc                default_mesh_assertion_handler
 .text.start_provisionee
                0x0000000000020554       0x1c CMakeFiles/51_light_control_server.dir/__/__/__/mesh/src/access/nrf_mesh_node_config.c.obj
 .text.mesh_evt_handler
                0x0000000000020570      0x10c CMakeFiles/51_light_control_server.dir/__/__/__/mesh/src/access/nrf_mesh_node_config.c.obj
 .text.default_softdevice_assertion_handler
                0x000000000002067c       0x90 CMakeFiles/51_light_control_server.dir/__/__/__/mesh/src/access/nrf_mesh_node_config.c.obj
 .text.softdevice_setup
                0x000000000002070c       0x74 CMakeFiles/51_light_control_server.dir/__/__/__/mesh/src/access/nrf_mesh_node_config.c.obj
                0x000000000002070c                softdevice_setup
 .text.nrf_mesh_node_config
                0x0000000000020780       0xf8 CMakeFiles/51_light_control_server.dir/__/__/__/mesh/src/access/nrf_mesh_node_config.c.obj
                0x0000000000020780                nrf_mesh_node_config
 .text.get_element_index
                0x0000000000020878       0x2c CMakeFiles/51_light_control_server.dir/__/__/__/mesh/models/config/src/config_server.c.obj
 .text.send_reply
                0x00000000000208a4       0x20 CMakeFiles/51_light_control_server.dir/__/__/__/mesh/models/config/src/config_server.c.obj
 .text.send_generic_error_reply
                0x00000000000208c4       0x3e CMakeFiles/51_light_control_server.dir/__/__/__/mesh/models/config/src/config_server.c.obj
 *fill*         0x0000000000020902        0x2 
 .text.handle_model_app_get
                0x0000000000020904      0x200 CMakeFiles/51_light_control_server.dir/__/__/__/mesh/models/config/src/config_server.c.obj
 .text.handle_node_reset
                0x0000000000020b04       0x20 CMakeFiles/51_light_control_server.dir/__/__/__/mesh/models/config/src/config_server.c.obj
 .text.handle_node_identity_set
                0x0000000000020b24       0x38 CMakeFiles/51_light_control_server.dir/__/__/__/mesh/models/config/src/config_server.c.obj
 .text.handle_node_identity_get
                0x0000000000020b5c       0x38 CMakeFiles/51_light_control_server.dir/__/__/__/mesh/models/config/src/config_server.c.obj
 .text.handle_heartbeat_subscription_set
                0x0000000000020b94       0x30 CMakeFiles/51_light_control_server.dir/__/__/__/mesh/models/config/src/config_server.c.obj
 .text.handle_heartbeat_subscription_get
                0x0000000000020bc4       0x30 CMakeFiles/51_light_control_server.dir/__/__/__/mesh/models/config/src/config_server.c.obj
 .text.handle_heartbeat_publication_set
                0x0000000000020bf4       0x2a CMakeFiles/51_light_control_server.dir/__/__/__/mesh/models/config/src/config_server.c.obj
 .text.handle_heartbeat_publication_get
                0x0000000000020c1e       0x2a CMakeFiles/51_light_control_server.dir/__/__/__/mesh/models/config/src/config_server.c.obj
 .text.send_subscription_status
                0x0000000000020c48       0x50 CMakeFiles/51_light_control_server.dir/__/__/__/mesh/models/config/src/config_server.c.obj
 .text.handle_config_gatt_proxy_set
                0x0000000000020c98       0x24 CMakeFiles/51_light_control_server.dir/__/__/__/mesh/models/config/src/config_server.c.obj
 .text.handle_config_gatt_proxy_get
                0x0000000000020cbc       0x24 CMakeFiles/51_light_control_server.dir/__/__/__/mesh/models/config/src/config_server.c.obj
 .text.handle_config_friend_set
                0x0000000000020ce0       0x24 CMakeFiles/51_light_control_server.dir/__/__/__/mesh/models/config/src/config_server.c.obj
 .text.handle_config_friend_get
                0x0000000000020d04       0x24 CMakeFiles/51_light_control_server.dir/__/__/__/mesh/models/config/src/config_server.c.obj
 .text.handle_netkey_get
                0x0000000000020d28       0x6c CMakeFiles/51_light_control_server.dir/__/__/__/mesh/models/config/src/config_server.c.obj
 .text.handle_netkey_delete
                0x0000000000020d94       0x7c CMakeFiles/51_light_control_server.dir/__/__/__/mesh/models/config/src/config_server.c.obj
 .text.handle_model_app_bind_unbind
                0x0000000000020e10      0x16c CMakeFiles/51_light_control_server.dir/__/__/__/mesh/models/config/src/config_server.c.obj
 .text.handle_config_vendor_model_subscription_get
                0x0000000000020f7c      0x124 CMakeFiles/51_light_control_server.dir/__/__/__/mesh/models/config/src/config_server.c.obj
 .text.send_relay_status
                0x00000000000210a0       0x8c CMakeFiles/51_light_control_server.dir/__/__/__/mesh/models/config/src/config_server.c.obj
 .text.handle_config_relay_set
                0x000000000002112c       0xa0 CMakeFiles/51_light_control_server.dir/__/__/__/mesh/models/config/src/config_server.c.obj
 .text.handle_config_relay_get
                0x00000000000211cc       0x10 CMakeFiles/51_light_control_server.dir/__/__/__/mesh/models/config/src/config_server.c.obj
 .text.handle_config_model_subscription_virtual_address_add
                0x00000000000211dc      0x190 CMakeFiles/51_light_control_server.dir/__/__/__/mesh/models/config/src/config_server.c.obj
 .text.delete_all_subscriptions
                0x000000000002136c       0xa0 CMakeFiles/51_light_control_server.dir/__/__/__/mesh/models/config/src/config_server.c.obj
 .text.handle_config_model_subscription_virtual_address_overwrite
                0x000000000002140c      0x1c4 CMakeFiles/51_light_control_server.dir/__/__/__/mesh/models/config/src/config_server.c.obj
 .text.handle_config_model_subscription_delete_all
                0x00000000000215d0       0xfc CMakeFiles/51_light_control_server.dir/__/__/__/mesh/models/config/src/config_server.c.obj
 .text.handle_config_model_subscription_virtual_address_delete
                0x00000000000216cc      0x190 CMakeFiles/51_light_control_server.dir/__/__/__/mesh/models/config/src/config_server.c.obj
 .text.handle_config_model_subscription_delete
                0x000000000002185c      0x204 CMakeFiles/51_light_control_server.dir/__/__/__/mesh/models/config/src/config_server.c.obj
 .text.handle_config_model_subscription_overwrite
                0x0000000000021a60      0x1f0 CMakeFiles/51_light_control_server.dir/__/__/__/mesh/models/config/src/config_server.c.obj
 .text.handle_config_model_subscription_add
                0x0000000000021c50      0x1bc CMakeFiles/51_light_control_server.dir/__/__/__/mesh/models/config/src/config_server.c.obj
 .text.send_publication_status
                0x0000000000021e0c      0x1b0 CMakeFiles/51_light_control_server.dir/__/__/__/mesh/models/config/src/config_server.c.obj
 .text.handle_config_model_publication_get
                0x0000000000021fbc       0xa8 CMakeFiles/51_light_control_server.dir/__/__/__/mesh/models/config/src/config_server.c.obj
 .text.handle_config_default_ttl_getset
                0x0000000000022064       0x58 CMakeFiles/51_light_control_server.dir/__/__/__/mesh/models/config/src/config_server.c.obj
 .text.send_net_beacon_state
                0x00000000000220bc       0x2c CMakeFiles/51_light_control_server.dir/__/__/__/mesh/models/config/src/config_server.c.obj
 .text.handle_config_beacon_set
                0x00000000000220e8       0x2a CMakeFiles/51_light_control_server.dir/__/__/__/mesh/models/config/src/config_server.c.obj
 .text.handle_config_beacon_get
                0x0000000000022112       0x10 CMakeFiles/51_light_control_server.dir/__/__/__/mesh/models/config/src/config_server.c.obj
 *fill*         0x0000000000022122        0x2 
 .text.handle_composition_data_get
                0x0000000000022124       0x54 CMakeFiles/51_light_control_server.dir/__/__/__/mesh/models/config/src/config_server.c.obj
 .text.handle_appkey_get
                0x0000000000022178       0xc8 CMakeFiles/51_light_control_server.dir/__/__/__/mesh/models/config/src/config_server.c.obj
 .text.handle_appkey_delete
                0x0000000000022240       0x80 CMakeFiles/51_light_control_server.dir/__/__/__/mesh/models/config/src/config_server.c.obj
 .text.handle_config_model_publication_set
                0x00000000000222c0      0x2b8 CMakeFiles/51_light_control_server.dir/__/__/__/mesh/models/config/src/config_server.c.obj
 .text.handle_config_sig_model_subscription_get
                0x0000000000022578       0xfc CMakeFiles/51_light_control_server.dir/__/__/__/mesh/models/config/src/config_server.c.obj
 .text.handle_netkey_add_update
                0x0000000000022674       0xa0 CMakeFiles/51_light_control_server.dir/__/__/__/mesh/models/config/src/config_server.c.obj
 .text.handle_appkey_add_update
                0x0000000000022714       0xbc CMakeFiles/51_light_control_server.dir/__/__/__/mesh/models/config/src/config_server.c.obj
 .text.config_server_init
                0x00000000000227d0       0x54 CMakeFiles/51_light_control_server.dir/__/__/__/mesh/models/config/src/config_server.c.obj
                0x00000000000227d0                config_server_init
 .text.config_server_bind
                0x0000000000022824       0x14 CMakeFiles/51_light_control_server.dir/__/__/__/mesh/models/config/src/config_server.c.obj
                0x0000000000022824                config_server_bind
 .text.packed_index_list_size
                0x0000000000022838       0x12 CMakeFiles/51_light_control_server.dir/__/__/__/mesh/models/config/src/packed_index_list.c.obj
                0x0000000000022838                packed_index_list_size
 .text.packed_index_list_create
                0x000000000002284a       0x36 CMakeFiles/51_light_control_server.dir/__/__/__/mesh/models/config/src/packed_index_list.c.obj
                0x000000000002284a                packed_index_list_create
 .text.config_composition_data_get
                0x0000000000022880      0x1d8 CMakeFiles/51_light_control_server.dir/__/__/__/mesh/models/config/src/composition_data.c.obj
                0x0000000000022880                config_composition_data_get
 .text.sd_evt_get
                0x0000000000022a58        0x4 CMakeFiles/51_light_control_server.dir/__/__/nrf_mesh_sdk.c.obj
 .text.sd_ble_evt_get
                0x0000000000022a5c        0x4 CMakeFiles/51_light_control_server.dir/__/__/nrf_mesh_sdk.c.obj
 .text.sleep_forever
                0x0000000000022a60       0x24 CMakeFiles/51_light_control_server.dir/__/__/nrf_mesh_sdk.c.obj
 .text.app_error_handler
                0x0000000000022a84       0x88 CMakeFiles/51_light_control_server.dir/__/__/nrf_mesh_sdk.c.obj
                0x0000000000022a84                app_error_handler
 .text.HardFault_Handler
                0x0000000000022b0c       0x7c CMakeFiles/51_light_control_server.dir/__/__/nrf_mesh_sdk.c.obj
                0x0000000000022b0c                HardFault_Handler
 .text.SWI2_IRQHandler
                0x0000000000022b88       0x44 CMakeFiles/51_light_control_server.dir/__/__/nrf_mesh_sdk.c.obj
                0x0000000000022b88                SWI2_IRQHandler
 .text.hal_led_pin_get
                0x0000000000022bcc       0x1c CMakeFiles/51_light_control_server.dir/__/__/hal/src/simple_hal.c.obj
                0x0000000000022bcc                hal_led_pin_get
 .text.hal_led_pin_set
                0x0000000000022be8       0x28 CMakeFiles/51_light_control_server.dir/__/__/hal/src/simple_hal.c.obj
                0x0000000000022be8                hal_led_pin_set
 .text.hal_led_blink_ms
                0x0000000000022c10       0x5c CMakeFiles/51_light_control_server.dir/__/__/hal/src/simple_hal.c.obj
                0x0000000000022c10                hal_led_blink_ms
 .text.hal_leds_init
                0x0000000000022c6c       0x3c CMakeFiles/51_light_control_server.dir/__/__/hal/src/simple_hal.c.obj
                0x0000000000022c6c                hal_leds_init
 .text.rx_set_unreliable_cb
                0x0000000000022ca8       0x54 CMakeFiles/51_light_control_server.dir/__/__/models/simple_on_off/src/simple_on_off_server.c.obj
 .text.rx_get_cb
                0x0000000000022cfc       0x4c CMakeFiles/51_light_control_server.dir/__/__/models/simple_on_off/src/simple_on_off_server.c.obj
 .text.rx_set_cb
                0x0000000000022d48       0x88 CMakeFiles/51_light_control_server.dir/__/__/models/simple_on_off/src/simple_on_off_server.c.obj
 .text.simple_on_off_server_init
                0x0000000000022dd0       0x50 CMakeFiles/51_light_control_server.dir/__/__/models/simple_on_off/src/simple_on_off_server.c.obj
                0x0000000000022dd0                simple_on_off_server_init
 .text          0x0000000000022e20       0x4c CMakeFiles/51_light_control_server.dir/__/__/__/toolchain/gcc/gcc_startup_nrf51.S.obj
                0x0000000000022e20                Reset_Handler
                0x0000000000022e60                NMI_Handler
                0x0000000000022e64                SVC_Handler
                0x0000000000022e66                PendSV_Handler
                0x0000000000022e68                SysTick_Handler
                0x0000000000022e6a                TIMER2_IRQHandler
                0x0000000000022e6a                SPI0_TWI0_IRQHandler
                0x0000000000022e6a                RTC0_IRQHandler
                0x0000000000022e6a                GPIOTE_IRQHandler
                0x0000000000022e6a                POWER_CLOCK_IRQHandler
                0x0000000000022e6a                RADIO_IRQHandler
                0x0000000000022e6a                LPCOMP_IRQHandler
                0x0000000000022e6a                SWI4_IRQHandler
                0x0000000000022e6a                TEMP_IRQHandler
                0x0000000000022e6a                UART0_IRQHandler
                0x0000000000022e6a                SWI5_IRQHandler
                0x0000000000022e6a                TIMER0_IRQHandler
                0x0000000000022e6a                SWI0_IRQHandler
                0x0000000000022e6a                TIMER1_IRQHandler
                0x0000000000022e6a                ECB_IRQHandler
                0x0000000000022e6a                Default_Handler
                0x0000000000022e6a                ADC_IRQHandler
                0x0000000000022e6a                SWI3_IRQHandler
                0x0000000000022e6a                CCM_AAR_IRQHandler
                0x0000000000022e6a                WDT_IRQHandler
                0x0000000000022e6a                RNG_IRQHandler
                0x0000000000022e6a                SPI1_TWI1_IRQHandler
                0x0000000000022e6a                RTC1_IRQHandler
                0x0000000000022e6a                SWI1_IRQHandler
 .text.SystemInit
                0x0000000000022e6c      0x104 CMakeFiles/51_light_control_server.dir/__/__/__/toolchain/system_nrf51.c.obj
                0x0000000000022e6c                SystemInit
 .text.complete_provisioning
                0x0000000000022f70       0x74 ../../../mesh/lib_51_MBTLE_PB_ADV_EE.a(prov_provisionee.c.obj)
 .text.prov_provisionee_cb_link_closed
                0x0000000000022fe4       0x38 ../../../mesh/lib_51_MBTLE_PB_ADV_EE.a(prov_provisionee.c.obj)
 .text.prov_provisionee_cb_link_established
                0x000000000002301c       0x20 ../../../mesh/lib_51_MBTLE_PB_ADV_EE.a(prov_provisionee.c.obj)
 .text.request_authentication
                0x000000000002303c       0xb4 ../../../mesh/lib_51_MBTLE_PB_ADV_EE.a(prov_provisionee.c.obj)
 .text.send_failed
                0x00000000000230f0       0x4c ../../../mesh/lib_51_MBTLE_PB_ADV_EE.a(prov_provisionee.c.obj)
 .text.start_authentication
                0x000000000002313c       0x6c ../../../mesh/lib_51_MBTLE_PB_ADV_EE.a(prov_provisionee.c.obj)
 .text.prov_provisionee_cb_ack_received
                0x00000000000231a8       0xcc ../../../mesh/lib_51_MBTLE_PB_ADV_EE.a(prov_provisionee.c.obj)
 .text.prov_provisionee_pkt_in
                0x0000000000023274      0x3b0 ../../../mesh/lib_51_MBTLE_PB_ADV_EE.a(prov_provisionee.c.obj)
 .text.prov_provisionee_init
                0x0000000000023624       0x4c ../../../mesh/lib_51_MBTLE_PB_ADV_EE.a(prov_provisionee.c.obj)
                0x0000000000023624                prov_provisionee_init
 .text.prov_provisionee_auth_data
                0x0000000000023670       0x90 ../../../mesh/lib_51_MBTLE_PB_ADV_EE.a(prov_provisionee.c.obj)
                0x0000000000023670                prov_provisionee_auth_data
 .text._weak_handler
                0x0000000000023700        0x4 ../../../mesh/lib_51_MBTLE_CORE.a(nrf_mesh_weak.c.obj)
                0x0000000000023700                nrf_mesh_dfu_init
                0x0000000000023700                nrf_mesh_dfu_jump_to_bootloader
                0x0000000000023700                prov_provisioner_cb_link_established
                0x0000000000023700                nrf_mesh_dfu_rx
                0x0000000000023700                prov_provisionee_pkt_in
                0x0000000000023700                prov_provisioner_provision
                0x0000000000023700                prov_provisioner_cb_ack_received
                0x0000000000023700                nrf_mesh_dfu_bank_info_get
                0x0000000000023700                prov_provisionee_cb_ack_received
                0x0000000000023700                prov_provisioner_oob_pubkey
                0x0000000000023700                nrf_mesh_dfu_request
                0x0000000000023700                nrf_mesh_dfu_bank_flash
                0x0000000000023700                _weak_handler
                0x0000000000023700                prov_provisioner_pkt_in
                0x0000000000023700                prov_provisioner_init
                0x0000000000023700                nrf_mesh_dfu_relay
                0x0000000000023700                prov_provisionee_accept
                0x0000000000023700                nrf_mesh_dfu_abort
                0x0000000000023700                nrf_mesh_dfu_state_get
                0x0000000000023700                prov_provisioner_shared_secret
                0x0000000000023700                prov_provisioner_auth_data
                0x0000000000023700                prov_provisioner_oob_use
 .text.is_valid_gap_addr
                0x0000000000023704       0x7c ../../../mesh/lib_51_MBTLE_CORE.a(bearer_adv.c.obj)
 .text.packet_tx
                0x0000000000023780       0xaa ../../../mesh/lib_51_MBTLE_CORE.a(bearer_adv.c.obj)
 *fill*         0x000000000002382a        0x2 
 .text.scan_order
                0x000000000002382c       0xb0 ../../../mesh/lib_51_MBTLE_CORE.a(bearer_adv.c.obj)
 .text.radio_idle_cb
                0x00000000000238dc       0x18 ../../../mesh/lib_51_MBTLE_CORE.a(bearer_adv.c.obj)
 .text.scan_begin_timer_cb
                0x00000000000238f4       0x44 ../../../mesh/lib_51_MBTLE_CORE.a(bearer_adv.c.obj)
 .text.radio_tx_cb
                0x0000000000023938       0x34 ../../../mesh/lib_51_MBTLE_CORE.a(bearer_adv.c.obj)
 .text.tx_event_send
                0x000000000002396c       0x22 ../../../mesh/lib_51_MBTLE_CORE.a(bearer_adv.c.obj)
 *fill*         0x000000000002398e        0x2 
 .text.radio_rx_cb
                0x0000000000023990       0x44 ../../../mesh/lib_51_MBTLE_CORE.a(bearer_adv.c.obj)
 .text.adv_evt_timeout
                0x00000000000239d4      0x168 ../../../mesh/lib_51_MBTLE_CORE.a(bearer_adv.c.obj)
 .text.next_adv_schedule
                0x0000000000023b3c       0x80 ../../../mesh/lib_51_MBTLE_CORE.a(bearer_adv.c.obj)
 .text.scan_end_timer_cb
                0x0000000000023bbc       0x14 ../../../mesh/lib_51_MBTLE_CORE.a(bearer_adv.c.obj)
 .text.bearer_adv_advertiser_init
                0x0000000000023bd0      0x13c ../../../mesh/lib_51_MBTLE_CORE.a(bearer_adv.c.obj)
                0x0000000000023bd0                bearer_adv_advertiser_init
 .text.bearer_adv_reconfig
                0x0000000000023d0c       0x50 ../../../mesh/lib_51_MBTLE_CORE.a(bearer_adv.c.obj)
                0x0000000000023d0c                bearer_adv_reconfig
 .text.bearer_adv_opt_get
                0x0000000000023d5c       0xd8 ../../../mesh/lib_51_MBTLE_CORE.a(bearer_adv.c.obj)
                0x0000000000023d5c                bearer_adv_opt_get
 .text.bearer_adv_tx
                0x0000000000023e34       0x58 ../../../mesh/lib_51_MBTLE_CORE.a(bearer_adv.c.obj)
                0x0000000000023e34                bearer_adv_tx
 .text.bearer_adv_adv_stop
                0x0000000000023e8c       0x1a ../../../mesh/lib_51_MBTLE_CORE.a(bearer_adv.c.obj)
                0x0000000000023e8c                bearer_adv_adv_stop
 .text.bearer_adv_adv_start
                0x0000000000023ea6       0x26 ../../../mesh/lib_51_MBTLE_CORE.a(bearer_adv.c.obj)
                0x0000000000023ea6                bearer_adv_adv_start
 .text.bearer_adv_flush_tx
                0x0000000000023ecc       0x56 ../../../mesh/lib_51_MBTLE_CORE.a(bearer_adv.c.obj)
                0x0000000000023ecc                bearer_adv_flush_tx
 .text.bearer_adv_interval_reset
                0x0000000000023f22       0x30 ../../../mesh/lib_51_MBTLE_CORE.a(bearer_adv.c.obj)
                0x0000000000023f22                bearer_adv_interval_reset
 *fill*         0x0000000000023f52        0x2 
 .text.bearer_adv_scan_start
                0x0000000000023f54       0x60 ../../../mesh/lib_51_MBTLE_CORE.a(bearer_adv.c.obj)
                0x0000000000023f54                bearer_adv_scan_start
 .text.bearer_adv_opt_set
                0x0000000000023fb4      0x124 ../../../mesh/lib_51_MBTLE_CORE.a(bearer_adv.c.obj)
                0x0000000000023fb4                bearer_adv_opt_set
 .text.bearer_adv_gap_type_set
                0x00000000000240d8       0x60 ../../../mesh/lib_51_MBTLE_CORE.a(bearer_adv.c.obj)
                0x00000000000240d8                bearer_adv_gap_type_set
 .text.bearer_adv_addr_get
                0x0000000000024138       0x28 ../../../mesh/lib_51_MBTLE_CORE.a(bearer_adv.c.obj)
                0x0000000000024138                bearer_adv_addr_get
 .text.bearer_adv_addr_default_set
                0x0000000000024160       0x30 ../../../mesh/lib_51_MBTLE_CORE.a(bearer_adv.c.obj)
                0x0000000000024160                bearer_adv_addr_default_set
 .text.bearer_adv_init
                0x0000000000024190       0xf4 ../../../mesh/lib_51_MBTLE_CORE.a(bearer_adv.c.obj)
                0x0000000000024190                bearer_adv_init
 .text.fifo_init
                0x0000000000024284       0x60 ../../../mesh/lib_51_MBTLE_CORE.a(fifo.c.obj)
                0x0000000000024284                fifo_init
 .text.fifo_push
                0x00000000000242e4       0x64 ../../../mesh/lib_51_MBTLE_CORE.a(fifo.c.obj)
                0x00000000000242e4                fifo_push
 .text.fifo_pop
                0x0000000000024348       0x62 ../../../mesh/lib_51_MBTLE_CORE.a(fifo.c.obj)
                0x0000000000024348                fifo_pop
 .text.fifo_peek_at
                0x00000000000243aa       0x62 ../../../mesh/lib_51_MBTLE_CORE.a(fifo.c.obj)
                0x00000000000243aa                fifo_peek_at
 .text.fifo_peek
                0x000000000002440c        0xa ../../../mesh/lib_51_MBTLE_CORE.a(fifo.c.obj)
                0x000000000002440c                fifo_peek
 .text.fifo_get_len
                0x0000000000024416        0x8 ../../../mesh/lib_51_MBTLE_CORE.a(fifo.c.obj)
                0x0000000000024416                fifo_get_len
 .text.fifo_is_empty
                0x000000000002441e        0xe ../../../mesh/lib_51_MBTLE_CORE.a(fifo.c.obj)
                0x000000000002441e                fifo_is_empty
 .text.packet_mgr_init
                0x000000000002442c       0x5c ../../../mesh/lib_51_MBTLE_CORE.a(packet_mgr.c.obj)
                0x000000000002442c                packet_mgr_init
 .text.packet_mgr_alloc
                0x0000000000024488      0x1f4 ../../../mesh/lib_51_MBTLE_CORE.a(packet_mgr.c.obj)
                0x0000000000024488                packet_mgr_alloc
 .text.packet_mgr_free
                0x000000000002467c       0x74 ../../../mesh/lib_51_MBTLE_CORE.a(packet_mgr.c.obj)
                0x000000000002467c                packet_mgr_free
 .text.radio_init
                0x00000000000246f0       0x60 ../../../mesh/lib_51_MBTLE_CORE.a(radio.c.obj)
                0x00000000000246f0                radio_init
 .text.radio_mode_set
                0x0000000000024750       0x14 ../../../mesh/lib_51_MBTLE_CORE.a(radio.c.obj)
                0x0000000000024750                radio_mode_set
 .text.radio_access_addr_set
                0x0000000000024764        0xc ../../../mesh/lib_51_MBTLE_CORE.a(radio.c.obj)
                0x0000000000024764                radio_access_addr_set
 .text.radio_tx_power_set
                0x0000000000024770        0xc ../../../mesh/lib_51_MBTLE_CORE.a(radio.c.obj)
                0x0000000000024770                radio_tx_power_set
 .text.radio_mode_get
                0x000000000002477c        0xc ../../../mesh/lib_51_MBTLE_CORE.a(radio.c.obj)
                0x000000000002477c                radio_mode_get
 .text.radio_access_addr_get
                0x0000000000024788        0xc ../../../mesh/lib_51_MBTLE_CORE.a(radio.c.obj)
                0x0000000000024788                radio_access_addr_get
 .text.radio_tx_power_get
                0x0000000000024794        0xc ../../../mesh/lib_51_MBTLE_CORE.a(radio.c.obj)
                0x0000000000024794                radio_tx_power_get
 .text.radio_order
                0x00000000000247a0      0x13c ../../../mesh/lib_51_MBTLE_CORE.a(radio.c.obj)
                0x00000000000247a0                radio_order
 .text.radio_invoke
                0x00000000000248dc       0x28 ../../../mesh/lib_51_MBTLE_CORE.a(radio.c.obj)
                0x00000000000248dc                radio_invoke
 .text.radio_stop
                0x0000000000024904       0x28 ../../../mesh/lib_51_MBTLE_CORE.a(radio.c.obj)
                0x0000000000024904                radio_stop
 .text.purge_preemptable
                0x000000000002492c       0x7c ../../../mesh/lib_51_MBTLE_CORE.a(radio.c.obj)
 .text.radio_preemptable_cancel
                0x00000000000249a8       0x2c ../../../mesh/lib_51_MBTLE_CORE.a(radio.c.obj)
                0x00000000000249a8                radio_preemptable_cancel
 .text.radio_event_handler
                0x00000000000249d4      0x134 ../../../mesh/lib_51_MBTLE_CORE.a(radio.c.obj)
                0x00000000000249d4                radio_event_handler
 .text.radio_on_ts_begin
                0x0000000000024b08       0x50 ../../../mesh/lib_51_MBTLE_CORE.a(radio.c.obj)
                0x0000000000024b08                radio_on_ts_begin
 .text.radio_on_ts_end
                0x0000000000024b58        0x8 ../../../mesh/lib_51_MBTLE_CORE.a(radio.c.obj)
                0x0000000000024b58                radio_on_ts_end
 .text.timer_order_cb
                0x0000000000024b60       0x9c ../../../mesh/lib_51_MBTLE_CORE.a(timer.c.obj)
                0x0000000000024b60                timer_order_cb
 .text.timer_abort
                0x0000000000024bfc       0x8c ../../../mesh/lib_51_MBTLE_CORE.a(timer.c.obj)
                0x0000000000024bfc                timer_abort
 .text.timer_now
                0x0000000000024c88       0x58 ../../../mesh/lib_51_MBTLE_CORE.a(timer.c.obj)
                0x0000000000024c88                timer_now
 .text.timer_event_handler
                0x0000000000024ce0       0xa0 ../../../mesh/lib_51_MBTLE_CORE.a(timer.c.obj)
                0x0000000000024ce0                timer_event_handler
 .text.timer_on_ts_begin
                0x0000000000024d80      0x138 ../../../mesh/lib_51_MBTLE_CORE.a(timer.c.obj)
                0x0000000000024d80                timer_on_ts_begin
 .text.timer_on_ts_end
                0x0000000000024eb8       0x48 ../../../mesh/lib_51_MBTLE_CORE.a(timer.c.obj)
                0x0000000000024eb8                timer_on_ts_end
 .text.add_evt  0x0000000000024f00       0x90 ../../../mesh/lib_51_MBTLE_CORE.a(timer_scheduler.c.obj)
 .text.process_add_list
                0x0000000000024f90       0x50 ../../../mesh/lib_51_MBTLE_CORE.a(timer_scheduler.c.obj)
 .text.process_dirty_events
                0x0000000000024fe0       0xb8 ../../../mesh/lib_51_MBTLE_CORE.a(timer_scheduler.c.obj)
 .text.flag_event_cb
                0x0000000000025098      0x138 ../../../mesh/lib_51_MBTLE_CORE.a(timer_scheduler.c.obj)
 .text.timer_cb
                0x00000000000251d0       0x10 ../../../mesh/lib_51_MBTLE_CORE.a(timer_scheduler.c.obj)
 .text.timer_sch_init
                0x00000000000251e0       0x24 ../../../mesh/lib_51_MBTLE_CORE.a(timer_scheduler.c.obj)
                0x00000000000251e0                timer_sch_init
 .text.timer_sch_schedule
                0x0000000000025204       0x94 ../../../mesh/lib_51_MBTLE_CORE.a(timer_scheduler.c.obj)
                0x0000000000025204                timer_sch_schedule
 .text.timer_sch_abort
                0x0000000000025298       0x6c ../../../mesh/lib_51_MBTLE_CORE.a(timer_scheduler.c.obj)
                0x0000000000025298                timer_sch_abort
 .text.timer_sch_reschedule
                0x0000000000025304       0xb4 ../../../mesh/lib_51_MBTLE_CORE.a(timer_scheduler.c.obj)
                0x0000000000025304                timer_sch_reschedule
 .text.beacon_init
                0x00000000000253b8       0x44 ../../../mesh/lib_51_MBTLE_CORE.a(beacon.c.obj)
                0x00000000000253b8                beacon_init
 .text.beacon_create
                0x00000000000253fc       0x5e ../../../mesh/lib_51_MBTLE_CORE.a(beacon.c.obj)
                0x00000000000253fc                beacon_create
 *fill*         0x000000000002545a        0x2 
 .text.beacon_tx
                0x000000000002545c       0x48 ../../../mesh/lib_51_MBTLE_CORE.a(beacon.c.obj)
                0x000000000002545c                beacon_tx
 .text.beacon_pkt_in
                0x00000000000254a4      0x19c ../../../mesh/lib_51_MBTLE_CORE.a(beacon.c.obj)
                0x00000000000254a4                beacon_pkt_in
 .text.bearer_rx_cb
                0x0000000000025640      0x3a0 ../../../mesh/lib_51_MBTLE_CORE.a(bearer.c.obj)
 .text.bearer_init
                0x00000000000259e0       0x68 ../../../mesh/lib_51_MBTLE_CORE.a(bearer.c.obj)
                0x00000000000259e0                bearer_init
 .text.bearer_adtype_filtering_set
                0x0000000000025a48        0xc ../../../mesh/lib_51_MBTLE_CORE.a(bearer.c.obj)
                0x0000000000025a48                bearer_adtype_filtering_set
 .text.bearer_adtype_add
                0x0000000000025a54       0x1c ../../../mesh/lib_51_MBTLE_CORE.a(bearer.c.obj)
                0x0000000000025a54                bearer_adtype_add
 .text.bearer_adtype_remove
                0x0000000000025a70       0x1c ../../../mesh/lib_51_MBTLE_CORE.a(bearer.c.obj)
                0x0000000000025a70                bearer_adtype_remove
 .text.bearer_enable
                0x0000000000025a8c        0xa ../../../mesh/lib_51_MBTLE_CORE.a(bearer.c.obj)
                0x0000000000025a8c                bearer_enable
 *fill*         0x0000000000025a96        0x2 
 .text.bearer_tx
                0x0000000000025a98       0x50 ../../../mesh/lib_51_MBTLE_CORE.a(bearer.c.obj)
                0x0000000000025a98                bearer_tx
 .text.bearer_rx
                0x0000000000025ae8       0x3c ../../../mesh/lib_51_MBTLE_CORE.a(bearer.c.obj)
                0x0000000000025ae8                bearer_rx
 .text.evt_push
                0x0000000000025b24       0x28 ../../../mesh/lib_51_MBTLE_CORE.a(bearer_event.c.obj)
 .text.QDEC_IRQHandler
                0x0000000000025b4c       0xb4 ../../../mesh/lib_51_MBTLE_CORE.a(bearer_event.c.obj)
                0x0000000000025b4c                QDEC_IRQHandler
 .text.bearer_event_init
                0x0000000000025c00       0x40 ../../../mesh/lib_51_MBTLE_CORE.a(bearer_event.c.obj)
                0x0000000000025c00                bearer_event_init
 .text.bearer_event_generic_post
                0x0000000000025c40       0x38 ../../../mesh/lib_51_MBTLE_CORE.a(bearer_event.c.obj)
                0x0000000000025c40                bearer_event_generic_post
 .text.bearer_event_timer_post
                0x0000000000025c78       0x38 ../../../mesh/lib_51_MBTLE_CORE.a(bearer_event.c.obj)
                0x0000000000025c78                bearer_event_timer_post
 .text.bearer_event_critical_section_begin
                0x0000000000025cb0       0x48 ../../../mesh/lib_51_MBTLE_CORE.a(bearer_event.c.obj)
                0x0000000000025cb0                bearer_event_critical_section_begin
 .text.bearer_event_critical_section_end
                0x0000000000025cf8       0x50 ../../../mesh/lib_51_MBTLE_CORE.a(bearer_event.c.obj)
                0x0000000000025cf8                bearer_event_critical_section_end
 .text.bearer_event_flag_add
                0x0000000000025d48       0x58 ../../../mesh/lib_51_MBTLE_CORE.a(bearer_event.c.obj)
                0x0000000000025d48                bearer_event_flag_add
 .text.bearer_event_flag_set
                0x0000000000025da0       0x5c ../../../mesh/lib_51_MBTLE_CORE.a(bearer_event.c.obj)
                0x0000000000025da0                bearer_event_flag_set
 .text.nrf_mesh_configure_device_uuid_reset
                0x0000000000025dfc       0x28 ../../../mesh/lib_51_MBTLE_CORE.a(nrf_mesh_configure.c.obj)
                0x0000000000025dfc                nrf_mesh_configure_device_uuid_reset
 .text.nrf_mesh_configure_device_uuid_get
                0x0000000000025e24        0x8 ../../../mesh/lib_51_MBTLE_CORE.a(nrf_mesh_configure.c.obj)
                0x0000000000025e24                nrf_mesh_configure_device_uuid_get
 .text.enc_aes_encrypt
                0x0000000000025e2c        0x8 ../../../mesh/lib_51_MBTLE_CORE.a(enc.c.obj)
                0x0000000000025e2c                enc_aes_encrypt
 .text.enc_aes_cmac
                0x0000000000025e34        0x8 ../../../mesh/lib_51_MBTLE_CORE.a(enc.c.obj)
                0x0000000000025e34                enc_aes_cmac
 .text.enc_aes_ccm_encrypt
                0x0000000000025e3c        0x8 ../../../mesh/lib_51_MBTLE_CORE.a(enc.c.obj)
                0x0000000000025e3c                enc_aes_ccm_encrypt
 .text.enc_aes_ccm_decrypt
                0x0000000000025e44        0x8 ../../../mesh/lib_51_MBTLE_CORE.a(enc.c.obj)
                0x0000000000025e44                enc_aes_ccm_decrypt
 .text.enc_nonce_generate
                0x0000000000025e4c       0xcc ../../../mesh/lib_51_MBTLE_CORE.a(enc.c.obj)
                0x0000000000025e4c                enc_nonce_generate
 .text.enc_s1   0x0000000000025f18       0x44 ../../../mesh/lib_51_MBTLE_CORE.a(enc.c.obj)
                0x0000000000025f18                enc_s1
 .text.enc_k1   0x0000000000025f5c       0x58 ../../../mesh/lib_51_MBTLE_CORE.a(enc.c.obj)
                0x0000000000025f5c                enc_k1
 .text.enc_k2   0x0000000000025fb4       0xfc ../../../mesh/lib_51_MBTLE_CORE.a(enc.c.obj)
                0x0000000000025fb4                enc_k2
 .text.enc_k3   0x00000000000260b0       0x68 ../../../mesh/lib_51_MBTLE_CORE.a(enc.c.obj)
                0x00000000000260b0                enc_k3
 .text.enc_k4   0x0000000000026118       0x64 ../../../mesh/lib_51_MBTLE_CORE.a(enc.c.obj)
                0x0000000000026118                enc_k4
 .text.event_handle
                0x000000000002617c       0x38 ../../../mesh/lib_51_MBTLE_CORE.a(event.c.obj)
                0x000000000002617c                event_handle
 .text.event_handler_add
                0x00000000000261b4       0x98 ../../../mesh/lib_51_MBTLE_CORE.a(event.c.obj)
                0x00000000000261b4                event_handler_add
 .text.event_handler_remove
                0x000000000002624c       0x7c ../../../mesh/lib_51_MBTLE_CORE.a(event.c.obj)
                0x000000000002624c                event_handler_remove
 .text.log_callback_rtt
                0x00000000000262c8       0x2c ../../../mesh/lib_51_MBTLE_CORE.a(log.c.obj)
                0x00000000000262c8                log_callback_rtt
 .text.log_init
                0x00000000000262f4       0x1c ../../../mesh/lib_51_MBTLE_CORE.a(log.c.obj)
                0x00000000000262f4                log_init
 .text.log_vprintf
                0x0000000000026310       0x20 ../../../mesh/lib_51_MBTLE_CORE.a(log.c.obj)
                0x0000000000026310                log_vprintf
 .text.log_printf
                0x0000000000026330       0x16 ../../../mesh/lib_51_MBTLE_CORE.a(log.c.obj)
                0x0000000000026330                log_printf
 *fill*         0x0000000000026346        0x2 
 .text.network_beacon_tx_cb
                0x0000000000026348      0x124 ../../../mesh/lib_51_MBTLE_CORE.a(net_beacon.c.obj)
 .text.net_beacon_init
                0x000000000002646c       0x60 ../../../mesh/lib_51_MBTLE_CORE.a(net_beacon.c.obj)
                0x000000000002646c                net_beacon_init
 .text.net_beacon_state_set
                0x00000000000264cc       0x40 ../../../mesh/lib_51_MBTLE_CORE.a(net_beacon.c.obj)
                0x00000000000264cc                net_beacon_state_set
 .text.net_beacon_state_get
                0x000000000002650c        0xc ../../../mesh/lib_51_MBTLE_CORE.a(net_beacon.c.obj)
                0x000000000002650c                net_beacon_state_get
 .text.net_beacon_pkt_in
                0x0000000000026518       0xe8 ../../../mesh/lib_51_MBTLE_CORE.a(net_beacon.c.obj)
                0x0000000000026518                net_beacon_pkt_in
 .text.flash_mem_available
                0x0000000000026600       0x20 ../../../mesh/lib_51_MBTLE_CORE.a(net_state.c.obj)
 .text.flash_store_iv_index
                0x0000000000026620       0x34 ../../../mesh/lib_51_MBTLE_CORE.a(net_state.c.obj)
 .text.seqnum_block_allocate
                0x0000000000026654       0x54 ../../../mesh/lib_51_MBTLE_CORE.a(net_state.c.obj)
 .text.flash_write_complete
                0x00000000000266a8       0x84 ../../../mesh/lib_51_MBTLE_CORE.a(net_state.c.obj)
 .text.net_state_recover_from_flash
                0x000000000002672c       0x98 ../../../mesh/lib_51_MBTLE_CORE.a(net_state.c.obj)
                0x000000000002672c                net_state_recover_from_flash
 .text.net_state_flash_area_get
                0x00000000000267c4       0x14 ../../../mesh/lib_51_MBTLE_CORE.a(net_state.c.obj)
                0x00000000000267c4                net_state_flash_area_get
 .text.init_flash_storage
                0x00000000000267d8       0x44 ../../../mesh/lib_51_MBTLE_CORE.a(net_state.c.obj)
 .text.net_state_init
                0x000000000002681c       0x48 ../../../mesh/lib_51_MBTLE_CORE.a(net_state.c.obj)
                0x000000000002681c                net_state_init
 .text.net_state_iv_update_start
                0x0000000000026864       0x70 ../../../mesh/lib_51_MBTLE_CORE.a(net_state.c.obj)
                0x0000000000026864                net_state_iv_update_start
 .text.iv_update_trigger_if_pending
                0x00000000000268d4       0x98 ../../../mesh/lib_51_MBTLE_CORE.a(net_state.c.obj)
 .text.iv_update_timer_handler
                0x000000000002696c       0x8c ../../../mesh/lib_51_MBTLE_CORE.a(net_state.c.obj)
 .text.net_state_seqnum_alloc
                0x00000000000269f8       0x74 ../../../mesh/lib_51_MBTLE_CORE.a(net_state.c.obj)
                0x00000000000269f8                net_state_seqnum_alloc
 .text.net_state_iv_index_lock
                0x0000000000026a6c       0x5c ../../../mesh/lib_51_MBTLE_CORE.a(net_state.c.obj)
                0x0000000000026a6c                net_state_iv_index_lock
 .text.net_state_beacon_received
                0x0000000000026ac8       0xc0 ../../../mesh/lib_51_MBTLE_CORE.a(net_state.c.obj)
                0x0000000000026ac8                net_state_beacon_received
 .text.net_state_beacon_iv_index_get
                0x0000000000026b88        0xc ../../../mesh/lib_51_MBTLE_CORE.a(net_state.c.obj)
                0x0000000000026b88                net_state_beacon_iv_index_get
 .text.net_state_tx_iv_index_get
                0x0000000000026b94       0x1c ../../../mesh/lib_51_MBTLE_CORE.a(net_state.c.obj)
                0x0000000000026b94                net_state_tx_iv_index_get
 .text.net_state_rx_iv_index_get
                0x0000000000026bb0       0x18 ../../../mesh/lib_51_MBTLE_CORE.a(net_state.c.obj)
                0x0000000000026bb0                net_state_rx_iv_index_get
 .text.net_state_iv_update_get
                0x0000000000026bc8        0xc ../../../mesh/lib_51_MBTLE_CORE.a(net_state.c.obj)
                0x0000000000026bc8                net_state_iv_update_get
 .text.sd_softdevice_is_enabled
                0x0000000000026bd4        0x4 ../../../mesh/lib_51_MBTLE_CORE.a(nrf_mesh.c.obj)
 .text.nrf_mesh_init
                0x0000000000026bd8       0xb0 ../../../mesh/lib_51_MBTLE_CORE.a(nrf_mesh.c.obj)
                0x0000000000026bd8                nrf_mesh_init
 .text.nrf_mesh_enable
                0x0000000000026c88       0x4c ../../../mesh/lib_51_MBTLE_CORE.a(nrf_mesh.c.obj)
                0x0000000000026c88                nrf_mesh_enable
 .text.nrf_mesh_packet_send
                0x0000000000026cd4       0x54 ../../../mesh/lib_51_MBTLE_CORE.a(nrf_mesh.c.obj)
                0x0000000000026cd4                nrf_mesh_packet_send
 .text.nrf_mesh_process
                0x0000000000026d28      0x23c ../../../mesh/lib_51_MBTLE_CORE.a(nrf_mesh.c.obj)
                0x0000000000026d28                nrf_mesh_process
 .text.nrf_mesh_on_ble_evt
                0x0000000000026f64        0x4 ../../../mesh/lib_51_MBTLE_CORE.a(nrf_mesh.c.obj)
                0x0000000000026f64                nrf_mesh_on_ble_evt
 .text.nrf_mesh_on_sd_evt
                0x0000000000026f68        0xa ../../../mesh/lib_51_MBTLE_CORE.a(nrf_mesh.c.obj)
                0x0000000000026f68                nrf_mesh_on_sd_evt
 .text.nrf_mesh_evt_handler_add
                0x0000000000026f72        0x8 ../../../mesh/lib_51_MBTLE_CORE.a(nrf_mesh.c.obj)
                0x0000000000026f72                nrf_mesh_evt_handler_add
 .text.nrf_mesh_evt_handler_remove
                0x0000000000026f7a        0x8 ../../../mesh/lib_51_MBTLE_CORE.a(nrf_mesh.c.obj)
                0x0000000000026f7a                nrf_mesh_evt_handler_remove
 .text.nrf_mesh_keygen_aid
                0x0000000000026f82       0x1a ../../../mesh/lib_51_MBTLE_CORE.a(nrf_mesh_keygen.c.obj)
                0x0000000000026f82                nrf_mesh_keygen_aid
 .text.nrf_mesh_keygen_network_secmat
                0x0000000000026f9c       0x2a ../../../mesh/lib_51_MBTLE_CORE.a(nrf_mesh_keygen.c.obj)
                0x0000000000026f9c                nrf_mesh_keygen_network_secmat
 *fill*         0x0000000000026fc6        0x2 
 .text.nrf_mesh_keygen_beacon_secmat
                0x0000000000026fc8       0x58 ../../../mesh/lib_51_MBTLE_CORE.a(nrf_mesh_keygen.c.obj)
                0x0000000000026fc8                nrf_mesh_keygen_beacon_secmat
 .text.nrf_mesh_keygen_virtual_address
                0x0000000000027020       0x54 ../../../mesh/lib_51_MBTLE_CORE.a(nrf_mesh_keygen.c.obj)
                0x0000000000027020                nrf_mesh_keygen_virtual_address
 .text.nrf_mesh_address_type_get
                0x0000000000027074       0x14 ../../../mesh/lib_51_MBTLE_CORE.a(nrf_mesh_utils.c.obj)
                0x0000000000027074                nrf_mesh_address_type_get
 .text.nrf_mesh_gap_address_type_get
                0x0000000000027088       0x48 ../../../mesh/lib_51_MBTLE_CORE.a(nrf_mesh_utils.c.obj)
                0x0000000000027088                nrf_mesh_gap_address_type_get
 .text.nrf_mesh_opt_set
                0x00000000000270d0       0x4e ../../../mesh/lib_51_MBTLE_CORE.a(nrf_mesh_opt.c.obj)
                0x00000000000270d0                nrf_mesh_opt_set
 .text.nrf_mesh_opt_get
                0x000000000002711e       0x4e ../../../mesh/lib_51_MBTLE_CORE.a(nrf_mesh_opt.c.obj)
                0x000000000002711e                nrf_mesh_opt_get
 .text.radio_config_reset
                0x000000000002716c       0x48 ../../../mesh/lib_51_MBTLE_CORE.a(radio_config.c.obj)
                0x000000000002716c                radio_config_reset
 .text.radio_config_channel_set
                0x00000000000271b4       0x40 ../../../mesh/lib_51_MBTLE_CORE.a(radio_config.c.obj)
                0x00000000000271b4                radio_config_channel_set
 .text.radio_config_config
                0x00000000000271f4       0xd8 ../../../mesh/lib_51_MBTLE_CORE.a(radio_config.c.obj)
                0x00000000000271f4                radio_config_config
 .text.sd_rand_application_bytes_available_get
                0x00000000000272cc        0x4 ../../../mesh/lib_51_MBTLE_CORE.a(rand.c.obj)
 .text.sd_rand_application_vector_get
                0x00000000000272d0        0x4 ../../../mesh/lib_51_MBTLE_CORE.a(rand.c.obj)
 .text.rand_prng_get
                0x00000000000272d4       0x2e ../../../mesh/lib_51_MBTLE_CORE.a(rand.c.obj)
                0x00000000000272d4                rand_prng_get
 *fill*         0x0000000000027302        0x2 
 .text.rand_hw_rng_get
                0x0000000000027304       0x64 ../../../mesh/lib_51_MBTLE_CORE.a(rand.c.obj)
                0x0000000000027304                rand_hw_rng_get
 .text.rand_prng_seed
                0x0000000000027368       0x34 ../../../mesh/lib_51_MBTLE_CORE.a(rand.c.obj)
                0x0000000000027368                rand_prng_seed
 .text.timer_cb
                0x000000000002739c       0x10 ../../../mesh/lib_51_MBTLE_CORE.a(ticker.c.obj)
 .text.ticker_init
                0x00000000000273ac       0x38 ../../../mesh/lib_51_MBTLE_CORE.a(ticker.c.obj)
                0x00000000000273ac                ticker_init
 .text.packet_mesh_trs_seq_auth_get
                0x00000000000273e4       0x40 ../../../mesh/lib_51_MBTLE_CORE.a(transport.c.obj)
 .text.trs_sar_ack_timeout_cb
                0x0000000000027424       0x18 ../../../mesh/lib_51_MBTLE_CORE.a(transport.c.obj)
 .text.trs_sar_tx_timeout_cb
                0x000000000002743c        0xc ../../../mesh/lib_51_MBTLE_CORE.a(transport.c.obj)
 .text.trs_sar_session_next_timeout_get
                0x0000000000027448       0x6c ../../../mesh/lib_51_MBTLE_CORE.a(transport.c.obj)
 .text.m_send_sar_cancel_event
                0x00000000000274b4       0x26 ../../../mesh/lib_51_MBTLE_CORE.a(transport.c.obj)
 .text.m_send_replay_cache_full_event
                0x00000000000274da       0x2e ../../../mesh/lib_51_MBTLE_CORE.a(transport.c.obj)
 .text.test_transport_decrypt
                0x0000000000027508       0xa8 ../../../mesh/lib_51_MBTLE_CORE.a(transport.c.obj)
 .text.trs_sar_drop_session
                0x00000000000275b0      0x12c ../../../mesh/lib_51_MBTLE_CORE.a(transport.c.obj)
 .text.trs_sar_session_cb
                0x00000000000276dc       0xa8 ../../../mesh/lib_51_MBTLE_CORE.a(transport.c.obj)
 .text.trs_sar_pkt_ack
                0x0000000000027784      0x154 ../../../mesh/lib_51_MBTLE_CORE.a(transport.c.obj)
 .text.sar_segment_send
                0x00000000000278d8      0x19c ../../../mesh/lib_51_MBTLE_CORE.a(transport.c.obj)
 .text.trs_sar_session_timer_order
                0x0000000000027a74       0x34 ../../../mesh/lib_51_MBTLE_CORE.a(transport.c.obj)
 .text.trs_sar_pkt_decrypt
                0x0000000000027aa8      0x4c4 ../../../mesh/lib_51_MBTLE_CORE.a(transport.c.obj)
                0x0000000000027aa8                trs_sar_pkt_decrypt
 .text.transport_sar_mem_funcs_reset
                0x0000000000027f6c       0x2c ../../../mesh/lib_51_MBTLE_CORE.a(transport.c.obj)
                0x0000000000027f6c                transport_sar_mem_funcs_reset
 .text.transport_init
                0x0000000000027f98       0xb8 ../../../mesh/lib_51_MBTLE_CORE.a(transport.c.obj)
                0x0000000000027f98                transport_init
 .text.transport_sar_mem_funcs_set
                0x0000000000028050       0x44 ../../../mesh/lib_51_MBTLE_CORE.a(transport.c.obj)
                0x0000000000028050                transport_sar_mem_funcs_set
 .text.transport_pkt_in
                0x0000000000028094     0x1168 ../../../mesh/lib_51_MBTLE_CORE.a(transport.c.obj)
                0x0000000000028094                transport_pkt_in
 .text.transport_sar_process
                0x00000000000291fc      0x510 ../../../mesh/lib_51_MBTLE_CORE.a(transport.c.obj)
                0x00000000000291fc                transport_sar_process
 .text.transport_tx
                0x000000000002970c      0x234 ../../../mesh/lib_51_MBTLE_CORE.a(transport.c.obj)
                0x000000000002970c                transport_tx
 .text.transport_opt_set
                0x0000000000029940       0xdc ../../../mesh/lib_51_MBTLE_CORE.a(transport.c.obj)
                0x0000000000029940                transport_opt_set
 .text.transport_opt_get
                0x0000000000029a1c       0x80 ../../../mesh/lib_51_MBTLE_CORE.a(transport.c.obj)
                0x0000000000029a1c                transport_opt_get
 .text.transport_seg_maxlen_get
                0x0000000000029a9c       0x14 ../../../mesh/lib_51_MBTLE_CORE.a(transport.c.obj)
                0x0000000000029a9c                transport_seg_maxlen_get
 .text.transport_tx_sar
                0x0000000000029ab0      0x558 ../../../mesh/lib_51_MBTLE_CORE.a(transport.c.obj)
                0x0000000000029ab0                transport_tx_sar
 .text.transport_unseg_maxlen_get
                0x000000000002a008        0x4 ../../../mesh/lib_51_MBTLE_CORE.a(transport.c.obj)
                0x000000000002a008                transport_unseg_maxlen_get
 .text.internal_event_push
                0x000000000002a00c       0x34 ../../../mesh/lib_51_MBTLE_CORE.a(internal_event.c.obj)
                0x000000000002a00c                internal_event_push
 .text.flash_area_is_blank
                0x000000000002a040       0x60 ../../../mesh/lib_51_MBTLE_CORE.a(flash_manager.c.obj)
 .text.free_packet_buffer
                0x000000000002a0a0       0x58 ../../../mesh/lib_51_MBTLE_CORE.a(flash_manager.c.obj)
 .text.reserve_action_buffer
                0x000000000002a0f8       0x28 ../../../mesh/lib_51_MBTLE_CORE.a(flash_manager.c.obj)
 .text.get_last_entry
                0x000000000002a120       0x7c ../../../mesh/lib_51_MBTLE_CORE.a(flash_manager.c.obj)
 .text.process_action_queue
                0x000000000002a19c      0x740 ../../../mesh/lib_51_MBTLE_CORE.a(flash_manager.c.obj)
 .text.flash_op_ended_callback
                0x000000000002a8dc       0x28 ../../../mesh/lib_51_MBTLE_CORE.a(flash_manager.c.obj)
 .text.flash_manager_init
                0x000000000002a904       0x6c ../../../mesh/lib_51_MBTLE_CORE.a(flash_manager.c.obj)
                0x000000000002a904                flash_manager_init
 .text.flash_manager_remove
                0x000000000002a970       0x60 ../../../mesh/lib_51_MBTLE_CORE.a(flash_manager.c.obj)
                0x000000000002a970                flash_manager_remove
 .text.flash_manager_entry_get
                0x000000000002a9d0       0x54 ../../../mesh/lib_51_MBTLE_CORE.a(flash_manager.c.obj)
                0x000000000002a9d0                flash_manager_entry_get
 .text.flash_manager_entry_next_get
                0x000000000002aa24      0x140 ../../../mesh/lib_51_MBTLE_CORE.a(flash_manager.c.obj)
                0x000000000002aa24                flash_manager_entry_next_get
 .text.flash_manager_entry_alloc
                0x000000000002ab64       0x8c ../../../mesh/lib_51_MBTLE_CORE.a(flash_manager.c.obj)
                0x000000000002ab64                flash_manager_entry_alloc
 .text.flash_manager_entry_commit
                0x000000000002abf0       0x6c ../../../mesh/lib_51_MBTLE_CORE.a(flash_manager.c.obj)
                0x000000000002abf0                flash_manager_entry_commit
 .text.flash_manager_entry_invalidate
                0x000000000002ac5c       0xa4 ../../../mesh/lib_51_MBTLE_CORE.a(flash_manager.c.obj)
                0x000000000002ac5c                flash_manager_entry_invalidate
 .text.flash_manager_add
                0x000000000002ad00      0x3b8 ../../../mesh/lib_51_MBTLE_CORE.a(flash_manager.c.obj)
                0x000000000002ad00                flash_manager_add
 .text.flash_manager_mem_listener_register
                0x000000000002b0b8       0x4c ../../../mesh/lib_51_MBTLE_CORE.a(flash_manager.c.obj)
                0x000000000002b0b8                flash_manager_mem_listener_register
 .text.flash_manager_is_stable
                0x000000000002b104       0x24 ../../../mesh/lib_51_MBTLE_CORE.a(flash_manager.c.obj)
                0x000000000002b104                flash_manager_is_stable
 .text.flash_manager_on_defrag_end
                0x000000000002b128       0x68 ../../../mesh/lib_51_MBTLE_CORE.a(flash_manager.c.obj)
                0x000000000002b128                flash_manager_on_defrag_end
 .text.flash_manager_recovery_page_get
                0x000000000002b190        0x8 ../../../mesh/lib_51_MBTLE_CORE.a(flash_manager.c.obj)
                0x000000000002b190                flash_manager_recovery_page_get
 .text.defrag_on_end
                0x000000000002b198       0x1c ../../../mesh/lib_51_MBTLE_CORE.a(flash_manager_defrag.c.obj)
 .text.execute_procedure_step
                0x000000000002b1b4       0xc0 ../../../mesh/lib_51_MBTLE_CORE.a(flash_manager_defrag.c.obj)
 .text.on_flash_op_end
                0x000000000002b274       0x40 ../../../mesh/lib_51_MBTLE_CORE.a(flash_manager_defrag.c.obj)
 .text.erase_source
                0x000000000002b2b4       0x30 ../../../mesh/lib_51_MBTLE_CORE.a(flash_manager_defrag.c.obj)
 .text.erase_recovery_area
                0x000000000002b2e4       0x30 ../../../mesh/lib_51_MBTLE_CORE.a(flash_manager_defrag.c.obj)
 .text.post_process