Archive member included to satisfy reference by file (symbol)

../../mesh/lib_51_MBTLE_PB_ADV_EE.a(provisioning.c.obj)
                              CMakeFiles/51_pb_remote_server.dir/__/__/mesh/models/pb_remote/src/pb_remote_server.c.obj (prov_init)
../../mesh/lib_51_MBTLE_PB_ADV_EE.a(nrf_mesh_prov.c.obj)
                              CMakeFiles/51_pb_remote_server.dir/src/main.c.obj (nrf_mesh_prov_init)
../../mesh/lib_51_MBTLE_PB_ADV_EE.a(prov_bearer_adv.c.obj)
                              CMakeFiles/51_pb_remote_server.dir/__/__/mesh/models/pb_remote/src/pb_remote_server.c.obj (prov_bearer_adv_interface_get)
../../mesh/lib_51_MBTLE_PB_ADV_EE.a(prov_utils.c.obj)
                              ../../mesh/lib_51_MBTLE_PB_ADV_EE.a(nrf_mesh_prov.c.obj) (prov_utils_keys_generate)
../../mesh/lib_51_MBTLE_PB_ADV_EE.a(prov_beacon.c.obj)
                              ../../mesh/lib_51_MBTLE_PB_ADV_EE.a(prov_bearer_adv.c.obj) (prov_beacon_unprov_build)
../../mesh/lib_51_MBTLE_PB_ADV_EE.a(prov_provisionee.c.obj)
                              ../../mesh/lib_51_MBTLE_PB_ADV_EE.a(nrf_mesh_prov.c.obj) (prov_provisionee_init)
../../mesh/lib_51_MBTLE_CORE.a(nrf_mesh_weak.c.obj)
                              ../../mesh/lib_51_MBTLE_PB_ADV_EE.a(nrf_mesh_prov.c.obj) (prov_provisioner_oob_pubkey)
../../mesh/lib_51_MBTLE_CORE.a(bearer_adv.c.obj)
                              ../../mesh/lib_51_MBTLE_PB_ADV_EE.a(prov_bearer_adv.c.obj) (bearer_adv_advertiser_init)
../../mesh/lib_51_MBTLE_CORE.a(fifo.c.obj)
                              CMakeFiles/51_pb_remote_server.dir/__/__/mesh/models/pb_remote/src/pb_remote_server.c.obj (fifo_init)
../../mesh/lib_51_MBTLE_CORE.a(packet_mgr.c.obj)
                              ../../mesh/lib_51_MBTLE_PB_ADV_EE.a(prov_bearer_adv.c.obj) (packet_mgr_alloc)
../../mesh/lib_51_MBTLE_CORE.a(radio.c.obj)
                              ../../mesh/lib_51_MBTLE_CORE.a(bearer_adv.c.obj) (radio_init)
../../mesh/lib_51_MBTLE_CORE.a(timer.c.obj)
                              CMakeFiles/51_pb_remote_server.dir/__/__/mesh/src/access/access_reliable.c.obj (timer_now)
../../mesh/lib_51_MBTLE_CORE.a(timer_scheduler.c.obj)
                              CMakeFiles/51_pb_remote_server.dir/__/__/mesh/src/access/access_publish.c.obj (timer_sch_schedule)
../../mesh/lib_51_MBTLE_CORE.a(beacon.c.obj)
                              ../../mesh/lib_51_MBTLE_PB_ADV_EE.a(prov_beacon.c.obj) (beacon_create)
../../mesh/lib_51_MBTLE_CORE.a(bearer.c.obj)
                              ../../mesh/lib_51_MBTLE_CORE.a(bearer_adv.c.obj) (bearer_adtype_filtering_set)
../../mesh/lib_51_MBTLE_CORE.a(bearer_event.c.obj)
                              ../../mesh/lib_51_MBTLE_CORE.a(bearer_adv.c.obj) (bearer_event_generic_post)
../../mesh/lib_51_MBTLE_CORE.a(nrf_mesh_configure.c.obj)
                              ../../mesh/lib_51_MBTLE_PB_ADV_EE.a(prov_bearer_adv.c.obj) (nrf_mesh_configure_device_uuid_get)
../../mesh/lib_51_MBTLE_CORE.a(enc.c.obj)
                              ../../mesh/lib_51_MBTLE_PB_ADV_EE.a(prov_utils.c.obj) (enc_aes_cmac)
../../mesh/lib_51_MBTLE_CORE.a(event.c.obj)
                              CMakeFiles/51_pb_remote_server.dir/__/__/mesh/src/access/access.c.obj (event_handle)
../../mesh/lib_51_MBTLE_CORE.a(log.c.obj)
                              CMakeFiles/51_pb_remote_server.dir/src/main.c.obj (log_callback_rtt)
../../mesh/lib_51_MBTLE_CORE.a(net_beacon.c.obj)
                              ../../mesh/lib_51_MBTLE_CORE.a(beacon.c.obj) (net_beacon_pkt_in)
../../mesh/lib_51_MBTLE_CORE.a(net_state.c.obj)
                              CMakeFiles/51_pb_remote_server.dir/__/__/mesh/src/access/device_state_manager.c.obj (net_state_flash_area_get)
../../mesh/lib_51_MBTLE_CORE.a(nrf_mesh.c.obj)
                              CMakeFiles/51_pb_remote_server.dir/src/main.c.obj (nrf_mesh_init)
../../mesh/lib_51_MBTLE_CORE.a(nrf_mesh_keygen.c.obj)
                              CMakeFiles/51_pb_remote_server.dir/__/__/mesh/src/access/device_state_manager.c.obj (nrf_mesh_keygen_aid)
../../mesh/lib_51_MBTLE_CORE.a(nrf_mesh_utils.c.obj)
                              CMakeFiles/51_pb_remote_server.dir/__/__/mesh/src/access/device_state_manager.c.obj (nrf_mesh_address_type_get)
../../mesh/lib_51_MBTLE_CORE.a(radio_config.c.obj)
                              ../../mesh/lib_51_MBTLE_CORE.a(radio.c.obj) (radio_config_reset)
../../mesh/lib_51_MBTLE_CORE.a(rand.c.obj)
                              ../../mesh/lib_51_MBTLE_CORE.a(bearer_adv.c.obj) (rand_prng_get)
../../mesh/lib_51_MBTLE_CORE.a(ticker.c.obj)
                              ../../mesh/lib_51_MBTLE_CORE.a(nrf_mesh.c.obj) (ticker_init)
../../mesh/lib_51_MBTLE_CORE.a(transport.c.obj)
                              ../../mesh/lib_51_MBTLE_CORE.a(nrf_mesh.c.obj) (transport_init)
../../mesh/lib_51_MBTLE_CORE.a(internal_event.c.obj)
                              ../../mesh/lib_51_MBTLE_CORE.a(bearer.c.obj) (internal_event_push)
../../mesh/lib_51_MBTLE_CORE.a(flash_manager.c.obj)
[...]
Memory Configuration

Name             Origin             Length             Attributes
FLASH            0x000000000001b000 0x000000000001f000 xr
RAM              0x00000000200022d8 0x0000000000005a28 xrw
*default*        0x0000000000000000 0xffffffffffffffff

Linker script and memory map

LOAD /usr/bin/../lib/gcc/arm-none-eabi/6.3.1/thumb/v6-m/crti.o
LOAD /usr/bin/../lib/gcc/arm-none-eabi/6.3.1/thumb/v6-m/crtbegin.o
LOAD /usr/bin/../lib/gcc/arm-none-eabi/6.3.1/../../../../arm-none-eabi/lib/thumb/v6-m/crt0.o
LOAD CMakeFiles/51_pb_remote_server.dir/src/main.c.obj
LOAD CMakeFiles/51_pb_remote_server.dir/__/__/mesh/models/pb_remote/src/pb_remote_server.c.obj
LOAD CMakeFiles/51_pb_remote_server.dir/__/__/mesh/src/access/access.c.obj
LOAD CMakeFiles/51_pb_remote_server.dir/__/__/mesh/src/access/access_reliable.c.obj
LOAD CMakeFiles/51_pb_remote_server.dir/__/__/mesh/src/access/access_publish.c.obj
LOAD CMakeFiles/51_pb_remote_server.dir/__/__/mesh/src/access/device_state_manager.c.obj
LOAD CMakeFiles/51_pb_remote_server.dir/__/nrf_mesh_sdk.c.obj
LOAD CMakeFiles/51_pb_remote_server.dir/__/__/toolchain/gcc/gcc_startup_nrf51.S.obj
LOAD CMakeFiles/51_pb_remote_server.dir/__/__/toolchain/system_nrf51.c.obj
LOAD ../../mesh/lib_51_MBTLE_PB_ADV_EE.a
LOAD ../../mesh/lib_51_MBTLE_CORE.a
LOAD ../../lib/micro-ecc/lib_51_UECC_LIB.a
LOAD ../../lib/rtt/lib_51_RTT_LIB.a
START GROUP
LOAD /usr/bin/../lib/gcc/arm-none-eabi/6.3.1/thumb/v6-m/libgcc.a
LOAD /usr/bin/../lib/gcc/arm-none-eabi/6.3.1/../../../../arm-none-eabi/lib/thumb/v6-m/libg_nano.a
LOAD /usr/bin/../lib/gcc/arm-none-eabi/6.3.1/../../../../arm-none-eabi/lib/thumb/v6-m/libc_nano.a
END GROUP
START GROUP
LOAD /usr/bin/../lib/gcc/arm-none-eabi/6.3.1/thumb/v6-m/libgcc.a
LOAD /usr/bin/../lib/gcc/arm-none-eabi/6.3.1/../../../../arm-none-eabi/lib/thumb/v6-m/libc_nano.a
END GROUP
LOAD /usr/bin/../lib/gcc/arm-none-eabi/6.3.1/thumb/v6-m/crtend.o
LOAD /usr/bin/../lib/gcc/arm-none-eabi/6.3.1/thumb/v6-m/crtn.o
START GROUP
LOAD /usr/bin/../lib/gcc/arm-none-eabi/6.3.1/thumb/v6-m/libgcc.a
LOAD /usr/bin/../lib/gcc/arm-none-eabi/6.3.1/../../../../arm-none-eabi/lib/thumb/v6-m/libc.a
LOAD /usr/bin/../lib/gcc/arm-none-eabi/6.3.1/../../../../arm-none-eabi/lib/thumb/v6-m/libnosys.a
END GROUP

.text           0x000000000001b000    0x1479c
 *(.isr_vector)
 .isr_vector    0x000000000001b000       0xc0 CMakeFiles/51_pb_remote_server.dir/__/__/toolchain/gcc/gcc_startup_nrf51.S.obj
                0x000000000001b000                __isr_vector
 *(.text*)
 .text          0x000000000001b0c0       0x60 /usr/bin/../lib/gcc/arm-none-eabi/6.3.1/thumb/v6-m/crtbegin.o
 .text          0x000000000001b120       0x78 /usr/bin/../lib/gcc/arm-none-eabi/6.3.1/../../../../arm-none-eabi/lib/thumb/v6-m/crt0.o
                0x000000000001b120                _mainCRTStartup
                0x000000000001b120                _start
 .text.mesh_evt_handler
                0x000000000001b198      0x5e4 CMakeFiles/51_pb_remote_server.dir/src/main.c.obj
 .text.main     0x000000000001b77c      0x360 CMakeFiles/51_pb_remote_server.dir/src/main.c.obj
                0x000000000001b77c                main
 .text.pb_remote_server_event_scan_report_status_cb
                0x000000000001badc       0xa0 CMakeFiles/51_pb_remote_server.dir/__/__/mesh/models/pb_remote/src/pb_remote_server.c.obj
 .text.do_state_change
                0x000000000001bb7c       0x8c CMakeFiles/51_pb_remote_server.dir/__/__/mesh/models/pb_remote/src/pb_remote_server.c.obj
 .text.pb_remote_server_process
                0x000000000001bc08      0x240 CMakeFiles/51_pb_remote_server.dir/__/__/mesh/models/pb_remote/src/pb_remote_server.c.obj
 .text.server_reliable_status_cb
                0x000000000001be48      0x154 CMakeFiles/51_pb_remote_server.dir/__/__/mesh/models/pb_remote/src/pb_remote_server.c.obj
 .text.pb_adv_link_closed_cb
                0x000000000001bf9c       0x58 CMakeFiles/51_pb_remote_server.dir/__/__/mesh/models/pb_remote/src/pb_remote_server.c.obj
 .text.pb_adv_link_opened_cb
                0x000000000001bff4       0x54 CMakeFiles/51_pb_remote_server.dir/__/__/mesh/models/pb_remote/src/pb_remote_server.c.obj
 .text.pb_adv_ack_cb
                0x000000000001c048       0x54 CMakeFiles/51_pb_remote_server.dir/__/__/mesh/models/pb_remote/src/pb_remote_server.c.obj
 .text.pb_remote_server_event_transfer_status_cb
                0x000000000001c09c      0x124 CMakeFiles/51_pb_remote_server.dir/__/__/mesh/models/pb_remote/src/pb_remote_server.c.obj
 .text.pb_remote_server_event_link_status_cb
                0x000000000001c1c0      0x244 CMakeFiles/51_pb_remote_server.dir/__/__/mesh/models/pb_remote/src/pb_remote_server.c.obj
 .text.pb_remote_server_event_tx_failed_cb
                0x000000000001c404       0x38 CMakeFiles/51_pb_remote_server.dir/__/__/mesh/models/pb_remote/src/pb_remote_server.c.obj
 .text.pb_adv_rx_cb
                0x000000000001c43c       0x64 CMakeFiles/51_pb_remote_server.dir/__/__/mesh/models/pb_remote/src/pb_remote_server.c.obj
 .text.pb_remote_server_mesh_evt_cb
                0x000000000001c4a0       0x50 CMakeFiles/51_pb_remote_server.dir/__/__/mesh/models/pb_remote/src/pb_remote_server.c.obj
 .text.pb_remote_server_event_local_ack_cb
                0x000000000001c4f0       0xe8 CMakeFiles/51_pb_remote_server.dir/__/__/mesh/models/pb_remote/src/pb_remote_server.c.obj
 .text.pb_remote_server_event_link_established_cb
                0x000000000001c5d8       0xf0 CMakeFiles/51_pb_remote_server.dir/__/__/mesh/models/pb_remote/src/pb_remote_server.c.obj
 .text.pb_remote_server_event_local_packet_cb
                0x000000000001c6c8      0x1c0 CMakeFiles/51_pb_remote_server.dir/__/__/mesh/models/pb_remote/src/pb_remote_server.c.obj
 .text.pb_remote_server_event_link_closed_cb
                0x000000000001c888      0x1bc CMakeFiles/51_pb_remote_server.dir/__/__/mesh/models/pb_remote/src/pb_remote_server.c.obj
 .text.pb_remote_server_event_unprov_uuid_cb
                0x000000000001ca44      0x224 CMakeFiles/51_pb_remote_server.dir/__/__/mesh/models/pb_remote/src/pb_remote_server.c.obj
 .text.pb_remote_server_event_scan_cancel_cb
                0x000000000001cc68       0x90 CMakeFiles/51_pb_remote_server.dir/__/__/mesh/models/pb_remote/src/pb_remote_server.c.obj
 .text.pb_remote_server_event_scan_start_cb
                0x000000000001ccf8       0xa0 CMakeFiles/51_pb_remote_server.dir/__/__/mesh/models/pb_remote/src/pb_remote_server.c.obj
 .text.pb_remote_server_event_packet_transfer_cb
                0x000000000001cd98      0x1a4 CMakeFiles/51_pb_remote_server.dir/__/__/mesh/models/pb_remote/src/pb_remote_server.c.obj
 .text.remote_server_access_rx_cb
                0x000000000001cf3c      0x244 CMakeFiles/51_pb_remote_server.dir/__/__/mesh/models/pb_remote/src/pb_remote_server.c.obj
 .text.pb_remote_server_event_scan_start_filter_cb
                0x000000000001d180      0x178 CMakeFiles/51_pb_remote_server.dir/__/__/mesh/models/pb_remote/src/pb_remote_server.c.obj
 .text.pb_remote_server_event_link_close_cb
                0x000000000001d2f8      0x170 CMakeFiles/51_pb_remote_server.dir/__/__/mesh/models/pb_remote/src/pb_remote_server.c.obj
 .text.pb_remote_server_event_link_open_cb
                0x000000000001d468      0x2b0 CMakeFiles/51_pb_remote_server.dir/__/__/mesh/models/pb_remote/src/pb_remote_server.c.obj
 .text.pb_remote_server_init
                0x000000000001d718       0xd0 CMakeFiles/51_pb_remote_server.dir/__/__/mesh/models/pb_remote/src/pb_remote_server.c.obj
                0x000000000001d718                pb_remote_server_init
 .text.pb_remote_server_enable
                0x000000000001d7e8       0x40 CMakeFiles/51_pb_remote_server.dir/__/__/mesh/models/pb_remote/src/pb_remote_server.c.obj
                0x000000000001d7e8                pb_remote_server_enable
 .text.is_valid_opcode
                0x000000000001d828       0x58 CMakeFiles/51_pb_remote_server.dir/__/__/mesh/src/access/access.c.obj
 .text.flash_invalidate_complete
                0x000000000001d880       0x18 CMakeFiles/51_pb_remote_server.dir/__/__/mesh/src/access/access.c.obj
 .text.flash_manager_mem_available
                0x000000000001d898        0x6 CMakeFiles/51_pb_remote_server.dir/__/__/mesh/src/access/access.c.obj
 *fill*         0x000000000001d89e        0x2 
 .text.access_state_clear
                0x000000000001d8a0       0x40 CMakeFiles/51_pb_remote_server.dir/__/__/mesh/src/access/access.c.obj
 .text.add_flash_manager
                0x000000000001d8e0       0x64 CMakeFiles/51_pb_remote_server.dir/__/__/mesh/src/access/access.c.obj
 .text.flash_remove_complete
                0x000000000001d944       0x4c CMakeFiles/51_pb_remote_server.dir/__/__/mesh/src/access/access.c.obj
 .text.flash_write_complete
                0x000000000001d990       0x68 CMakeFiles/51_pb_remote_server.dir/__/__/mesh/src/access/access.c.obj
 .text.packet_tx
                0x000000000001d9f8      0x230 CMakeFiles/51_pb_remote_server.dir/__/__/mesh/src/access/access.c.obj
 .text.mesh_evt_cb
                0x000000000001dc28      0x2d0 CMakeFiles/51_pb_remote_server.dir/__/__/mesh/src/access/access.c.obj
 .text.access_init
                0x000000000001def8       0x24 CMakeFiles/51_pb_remote_server.dir/__/__/mesh/src/access/access.c.obj
                0x000000000001def8                access_init
 .text.access_model_add
                0x000000000001df1c      0x194 CMakeFiles/51_pb_remote_server.dir/__/__/mesh/src/access/access.c.obj
                0x000000000001df1c                access_model_add
 .text.access_model_publish
                0x000000000001e0b0       0x14 CMakeFiles/51_pb_remote_server.dir/__/__/mesh/src/access/access.c.obj
                0x000000000001e0b0                access_model_publish
 .text.access_model_reply
                0x000000000001e0c4       0x20 CMakeFiles/51_pb_remote_server.dir/__/__/mesh/src/access/access.c.obj
                0x000000000001e0c4                access_model_reply
 .text.access_model_publish_address_set
                0x000000000001e0e4       0x3c CMakeFiles/51_pb_remote_server.dir/__/__/mesh/src/access/access.c.obj
                0x000000000001e0e4                access_model_publish_address_set
 .text.access_model_publish_address_get
                0x000000000001e120       0x2c CMakeFiles/51_pb_remote_server.dir/__/__/mesh/src/access/access.c.obj
                0x000000000001e120                access_model_publish_address_get
 .text.access_model_application_bind
                0x000000000001e14c       0x50 CMakeFiles/51_pb_remote_server.dir/__/__/mesh/src/access/access.c.obj
                0x000000000001e14c                access_model_application_bind
 .text.access_model_publish_application_set
                0x000000000001e19c       0x40 CMakeFiles/51_pb_remote_server.dir/__/__/mesh/src/access/access.c.obj
                0x000000000001e19c                access_model_publish_application_set
 .text.access_model_publish_ttl_set
                0x000000000001e1dc       0x44 CMakeFiles/51_pb_remote_server.dir/__/__/mesh/src/access/access.c.obj
                0x000000000001e1dc                access_model_publish_ttl_set
 .text.access_model_publish_ttl_get
                0x000000000001e220       0x2c CMakeFiles/51_pb_remote_server.dir/__/__/mesh/src/access/access.c.obj
                0x000000000001e220                access_model_publish_ttl_get
 .text.access_model_p_args_get
                0x000000000001e24c       0x2c CMakeFiles/51_pb_remote_server.dir/__/__/mesh/src/access/access.c.obj
                0x000000000001e24c                access_model_p_args_get
 .text.remove_and_reschedule
                0x000000000001e278       0xe0 CMakeFiles/51_pb_remote_server.dir/__/__/mesh/src/access/access_reliable.c.obj
 .text.reliable_timer_cb
                0x000000000001e358      0x148 CMakeFiles/51_pb_remote_server.dir/__/__/mesh/src/access/access_reliable.c.obj
 .text.access_reliable_message_rx_cb
                0x000000000001e4a0       0x64 CMakeFiles/51_pb_remote_server.dir/__/__/mesh/src/access/access_reliable.c.obj
                0x000000000001e4a0                access_reliable_message_rx_cb
 .text.access_reliable_init
                0x000000000001e504       0x1c CMakeFiles/51_pb_remote_server.dir/__/__/mesh/src/access/access_reliable.c.obj
                0x000000000001e504                access_reliable_init
 .text.access_model_reliable_cancel
                0x000000000001e520       0x34 CMakeFiles/51_pb_remote_server.dir/__/__/mesh/src/access/access_reliable.c.obj
                0x000000000001e520                access_model_reliable_cancel
 .text.access_model_reliable_publish
                0x000000000001e554      0x17c CMakeFiles/51_pb_remote_server.dir/__/__/mesh/src/access/access_reliable.c.obj
                0x000000000001e554                access_model_reliable_publish
 .text.dev_key_handle_get
                0x000000000001e6d0       0x30 CMakeFiles/51_pb_remote_server.dir/__/__/mesh/src/access/device_state_manager.c.obj
 .text.app_key_handle_get
                0x000000000001e700       0x30 CMakeFiles/51_pb_remote_server.dir/__/__/mesh/src/access/device_state_manager.c.obj
 .text.get_subnet_handle
                0x000000000001e730       0x38 CMakeFiles/51_pb_remote_server.dir/__/__/mesh/src/access/device_state_manager.c.obj
 .text.get_app_handle
                0x000000000001e768       0x48 CMakeFiles/51_pb_remote_server.dir/__/__/mesh/src/access/device_state_manager.c.obj
 .text.nonvirtual_address_set
                0x000000000001e7b0       0x3c CMakeFiles/51_pb_remote_server.dir/__/__/mesh/src/access/device_state_manager.c.obj
 .text.addr_nonvirtual_to_dsm_entry
                0x000000000001e7ec        0xe CMakeFiles/51_pb_remote_server.dir/__/__/mesh/src/access/device_state_manager.c.obj
 *fill*         0x000000000001e7fa        0x2 
 .text.addr_nonvirtual_to_flash_entry
                0x000000000001e7fc       0x10 CMakeFiles/51_pb_remote_server.dir/__/__/mesh/src/access/device_state_manager.c.obj
 .text.flash_mem_listener_callback
                0x000000000001e80c       0x20 CMakeFiles/51_pb_remote_server.dir/__/__/mesh/src/access/device_state_manager.c.obj
 .text.devkey_set
                0x000000000001e82c       0x60 CMakeFiles/51_pb_remote_server.dir/__/__/mesh/src/access/device_state_manager.c.obj
 .text.devkey_to_dsm_entry
                0x000000000001e88c       0x14 CMakeFiles/51_pb_remote_server.dir/__/__/mesh/src/access/device_state_manager.c.obj
 .text.devkey_to_flash_entry
                0x000000000001e8a0       0x28 CMakeFiles/51_pb_remote_server.dir/__/__/mesh/src/access/device_state_manager.c.obj
 .text.appkey_to_flash_entry
                0x000000000001e8c8       0x28 CMakeFiles/51_pb_remote_server.dir/__/__/mesh/src/access/device_state_manager.c.obj
 .text.subnet_to_flash_entry
                0x000000000001e8f0       0x20 CMakeFiles/51_pb_remote_server.dir/__/__/mesh/src/access/device_state_manager.c.obj
 .text.addr_virtual_to_flash_entry
                0x000000000001e910       0x20 CMakeFiles/51_pb_remote_server.dir/__/__/mesh/src/access/device_state_manager.c.obj
 .text.addr_unicast_to_dsm_entry
                0x000000000001e930       0x10 CMakeFiles/51_pb_remote_server.dir/__/__/mesh/src/access/device_state_manager.c.obj
 .text.addr_unicast_to_flash_entry
                0x000000000001e940       0x14 CMakeFiles/51_pb_remote_server.dir/__/__/mesh/src/access/device_state_manager.c.obj
 .text.appkey_set
                0x000000000001e954       0x8c CMakeFiles/51_pb_remote_server.dir/__/__/mesh/src/access/device_state_manager.c.obj
 .text.appkey_to_dsm_entry
                0x000000000001e9e0       0x12 CMakeFiles/51_pb_remote_server.dir/__/__/mesh/src/access/device_state_manager.c.obj
 *fill*         0x000000000001e9f2        0x2 
 .text.subnet_set
                0x000000000001e9f4       0xb4 CMakeFiles/51_pb_remote_server.dir/__/__/mesh/src/access/device_state_manager.c.obj
 .text.subnet_to_dsm_entry
                0x000000000001eaa8       0x10 CMakeFiles/51_pb_remote_server.dir/__/__/mesh/src/access/device_state_manager.c.obj
 .text.virtual_address_set
                0x000000000001eab8       0x68 CMakeFiles/51_pb_remote_server.dir/__/__/mesh/src/access/device_state_manager.c.obj
 .text.addr_virtual_to_dsm_entry
                0x000000000001eb20       0x10 CMakeFiles/51_pb_remote_server.dir/__/__/mesh/src/access/device_state_manager.c.obj
 .text.flash_save
                0x000000000001eb30       0x94 CMakeFiles/51_pb_remote_server.dir/__/__/mesh/src/access/device_state_manager.c.obj
 .text.flash_invalidate
                0x000000000001ebc4       0x80 CMakeFiles/51_pb_remote_server.dir/__/__/mesh/src/access/device_state_manager.c.obj
 .text.flash_update_all
                0x000000000001ec44       0xd4 CMakeFiles/51_pb_remote_server.dir/__/__/mesh/src/access/device_state_manager.c.obj
 .text.flash_operation_complete
                0x000000000001ed18       0x6c CMakeFiles/51_pb_remote_server.dir/__/__/mesh/src/access/device_state_manager.c.obj
 .text.flash_invalidate_complete
                0x000000000001ed84        0xc CMakeFiles/51_pb_remote_server.dir/__/__/mesh/src/access/device_state_manager.c.obj
 .text.flash_write_complete
                0x000000000001ed90        0xc CMakeFiles/51_pb_remote_server.dir/__/__/mesh/src/access/device_state_manager.c.obj
 .text.add_address
                0x000000000001ed9c      0x128 CMakeFiles/51_pb_remote_server.dir/__/__/mesh/src/access/device_state_manager.c.obj
 .text.virtual_address_uuid_index_get
                0x000000000001eec4       0x3c CMakeFiles/51_pb_remote_server.dir/__/__/mesh/src/access/device_state_manager.c.obj
 .text.dsm_flash_area_get
                0x000000000001ef00       0x14 CMakeFiles/51_pb_remote_server.dir/__/__/mesh/src/access/device_state_manager.c.obj
                0x000000000001ef00                dsm_flash_area_get
 .text.build_flash_area
                0x000000000001ef14       0x8c CMakeFiles/51_pb_remote_server.dir/__/__/mesh/src/access/device_state_manager.c.obj
 .text.dsm_init
                0x000000000001efa0       0x28 CMakeFiles/51_pb_remote_server.dir/__/__/mesh/src/access/device_state_manager.c.obj
                0x000000000001efa0                dsm_init
 .text.flash_remove_complete
                0x000000000001efc8        0x8 CMakeFiles/51_pb_remote_server.dir/__/__/mesh/src/access/device_state_manager.c.obj
 .text.dsm_local_unicast_addresses_set
                0x000000000001efd0       0x84 CMakeFiles/51_pb_remote_server.dir/__/__/mesh/src/access/device_state_manager.c.obj
                0x000000000001efd0                dsm_local_unicast_addresses_set
 .text.dsm_local_unicast_addresses_get
                0x000000000001f054       0x2c CMakeFiles/51_pb_remote_server.dir/__/__/mesh/src/access/device_state_manager.c.obj
                0x000000000001f054                dsm_local_unicast_addresses_get
 .text.dsm_address_publish_add
                0x000000000001f080        0xa CMakeFiles/51_pb_remote_server.dir/__/__/mesh/src/access/device_state_manager.c.obj
                0x000000000001f080                dsm_address_publish_add
 *fill*         0x000000000001f08a        0x2 
 .text.dsm_address_subscription_get
                0x000000000001f08c       0x64 CMakeFiles/51_pb_remote_server.dir/__/__/mesh/src/access/device_state_manager.c.obj
                0x000000000001f08c                dsm_address_subscription_get
 .text.dsm_address_get
                0x000000000001f0f0       0x70 CMakeFiles/51_pb_remote_server.dir/__/__/mesh/src/access/device_state_manager.c.obj
                0x000000000001f0f0                dsm_address_get
 .text.dsm_address_handle_get
                0x000000000001f160       0xc0 CMakeFiles/51_pb_remote_server.dir/__/__/mesh/src/access/device_state_manager.c.obj
                0x000000000001f160                dsm_address_handle_get
 .text.dsm_appkey_handle_get
                0x000000000001f220       0x14 CMakeFiles/51_pb_remote_server.dir/__/__/mesh/src/access/device_state_manager.c.obj
                0x000000000001f220                dsm_appkey_handle_get
 .text.dsm_subnet_add
                0x000000000001f234       0x58 CMakeFiles/51_pb_remote_server.dir/__/__/mesh/src/access/device_state_manager.c.obj
                0x000000000001f234                dsm_subnet_add
 .text.dsm_devkey_add
                0x000000000001f28c       0x84 CMakeFiles/51_pb_remote_server.dir/__/__/mesh/src/access/device_state_manager.c.obj
                0x000000000001f28c                dsm_devkey_add
 .text.dsm_appkey_add
                0x000000000001f310       0x80 CMakeFiles/51_pb_remote_server.dir/__/__/mesh/src/access/device_state_manager.c.obj
                0x000000000001f310                dsm_appkey_add
 .text.dsm_tx_secmat_get
                0x000000000001f390      0x124 CMakeFiles/51_pb_remote_server.dir/__/__/mesh/src/access/device_state_manager.c.obj
                0x000000000001f390                dsm_tx_secmat_get
 .text.nrf_mesh_net_secmat_next_get
                0x000000000001f4b4       0x54 CMakeFiles/51_pb_remote_server.dir/__/__/mesh/src/access/device_state_manager.c.obj
                0x000000000001f4b4                nrf_mesh_net_secmat_next_get
 .text.nrf_mesh_app_secmat_next_get
                0x000000000001f508       0x8c CMakeFiles/51_pb_remote_server.dir/__/__/mesh/src/access/device_state_manager.c.obj
                0x000000000001f508                nrf_mesh_app_secmat_next_get
 .text.nrf_mesh_devkey_secmat_get
                0x000000000001f594       0x40 CMakeFiles/51_pb_remote_server.dir/__/__/mesh/src/access/device_state_manager.c.obj
                0x000000000001f594                nrf_mesh_devkey_secmat_get
 .text.nrf_mesh_beacon_info_next_get
                0x000000000001f5d4       0x74 CMakeFiles/51_pb_remote_server.dir/__/__/mesh/src/access/device_state_manager.c.obj
                0x000000000001f5d4                nrf_mesh_beacon_info_next_get
 .text.nrf_mesh_rx_address_get
                0x000000000001f648      0x100 CMakeFiles/51_pb_remote_server.dir/__/__/mesh/src/access/device_state_manager.c.obj
                0x000000000001f648                nrf_mesh_rx_address_get
 .text.sd_evt_get
                0x000000000001f748        0x4 CMakeFiles/51_pb_remote_server.dir/__/nrf_mesh_sdk.c.obj
 .text.sd_softdevice_enable
                0x000000000001f74c        0x4 CMakeFiles/51_pb_remote_server.dir/__/nrf_mesh_sdk.c.obj
 .text.sd_ble_enable
                0x000000000001f750        0x4 CMakeFiles/51_pb_remote_server.dir/__/nrf_mesh_sdk.c.obj
 .text.sd_ble_evt_get
                0x000000000001f754        0x4 CMakeFiles/51_pb_remote_server.dir/__/nrf_mesh_sdk.c.obj
 .text.sleep_forever
                0x000000000001f758       0x24 CMakeFiles/51_pb_remote_server.dir/__/nrf_mesh_sdk.c.obj
 .text.softdevice_assert_handler
                0x000000000001f77c       0x88 CMakeFiles/51_pb_remote_server.dir/__/nrf_mesh_sdk.c.obj
                0x000000000001f77c                softdevice_assert_handler
 .text.app_error_handler
                0x000000000001f804       0x88 CMakeFiles/51_pb_remote_server.dir/__/nrf_mesh_sdk.c.obj
                0x000000000001f804                app_error_handler
 .text.mesh_assert_handler
                0x000000000001f88c       0x80 CMakeFiles/51_pb_remote_server.dir/__/nrf_mesh_sdk.c.obj
                0x000000000001f88c                mesh_assert_handler
 .text.HardFault_Handler
                0x000000000001f90c       0x7c CMakeFiles/51_pb_remote_server.dir/__/nrf_mesh_sdk.c.obj
                0x000000000001f90c                HardFault_Handler
 .text.SWI2_IRQHandler
                0x000000000001f988       0x44 CMakeFiles/51_pb_remote_server.dir/__/nrf_mesh_sdk.c.obj
                0x000000000001f988                SWI2_IRQHandler
 .text.mesh_softdevice_enable
                0x000000000001f9cc      0x154 CMakeFiles/51_pb_remote_server.dir/__/nrf_mesh_sdk.c.obj
                0x000000000001f9cc                mesh_softdevice_enable
 .text.mesh_softdevice_setup
                0x000000000001fb20       0x94 CMakeFiles/51_pb_remote_server.dir/__/nrf_mesh_sdk.c.obj
                0x000000000001fb20                mesh_softdevice_setup
 .text          0x000000000001fbb4       0x4c CMakeFiles/51_pb_remote_server.dir/__/__/toolchain/gcc/gcc_startup_nrf51.S.obj
                0x000000000001fbb4                Reset_Handler
                0x000000000001fbf4                NMI_Handler
                0x000000000001fbf8                SVC_Handler
                0x000000000001fbfa                PendSV_Handler
                0x000000000001fbfc                SysTick_Handler
                0x000000000001fbfe                TIMER2_IRQHandler
                0x000000000001fbfe                SPI0_TWI0_IRQHandler
                0x000000000001fbfe                RTC0_IRQHandler
                0x000000000001fbfe                GPIOTE_IRQHandler
                0x000000000001fbfe                POWER_CLOCK_IRQHandler
                0x000000000001fbfe                RADIO_IRQHandler
                0x000000000001fbfe                LPCOMP_IRQHandler
                0x000000000001fbfe                SWI4_IRQHandler
                0x000000000001fbfe                TEMP_IRQHandler
                0x000000000001fbfe                UART0_IRQHandler
                0x000000000001fbfe                SWI5_IRQHandler
                0x000000000001fbfe                TIMER0_IRQHandler
                0x000000000001fbfe                SWI0_IRQHandler
                0x000000000001fbfe                TIMER1_IRQHandler
                0x000000000001fbfe                ECB_IRQHandler
                0x000000000001fbfe                Default_Handler
                0x000000000001fbfe                ADC_IRQHandler
                0x000000000001fbfe                SWI3_IRQHandler
                0x000000000001fbfe                CCM_AAR_IRQHandler
                0x000000000001fbfe                WDT_IRQHandler
                0x000000000001fbfe                RNG_IRQHandler
                0x000000000001fbfe                SPI1_TWI1_IRQHandler
                0x000000000001fbfe                RTC1_IRQHandler
                0x000000000001fbfe                SWI1_IRQHandler
 .text.SystemInit
                0x000000000001fc00      0x104 CMakeFiles/51_pb_remote_server.dir/__/__/toolchain/system_nrf51.c.obj
                0x000000000001fc00                SystemInit
 .text.send_data
                0x000000000001fd04       0x4c ../../mesh/lib_51_MBTLE_PB_ADV_EE.a(provisioning.c.obj)
 .text.prov_packet_length_valid
                0x000000000001fd50       0x24 ../../mesh/lib_51_MBTLE_PB_ADV_EE.a(provisioning.c.obj)
                0x000000000001fd50                prov_packet_length_valid
 .text.prov_init
                0x000000000001fd74       0x40 ../../mesh/lib_51_MBTLE_PB_ADV_EE.a(provisioning.c.obj)
                0x000000000001fd74                prov_init
 .text.prov_listen_start
                0x000000000001fdb4       0x14 ../../mesh/lib_51_MBTLE_PB_ADV_EE.a(provisioning.c.obj)
                0x000000000001fdb4                prov_listen_start
 .text.prov_link_open
                0x000000000001fdc8       0x12 ../../mesh/lib_51_MBTLE_PB_ADV_EE.a(provisioning.c.obj)
                0x000000000001fdc8                prov_link_open
 .text.prov_link_close
                0x000000000001fdda        0xe ../../mesh/lib_51_MBTLE_PB_ADV_EE.a(provisioning.c.obj)
                0x000000000001fdda                prov_link_close
 .text.prov_tx_capabilities
                0x000000000001fde8       0x1c ../../mesh/lib_51_MBTLE_PB_ADV_EE.a(provisioning.c.obj)
                0x000000000001fde8                prov_tx_capabilities
 .text.prov_tx_public_key
                0x000000000001fe04       0x24 ../../mesh/lib_51_MBTLE_PB_ADV_EE.a(provisioning.c.obj)
                0x000000000001fe04                prov_tx_public_key
 .text.prov_tx_input_complete
                0x000000000001fe28       0x14 ../../mesh/lib_51_MBTLE_PB_ADV_EE.a(provisioning.c.obj)
                0x000000000001fe28                prov_tx_input_complete
 .text.prov_tx_confirmation
                0x000000000001fe3c       0x24 ../../mesh/lib_51_MBTLE_PB_ADV_EE.a(provisioning.c.obj)
                0x000000000001fe3c                prov_tx_confirmation
 .text.prov_tx_random
                0x000000000001fe60       0x24 ../../mesh/lib_51_MBTLE_PB_ADV_EE.a(provisioning.c.obj)
                0x000000000001fe60                prov_tx_random
 .text.prov_tx_complete
                0x000000000001fe84       0x14 ../../mesh/lib_51_MBTLE_PB_ADV_EE.a(provisioning.c.obj)
                0x000000000001fe84                prov_tx_complete
 .text.prov_tx_failed
                0x000000000001fe98       0x18 ../../mesh/lib_51_MBTLE_PB_ADV_EE.a(provisioning.c.obj)
                0x000000000001fe98                prov_tx_failed
 .text.prov_tx  0x000000000001feb0        0x8 ../../mesh/lib_51_MBTLE_PB_ADV_EE.a(provisioning.c.obj)
                0x000000000001feb0                prov_tx
 .text.prov_cb_link_opened
                0x000000000001feb8        0xe ../../mesh/lib_51_MBTLE_PB_ADV_EE.a(provisioning.c.obj)
                0x000000000001feb8                prov_cb_link_opened
 .text.prov_cb_link_closed
                0x000000000001fec6        0xe ../../mesh/lib_51_MBTLE_PB_ADV_EE.a(provisioning.c.obj)
                0x000000000001fec6                prov_cb_link_closed
 .text.prov_cb_pkt_in
                0x000000000001fed4       0x90 ../../mesh/lib_51_MBTLE_PB_ADV_EE.a(provisioning.c.obj)
                0x000000000001fed4                prov_cb_pkt_in
 .text.prov_cb_ack_in
                0x000000000001ff64        0xe ../../mesh/lib_51_MBTLE_PB_ADV_EE.a(provisioning.c.obj)
                0x000000000001ff64                prov_cb_ack_in
 *fill*         0x000000000001ff72        0x2 
 .text.nrf_mesh_prov_init
                0x000000000001ff74       0x38 ../../mesh/lib_51_MBTLE_PB_ADV_EE.a(nrf_mesh_prov.c.obj)
                0x000000000001ff74                nrf_mesh_prov_init
 .text.nrf_mesh_prov_generate_keys
                0x000000000001ffac        0x8 ../../mesh/lib_51_MBTLE_PB_ADV_EE.a(nrf_mesh_prov.c.obj)
                0x000000000001ffac                nrf_mesh_prov_generate_keys
 .text.nrf_mesh_prov_listen
                0x000000000001ffb4       0x28 ../../mesh/lib_51_MBTLE_PB_ADV_EE.a(nrf_mesh_prov.c.obj)
                0x000000000001ffb4                nrf_mesh_prov_listen
 .text.nrf_mesh_prov_auth_data_provide
                0x000000000001ffdc       0x1c ../../mesh/lib_51_MBTLE_PB_ADV_EE.a(nrf_mesh_prov.c.obj)
                0x000000000001ffdc                nrf_mesh_prov_auth_data_provide
 .text.remove_active_bearer
                0x000000000001fff8       0x88 ../../mesh/lib_51_MBTLE_PB_ADV_EE.a(prov_bearer_adv.c.obj)
 .text.send_packet
                0x0000000000020080       0x64 ../../mesh/lib_51_MBTLE_PB_ADV_EE.a(prov_bearer_adv.c.obj)
 .text.send_link_close
                0x00000000000200e4       0x3e ../../mesh/lib_51_MBTLE_PB_ADV_EE.a(prov_bearer_adv.c.obj)
 *fill*         0x0000000000020122        0x2 
 .text.prov_buffer_tx
                0x0000000000020124      0x1f0 ../../mesh/lib_51_MBTLE_PB_ADV_EE.a(prov_bearer_adv.c.obj)
 .text.send_transaction_ack
                0x0000000000020314       0x48 ../../mesh/lib_51_MBTLE_PB_ADV_EE.a(prov_bearer_adv.c.obj)
 .text.send_link_ack
                0x000000000002035c       0x3c ../../mesh/lib_51_MBTLE_PB_ADV_EE.a(prov_bearer_adv.c.obj)
 .text.prov_bearer_adv_listen_stop
                0x0000000000020398       0x40 ../../mesh/lib_51_MBTLE_PB_ADV_EE.a(prov_bearer_adv.c.obj)
 .text.close_link
                0x00000000000203d8       0x68 ../../mesh/lib_51_MBTLE_PB_ADV_EE.a(prov_bearer_adv.c.obj)
 .text.prov_bearer_adv_link_close
                0x0000000000020440       0x78 ../../mesh/lib_51_MBTLE_PB_ADV_EE.a(prov_bearer_adv.c.obj)
 .text.adv_queue_empty_cb
                0x00000000000204b8       0x3c ../../mesh/lib_51_MBTLE_PB_ADV_EE.a(prov_bearer_adv.c.obj)
 .text.link_timeout_cb
                0x00000000000204f4        0xc ../../mesh/lib_51_MBTLE_PB_ADV_EE.a(prov_bearer_adv.c.obj)
 .text.tx_retry_cb
                0x0000000000020500       0xe8 ../../mesh/lib_51_MBTLE_PB_ADV_EE.a(prov_bearer_adv.c.obj)
 .text.add_active_bearer
                0x00000000000205e8       0x98 ../../mesh/lib_51_MBTLE_PB_ADV_EE.a(prov_bearer_adv.c.obj)
 .text.prov_bearer_adv_link_open
                0x0000000000020680      0x11c ../../mesh/lib_51_MBTLE_PB_ADV_EE.a(prov_bearer_adv.c.obj)
 .text.prov_bearer_adv_listen
                0x000000000002079c       0xe8 ../../mesh/lib_51_MBTLE_PB_ADV_EE.a(prov_bearer_adv.c.obj)
 .text.calculate_3GPP_CRC
                0x0000000000020884       0x28 ../../mesh/lib_51_MBTLE_PB_ADV_EE.a(prov_bearer_adv.c.obj)
                0x0000000000020884                calculate_3GPP_CRC
 .text.prov_bearer_adv_tx
                0x00000000000208ac       0xc8 ../../mesh/lib_51_MBTLE_PB_ADV_EE.a(prov_bearer_adv.c.obj)
 .text.prov_buffer_rx
                0x0000000000020974       0x90 ../../mesh/lib_51_MBTLE_PB_ADV_EE.a(prov_bearer_adv.c.obj)
 .text.prov_bearer_adv_interface_get
                0x0000000000020a04        0x8 ../../mesh/lib_51_MBTLE_PB_ADV_EE.a(prov_bearer_adv.c.obj)
                0x0000000000020a04                prov_bearer_adv_interface_get
 .text.prov_bearer_adv_pkt_in
                0x0000000000020a0c      0xa24 ../../mesh/lib_51_MBTLE_PB_ADV_EE.a(prov_bearer_adv.c.obj)
                0x0000000000020a0c                prov_bearer_adv_pkt_in
 .text.oob_gen_alphanumeric
                0x0000000000021430       0x38 ../../mesh/lib_51_MBTLE_PB_ADV_EE.a(prov_utils.c.obj)
 .text.oob_gen_numeric
                0x0000000000021468       0x4c ../../mesh/lib_51_MBTLE_PB_ADV_EE.a(prov_utils.c.obj)
 .text.prov_utils_use_ecdh_offloading
                0x00000000000214b4        0xc ../../mesh/lib_51_MBTLE_PB_ADV_EE.a(prov_utils.c.obj)
                0x00000000000214b4                prov_utils_use_ecdh_offloading
 .text.prov_utils_authentication_values_derive
                0x00000000000214c0       0xd4 ../../mesh/lib_51_MBTLE_PB_ADV_EE.a(prov_utils.c.obj)
                0x00000000000214c0                prov_utils_authentication_values_derive
 .text.prov_utils_keys_generate
                0x0000000000021594       0x20 ../../mesh/lib_51_MBTLE_PB_ADV_EE.a(prov_utils.c.obj)
                0x0000000000021594                prov_utils_keys_generate
 .text.prov_utils_derive_keys
                0x00000000000215b4       0xc0 ../../mesh/lib_51_MBTLE_PB_ADV_EE.a(prov_utils.c.obj)
                0x00000000000215b4                prov_utils_derive_keys
 .text.prov_utils_calculate_shared_secret
                0x0000000000021674       0x44 ../../mesh/lib_51_MBTLE_PB_ADV_EE.a(prov_utils.c.obj)
                0x0000000000021674                prov_utils_calculate_shared_secret
 .text.prov_utils_generate_oob_data
                0x00000000000216b8       0xe0 ../../mesh/lib_51_MBTLE_PB_ADV_EE.a(prov_utils.c.obj)
                0x00000000000216b8                prov_utils_generate_oob_data
 .text.prov_utils_confirmation_check
                0x0000000000021798       0x6c ../../mesh/lib_51_MBTLE_PB_ADV_EE.a(prov_utils.c.obj)
                0x0000000000021798                prov_utils_confirmation_check
 .text.prov_beacon_unprov_build
                0x0000000000021804       0x52 ../../mesh/lib_51_MBTLE_PB_ADV_EE.a(prov_beacon.c.obj)
                0x0000000000021804                prov_beacon_unprov_build
 *fill*         0x0000000000021856        0x2 
 .text.prov_beacon_unprov_pkt_in
                0x0000000000021858       0xd4 ../../mesh/lib_51_MBTLE_PB_ADV_EE.a(prov_beacon.c.obj)
                0x0000000000021858                prov_beacon_unprov_pkt_in
 .text.complete_provisioning
                0x000000000002192c       0x74 ../../mesh/lib_51_MBTLE_PB_ADV_EE.a(prov_provisionee.c.obj)
 .text.prov_provisionee_cb_link_closed
                0x00000000000219a0       0x38 ../../mesh/lib_51_MBTLE_PB_ADV_EE.a(prov_provisionee.c.obj)
 .text.prov_provisionee_cb_link_established
                0x00000000000219d8       0x20 ../../mesh/lib_51_MBTLE_PB_ADV_EE.a(prov_provisionee.c.obj)
 .text.request_authentication
                0x00000000000219f8       0xb4 ../../mesh/lib_51_MBTLE_PB_ADV_EE.a(prov_provisionee.c.obj)
 .text.send_failed
                0x0000000000021aac       0x4c ../../mesh/lib_51_MBTLE_PB_ADV_EE.a(prov_provisionee.c.obj)
 .text.start_authentication
                0x0000000000021af8       0x6c ../../mesh/lib_51_MBTLE_PB_ADV_EE.a(prov_provisionee.c.obj)
 .text.prov_provisionee_cb_ack_received
                0x0000000000021b64       0xcc ../../mesh/lib_51_MBTLE_PB_ADV_EE.a(prov_provisionee.c.obj)
 .text.prov_provisionee_pkt_in
                0x0000000000021c30      0x3b0 ../../mesh/lib_51_MBTLE_PB_ADV_EE.a(prov_provisionee.c.obj)
 .text.prov_provisionee_init
                0x0000000000021fe0       0x4c ../../mesh/lib_51_MBTLE_PB_ADV_EE.a(prov_provisionee.c.obj)
                0x0000000000021fe0                prov_provisionee_init
 .text.prov_provisionee_auth_data
                0x000000000002202c       0x90 ../../mesh/lib_51_MBTLE_PB_ADV_EE.a(prov_provisionee.c.obj)
                0x000000000002202c                prov_provisionee_auth_data
 .text._weak_handler
                0x00000000000220bc        0x4 ../../mesh/lib_51_MBTLE_CORE.a(nrf_mesh_weak.c.obj)
                0x00000000000220bc                nrf_mesh_dfu_init
                0x00000000000220bc                nrf_mesh_dfu_jump_to_bootloader
                0x00000000000220bc                prov_provisioner_cb_link_established
                0x00000000000220bc                nrf_mesh_dfu_rx
                0x00000000000220bc                prov_provisionee_pkt_in
                0x00000000000220bc                prov_provisioner_provision
                0x00000000000220bc                prov_provisioner_cb_ack_received
                0x00000000000220bc                nrf_mesh_dfu_bank_info_get
                0x00000000000220bc                prov_provisionee_cb_ack_received
                0x00000000000220bc                prov_provisioner_oob_pubkey
                0x00000000000220bc                nrf_mesh_dfu_request
                0x00000000000220bc                nrf_mesh_dfu_bank_flash
                0x00000000000220bc                _weak_handler
                0x00000000000220bc                prov_provisioner_pkt_in
                0x00000000000220bc                prov_provisioner_init
                0x00000000000220bc                nrf_mesh_dfu_relay
                0x00000000000220bc                prov_provisionee_accept
                0x00000000000220bc                nrf_mesh_dfu_abort
                0x00000000000220bc                nrf_mesh_dfu_state_get
                0x00000000000220bc                prov_provisioner_shared_secret
                0x00000000000220bc                prov_provisioner_auth_data
                0x00000000000220bc                prov_provisioner_oob_use
 .text.is_valid_gap_addr
                0x00000000000220c0       0x7c ../../mesh/lib_51_MBTLE_CORE.a(bearer_adv.c.obj)
 .text.packet_tx
                0x000000000002213c       0xaa ../../mesh/lib_51_MBTLE_CORE.a(bearer_adv.c.obj)
 *fill*         0x00000000000221e6        0x2 
 .text.scan_order
                0x00000000000221e8       0xb0 ../../mesh/lib_51_MBTLE_CORE.a(bearer_adv.c.obj)
 .text.radio_idle_cb
                0x0000000000022298       0x18 ../../mesh/lib_51_MBTLE_CORE.a(bearer_adv.c.obj)
 .text.scan_begin_timer_cb
                0x00000000000222b0       0x44 ../../mesh/lib_51_MBTLE_CORE.a(bearer_adv.c.obj)
 .text.radio_tx_cb
                0x00000000000222f4       0x34 ../../mesh/lib_51_MBTLE_CORE.a(bearer_adv.c.obj)
 .text.tx_event_send
                0x0000000000022328       0x22 ../../mesh/lib_51_MBTLE_CORE.a(bearer_adv.c.obj)
 *fill*         0x000000000002234a        0x2 
 .text.radio_rx_cb
                0x000000000002234c       0x44 ../../mesh/lib_51_MBTLE_CORE.a(bearer_adv.c.obj)
 .text.adv_evt_timeout
                0x0000000000022390      0x168 ../../mesh/lib_51_MBTLE_CORE.a(bearer_adv.c.obj)
 .text.next_adv_schedule
                0x00000000000224f8       0x80 ../../mesh/lib_51_MBTLE_CORE.a(bearer_adv.c.obj)
 .text.scan_end_timer_cb
                0x0000000000022578       0x14 ../../mesh/lib_51_MBTLE_CORE.a(bearer_adv.c.obj)
 .text.bearer_adv_advertiser_init
                0x000000000002258c      0x13c ../../mesh/lib_51_MBTLE_CORE.a(bearer_adv.c.obj)
                0x000000000002258c                bearer_adv_advertiser_init
 .text.bearer_adv_reconfig
                0x00000000000226c8       0x50 ../../mesh/lib_51_MBTLE_CORE.a(bearer_adv.c.obj)
                0x00000000000226c8                bearer_adv_reconfig
 .text.bearer_adv_tx
                0x0000000000022718       0x58 ../../mesh/lib_51_MBTLE_CORE.a(bearer_adv.c.obj)
                0x0000000000022718                bearer_adv_tx
 .text.bearer_adv_adv_stop
                0x0000000000022770       0x1a ../../mesh/lib_51_MBTLE_CORE.a(bearer_adv.c.obj)
                0x0000000000022770                bearer_adv_adv_stop
 .text.bearer_adv_adv_start
                0x000000000002278a       0x26 ../../mesh/lib_51_MBTLE_CORE.a(bearer_adv.c.obj)
                0x000000000002278a                bearer_adv_adv_start
 .text.bearer_adv_flush_tx
                0x00000000000227b0       0x56 ../../mesh/lib_51_MBTLE_CORE.a(bearer_adv.c.obj)
                0x00000000000227b0                bearer_adv_flush_tx
 .text.bearer_adv_interval_reset
                0x0000000000022806       0x30 ../../mesh/lib_51_MBTLE_CORE.a(bearer_adv.c.obj)
                0x0000000000022806                bearer_adv_interval_reset
 *fill*         0x0000000000022836        0x2 
 .text.bearer_adv_scan_start
                0x0000000000022838       0x60 ../../mesh/lib_51_MBTLE_CORE.a(bearer_adv.c.obj)
                0x0000000000022838                bearer_adv_scan_start
 .text.bearer_adv_gap_type_set
                0x0000000000022898       0x60 ../../mesh/lib_51_MBTLE_CORE.a(bearer_adv.c.obj)
                0x0000000000022898                bearer_adv_gap_type_set
 .text.bearer_adv_addr_get
                0x00000000000228f8       0x28 ../../mesh/lib_51_MBTLE_CORE.a(bearer_adv.c.obj)
                0x00000000000228f8                bearer_adv_addr_get
 .text.bearer_adv_addr_default_set
                0x0000000000022920       0x30 ../../mesh/lib_51_MBTLE_CORE.a(bearer_adv.c.obj)
                0x0000000000022920                bearer_adv_addr_default_set
 .text.bearer_adv_init
                0x0000000000022950       0xf4 ../../mesh/lib_51_MBTLE_CORE.a(bearer_adv.c.obj)
                0x0000000000022950                bearer_adv_init
 .text.fifo_init
                0x0000000000022a44       0x60 ../../mesh/lib_51_MBTLE_CORE.a(fifo.c.obj)
                0x0000000000022a44                fifo_init
 .text.fifo_push
                0x0000000000022aa4       0x64 ../../mesh/lib_51_MBTLE_CORE.a(fifo.c.obj)
                0x0000000000022aa4                fifo_push
 .text.fifo_pop
                0x0000000000022b08       0x62 ../../mesh/lib_51_MBTLE_CORE.a(fifo.c.obj)
                0x0000000000022b08                fifo_pop
 .text.fifo_peek_at
                0x0000000000022b6a       0x62 ../../mesh/lib_51_MBTLE_CORE.a(fifo.c.obj)
                0x0000000000022b6a                fifo_peek_at
 .text.fifo_peek
                0x0000000000022bcc        0xa ../../mesh/lib_51_MBTLE_CORE.a(fifo.c.obj)
                0x0000000000022bcc                fifo_peek
 .text.fifo_flush
                0x0000000000022bd6        0x6 ../../mesh/lib_51_MBTLE_CORE.a(fifo.c.obj)
                0x0000000000022bd6                fifo_flush
 .text.fifo_get_len
                0x0000000000022bdc        0x8 ../../mesh/lib_51_MBTLE_CORE.a(fifo.c.obj)
                0x0000000000022bdc                fifo_get_len
 .text.fifo_is_empty
                0x0000000000022be4        0xe ../../mesh/lib_51_MBTLE_CORE.a(fifo.c.obj)
                0x0000000000022be4                fifo_is_empty
 *fill*         0x0000000000022bf2        0x2 
 .text.packet_mgr_init
                0x0000000000022bf4       0x5c ../../mesh/lib_51_MBTLE_CORE.a(packet_mgr.c.obj)
                0x0000000000022bf4                packet_mgr_init
 .text.packet_mgr_alloc
                0x0000000000022c50      0x1f4 ../../mesh/lib_51_MBTLE_CORE.a(packet_mgr.c.obj)
                0x0000000000022c50                packet_mgr_alloc
 .text.packet_mgr_free
                0x0000000000022e44       0x74 ../../mesh/lib_51_MBTLE_CORE.a(packet_mgr.c.obj)
                0x0000000000022e44                packet_mgr_free
 .text.radio_init
                0x0000000000022eb8       0x60 ../../mesh/lib_51_MBTLE_CORE.a(radio.c.obj)
                0x0000000000022eb8                radio_init
 .text.radio_order
                0x0000000000022f18      0x13c ../../mesh/lib_51_MBTLE_CORE.a(radio.c.obj)
                0x0000000000022f18                radio_order
 .text.radio_invoke
                0x0000000000023054       0x28 ../../mesh/lib_51_MBTLE_CORE.a(radio.c.obj)
                0x0000000000023054                radio_invoke
 .text.radio_stop
                0x000000000002307c       0x28 ../../mesh/lib_51_MBTLE_CORE.a(radio.c.obj)
                0x000000000002307c                radio_stop
 .text.purge_preemptable
                0x00000000000230a4       0x7c ../../mesh/lib_51_MBTLE_CORE.a(radio.c.obj)
 .text.radio_preemptable_cancel
                0x0000000000023120       0x2c ../../mesh/lib_51_MBTLE_CORE.a(radio.c.obj)
                0x0000000000023120                radio_preemptable_cancel
 .text.radio_event_handler
                0x000000000002314c      0x134 ../../mesh/lib_51_MBTLE_CORE.a(radio.c.obj)
                0x000000000002314c                radio_event_handler
 .text.radio_on_ts_begin
                0x0000000000023280       0x50 ../../mesh/lib_51_MBTLE_CORE.a(radio.c.obj)
                0x0000000000023280                radio_on_ts_begin
 .text.radio_on_ts_end
                0x00000000000232d0        0x8 ../../mesh/lib_51_MBTLE_CORE.a(radio.c.obj)
                0x00000000000232d0                radio_on_ts_end
 .text.timer_order_cb
                0x00000000000232d8       0x9c ../../mesh/lib_51_MBTLE_CORE.a(timer.c.obj)
                0x00000000000232d8                timer_order_cb
 .text.timer_abort
                0x0000000000023374       0x8c ../../mesh/lib_51_MBTLE_CORE.a(timer.c.obj)
                0x0000000000023374                timer_abort
 .text.timer_now
                0x0000000000023400       0x58 ../../mesh/lib_51_MBTLE_CORE.a(timer.c.obj)
                0x0000000000023400                timer_now
 .text.timer_event_handler
                0x0000000000023458       0xa0 ../../mesh/lib_51_MBTLE_CORE.a(timer.c.obj)
                0x0000000000023458                timer_event_handler
 .text.timer_on_ts_begin
                0x00000000000234f8      0x138 ../../mesh/lib_51_MBTLE_CORE.a(timer.c.obj)
                0x00000000000234f8                timer_on_ts_begin
 .text.timer_on_ts_end
                0x0000000000023630       0x48 ../../mesh/lib_51_MBTLE_CORE.a(timer.c.obj)
                0x0000000000023630                timer_on_ts_end
 .text.add_evt  0x0000000000023678       0x90 ../../mesh/lib_51_MBTLE_CORE.a(timer_scheduler.c.obj)
 .text.process_add_list
                0x0000000000023708       0x50 ../../mesh/lib_51_MBTLE_CORE.a(timer_scheduler.c.obj)
 .text.process_dirty_events
                0x0000000000023758       0xb8 ../../mesh/lib_51_MBTLE_CORE.a(timer_scheduler.c.obj)
 .text.flag_event_cb
                0x0000000000023810      0x138 ../../mesh/lib_51_MBTLE_CORE.a(timer_scheduler.c.obj)
 .text.timer_cb
                0x0000000000023948       0x10 ../../mesh/lib_51_MBTLE_CORE.a(timer_scheduler.c.obj)
 .text.timer_sch_init
                0x0000000000023958       0x24 ../../mesh/lib_51_MBTLE_CORE.a(timer_scheduler.c.obj)
                0x0000000000023958                timer_sch_init
 .text.timer_sch_schedule
                0x000000000002397c       0x94 ../../mesh/lib_51_MBTLE_CORE.a(timer_scheduler.c.obj)
                0x000000000002397c                timer_sch_schedule
 .text.timer_sch_abort
                0x0000000000023a10       0x6c ../../mesh/lib_51_MBTLE_CORE.a(timer_scheduler.c.obj)
                0x0000000000023a10                timer_sch_abort
 .text.timer_sch_reschedule
                0x0000000000023a7c       0xb4 ../../mesh/lib_51_MBTLE_CORE.a(timer_scheduler.c.obj)
                0x0000000000023a7c                timer_sch_reschedule
 .text.beacon_init
                0x0000000000023b30       0x44 ../../mesh/lib_51_MBTLE_CORE.a(beacon.c.obj)
                0x0000000000023b30                beacon_init
 .text.beacon_create
                0x0000000000023b74       0x5e ../../mesh/lib_51_MBTLE_CORE.a(beacon.c.obj)
                0x0000000000023b74                beacon_create
 *fill*         0x0000000000023bd2        0x2 
 .text.beacon_tx
                0x0000000000023bd4       0x48 ../../mesh/lib_51_MBTLE_CORE.a(beacon.c.obj)
                0x0000000000023bd4                beacon_tx
 .text.beacon_pkt_in
                0x0000000000023c1c      0x19c ../../mesh/lib_51_MBTLE_CORE.a(beacon.c.obj)
                0x0000000000023c1c                beacon_pkt_in
 .text.bearer_rx_cb
                0x0000000000023db8      0x3a0 ../../mesh/lib_51_MBTLE_CORE.a(bearer.c.obj)
 .text.bearer_init
                0x0000000000024158       0x68 ../../mesh/lib_51_MBTLE_CORE.a(bearer.c.obj)
                0x0000000000024158                bearer_init
 .text.bearer_enable
                0x00000000000241c0        0xa ../../mesh/lib_51_MBTLE_CORE.a(bearer.c.obj)
                0x00000000000241c0                bearer_enable
 *fill*         0x00000000000241ca        0x2 
 .text.bearer_tx
                0x00000000000241cc       0x50 ../../mesh/lib_51_MBTLE_CORE.a(bearer.c.obj)
                0x00000000000241cc                bearer_tx
 .text.bearer_rx
                0x000000000002421c       0x3c ../../mesh/lib_51_MBTLE_CORE.a(bearer.c.obj)
                0x000000000002421c                bearer_rx
 .text.evt_push
                0x0000000000024258       0x28 ../../mesh/lib_51_MBTLE_CORE.a(bearer_event.c.obj)
 .text.QDEC_IRQHandler
                0x0000000000024280       0xb4 ../../mesh/lib_51_MBTLE_CORE.a(bearer_event.c.obj)
                0x0000000000024280                QDEC_IRQHandler
 .text.bearer_event_init
                0x0000000000024334       0x40 ../../mesh/lib_51_MBTLE_CORE.a(bearer_event.c.obj)
                0x0000000000024334                bearer_event_init
 .text.bearer_event_generic_post
                0x0000000000024374       0x38 ../../mesh/lib_51_MBTLE_CORE.a(bearer_event.c.obj)
                0x0000000000024374                bearer_event_generic_post
 .text.bearer_event_timer_post
                0x00000000000243ac       0x38 ../../mesh/lib_51_MBTLE_CORE.a(bearer_event.c.obj)
                0x00000000000243ac                bearer_event_timer_post
 .text.bearer_event_critical_section_begin
                0x00000000000243e4       0x48 ../../mesh/lib_51_MBTLE_CORE.a(bearer_event.c.obj)
                0x00000000000243e4                bearer_event_critical_section_begin
 .text.bearer_event_critical_section_end
                0x000000000002442c       0x50 ../../mesh/lib_51_MBTLE_CORE.a(bearer_event.c.obj)
                0x000000000002442c                bearer_event_critical_section_end
 .text.bearer_event_flag_add
                0x000000000002447c       0x58 ../../mesh/lib_51_MBTLE_CORE.a(bearer_event.c.obj)
                0x000000000002447c                bearer_event_flag_add
 .text.bearer_event_flag_set
                0x00000000000244d4       0x5c ../../mesh/lib_51_MBTLE_CORE.a(bearer_event.c.obj)
                0x00000000000244d4                bearer_event_flag_set
 .text.nrf_mesh_configure_device_uuid_reset
                0x0000000000024530       0x28 ../../mesh/lib_51_MBTLE_CORE.a(nrf_mesh_configure.c.obj)
                0x0000000000024530                nrf_mesh_configure_device_uuid_reset
 .text.nrf_mesh_configure_device_uuid_get
                0x0000000000024558        0x8 ../../mesh/lib_51_MBTLE_CORE.a(nrf_mesh_configure.c.obj)
                0x0000000000024558                nrf_mesh_configure_device_uuid_get
 .text.enc_aes_encrypt
                0x0000000000024560        0x8 ../../mesh/lib_51_MBTLE_CORE.a(enc.c.obj)
                0x0000000000024560                enc_aes_encrypt
 .text.enc_aes_cmac
                0x0000000000024568        0x8 ../../mesh/lib_51_MBTLE_CORE.a(enc.c.obj)
                0x0000000000024568                enc_aes_cmac
 .text.enc_aes_ccm_encrypt
                0x0000000000024570        0x8 ../../mesh/lib_51_MBTLE_CORE.a(enc.c.obj)
                0x0000000000024570                enc_aes_ccm_encrypt
 .text.enc_aes_ccm_decrypt
                0x0000000000024578        0x8 ../../mesh/lib_51_MBTLE_CORE.a(enc.c.obj)
                0x0000000000024578                enc_aes_ccm_decrypt
 .text.enc_nonce_generate
                0x0000000000024580       0xcc ../../mesh/lib_51_MBTLE_CORE.a(enc.c.obj)
                0x0000000000024580                enc_nonce_generate
 .text.enc_s1   0x000000000002464c       0x44 ../../mesh/lib_51_MBTLE_CORE.a(enc.c.obj)
                0x000000000002464c                enc_s1
 .text.enc_k1   0x0000000000024690       0x58 ../../mesh/lib_51_MBTLE_CORE.a(enc.c.obj)
                0x0000000000024690                enc_k1
 .text.enc_k2   0x00000000000246e8       0xfc ../../mesh/lib_51_MBTLE_CORE.a(enc.c.obj)
                0x00000000000246e8                enc_k2
 .text.enc_k3   0x00000000000247e4       0x68 ../../mesh/lib_51_MBTLE_CORE.a(enc.c.obj)
                0x00000000000247e4                enc_k3
 .text.enc_k4   0x000000000002484c       0x64 ../../mesh/lib_51_MBTLE_CORE.a(enc.c.obj)
                0x000000000002484c                enc_k4
 .text.event_handle
                0x00000000000248b0       0x38 ../../mesh/lib_51_MBTLE_CORE.a(event.c.obj)
                0x00000000000248b0                event_handle
 .text.event_handler_add
                0x00000000000248e8       0x98 ../../mesh/lib_51_MBTLE_CORE.a(event.c.obj)
                0x00000000000248e8                event_handler_add
 .text.log_callback_rtt
                0x0000000000024980       0x2c ../../mesh/lib_51_MBTLE_CORE.a(log.c.obj)
                0x0000000000024980                log_callback_rtt
 .text.log_init
                0x00000000000249ac       0x1c ../../mesh/lib_51_MBTLE_CORE.a(log.c.obj)
                0x00000000000249ac                log_init
 .text.log_vprintf
                0x00000000000249c8       0x20 ../../mesh/lib_51_MBTLE_CORE.a(log.c.obj)
                0x00000000000249c8                log_vprintf
 .text.log_printf
                0x00000000000249e8       0x16 ../../mesh/lib_51_MBTLE_CORE.a(log.c.obj)
                0x00000000000249e8                log_printf
 *fill*         0x00000000000249fe        0x2 
 .text.network_beacon_tx_cb
                0x0000000000024a00      0x124 ../../mesh/lib_51_MBTLE_CORE.a(net_beacon.c.obj)
 .text.net_beacon_init
                0x0000000000024b24       0x60 ../../mesh/lib_51_MBTLE_CORE.a(net_beacon.c.obj)
                0x0000000000024b24                net_beacon_init
 .text.net_beacon_pkt_in
                0x0000000000024b84       0xe8 ../../mesh/lib_51_MBTLE_CORE.a(net_beacon.c.obj)
                0x0000000000024b84                net_beacon_pkt_in
 .text.flash_mem_available
                0x0000000000024c6c       0x20 ../../mesh/lib_51_MBTLE_CORE.a(net_state.c.obj)
 .text.flash_store_iv_index
                0x0000000000024c8c       0x34 ../../mesh/lib_51_MBTLE_CORE.a(net_state.c.obj)
 .text.seqnum_block_allocate
                0x0000000000024cc0       0x54 ../../mesh/lib_51_MBTLE_CORE.a(net_state.c.obj)
 .text.flash_write_complete
                0x0000000000024d14       0x84 ../../mesh/lib_51_MBTLE_CORE.a(net_state.c.obj)
 .text.net_state_recover_from_flash
                0x0000000000024d98       0x98 ../../mesh/lib_51_MBTLE_CORE.a(net_state.c.obj)
                0x0000000000024d98                net_state_recover_from_flash
 .text.net_state_flash_area_get
                0x0000000000024e30       0x14 ../../mesh/lib_51_MBTLE_CORE.a(net_state.c.obj)
                0x0000000000024e30                net_state_flash_area_get
 .text.init_flash_storage
                0x0000000000024e44       0x44 ../../mesh/lib_51_MBTLE_CORE.a(net_state.c.obj)
 .text.net_state_init
                0x0000000000024e88       0x48 ../../mesh/lib_51_MBTLE_CORE.a(net_state.c.obj)
                0x0000000000024e88                net_state_init
 .text.net_state_iv_update_start
                0x0000000000024ed0       0x70 ../../mesh/lib_51_MBTLE_CORE.a(net_state.c.obj)
                0x0000000000024ed0                net_state_iv_update_start
 .text.iv_update_trigger_if_pending
                0x0000000000024f40       0x98 ../../mesh/lib_51_MBTLE_CORE.a(net_state.c.obj)
 .text.iv_update_timer_handler
                0x0000000000024fd8       0x8c ../../mesh/lib_51_MBTLE_CORE.a(net_state.c.obj)
 .text.net_state_seqnum_alloc
                0x0000000000025064       0x74 ../../mesh/lib_51_MBTLE_CORE.a(net_state.c.obj)
                0x0000000000025064                net_state_seqnum_alloc
 .text.net_state_iv_index_lock
                0x00000000000250d8       0x5c ../../mesh/lib_51_MBTLE_CORE.a(net_state.c.obj)
                0x00000000000250d8                net_state_iv_index_lock
 .text.net_state_beacon_received
                0x0000000000025134       0xc0 ../../mesh/lib_51_MBTLE_CORE.a(net_state.c.obj)
                0x0000000000025134                net_state_beacon_received
 .text.net_state_beacon_iv_index_get
                0x00000000000251f4        0xc ../../mesh/lib_51_MBTLE_CORE.a(net_state.c.obj)
                0x00000000000251f4                net_state_beacon_iv_index_get
 .text.net_state_tx_iv_index_get
                0x0000000000025200       0x1c ../../mesh/lib_51_MBTLE_CORE.a(net_state.c.obj)
                0x0000000000025200                net_state_tx_iv_index_get
 .text.net_state_rx_iv_index_get
                0x000000000002521c       0x18 ../../mesh/lib_51_MBTLE_CORE.a(net_state.c.obj)
                0x000000000002521c                net_state_rx_iv_index_get
 .text.net_state_iv_update_get
                0x0000000000025234        0xc ../../mesh/lib_51_MBTLE_CORE.a(net_state.c.obj)
                0x0000000000025234                net_state_iv_update_get
 .text.sd_softdevice_is_enabled
                0x0000000000025240        0x4 ../../mesh/lib_51_MBTLE_CORE.a(nrf_mesh.c.obj)
 .text.nrf_mesh_init
                0x0000000000025244       0xb0 ../../mesh/lib_51_MBTLE_CORE.a(nrf_mesh.c.obj)
                0x0000000000025244                nrf_mesh_init
 .text.nrf_mesh_enable
                0x00000000000252f4       0x4c ../../mesh/lib_51_MBTLE_CORE.a(nrf_mesh.c.obj)
                0x00000000000252f4                nrf_mesh_enable
 .text.nrf_mesh_packet_send
                0x0000000000025340       0x54 ../../mesh/lib_51_MBTLE_CORE.a(nrf_mesh.c.obj)
                0x0000000000025340                nrf_mesh_packet_send
 .text.nrf_mesh_process
                0x0000000000025394      0x23c ../../mesh/lib_51_MBTLE_CORE.a(nrf_mesh.c.obj)
                0x0000000000025394                nrf_mesh_process
 .text.nrf_mesh_on_ble_evt
                0x00000000000255d0        0x4 ../../mesh/lib_51_MBTLE_CORE.a(nrf_mesh.c.obj)
                0x00000000000255d0                nrf_mesh_on_ble_evt
 .text.nrf_mesh_on_sd_evt
                0x00000000000255d4        0xa ../../mesh/lib_51_MBTLE_CORE.a(nrf_mesh.c.obj)
                0x00000000000255d4                nrf_mesh_on_sd_evt
 .text.nrf_mesh_evt_handler_add
                0x00000000000255de        0x8 ../../mesh/lib_51_MBTLE_CORE.a(nrf_mesh.c.obj)
                0x00000000000255de                nrf_mesh_evt_handler_add
 .text.nrf_mesh_keygen_aid
                0x00000000000255e6       0x1a ../../mesh/lib_51_MBTLE_CORE.a(nrf_mesh_keygen.c.obj)
                0x00000000000255e6                nrf_mesh_keygen_aid
 .text.nrf_mesh_keygen_network_secmat
                0x0000000000025600       0x2a ../../mesh/lib_51_MBTLE_CORE.a(nrf_mesh_keygen.c.obj)
                0x0000000000025600                nrf_mesh_keygen_network_secmat
 *fill*         0x000000000002562a        0x2 
 .text.nrf_mesh_keygen_beacon_secmat
                0x000000000002562c       0x58 ../../mesh/lib_51_MBTLE_CORE.a(nrf_mesh_keygen.c.obj)
                0x000000000002562c                nrf_mesh_keygen_beacon_secmat
 .text.nrf_mesh_keygen_virtual_address
                0x0000000000025684       0x54 ../../mesh/lib_51_MBTLE_CORE.a(nrf_mesh_keygen.c.obj)
                0x0000000000025684                nrf_mesh_keygen_virtual_address
 .text.nrf_mesh_address_type_get
                0x00000000000256d8       0x14 ../../mesh/lib_51_MBTLE_CORE.a(nrf_mesh_utils.c.obj)
                0x00000000000256d8                nrf_mesh_address_type_get
 .text.nrf_mesh_gap_address_type_get
                0x00000000000256ec       0x48 ../../mesh/lib_51_MBTLE_CORE.a(nrf_mesh_utils.c.obj)
                0x00000000000256ec                nrf_mesh_gap_address_type_get
 .text.radio_config_reset
                0x0000000000025734       0x48 ../../mesh/lib_51_MBTLE_CORE.a(radio_config.c.obj)
                0x0000000000025734                radio_config_reset
 .text.radio_config_channel_set
                0x000000000002577c       0x40 ../../mesh/lib_51_MBTLE_CORE.a(radio_config.c.obj)
                0x000000000002577c                radio_config_channel_set
 .text.radio_config_config
                0x00000000000257bc       0xd8 ../../mesh/lib_51_MBTLE_CORE.a(radio_config.c.obj)
                0x00000000000257bc                radio_config_config
 .text.sd_rand_application_bytes_available_get
                0x0000000000025894        0x4 ../../mesh/lib_51_MBTLE_CORE.a(rand.c.obj)
 .text.sd_rand_application_vector_get
                0x0000000000025898        0x4 ../../mesh/lib_51_MBTLE_CORE.a(rand.c.obj)
 .text.rand_prng_get
                0x000000000002589c       0x2e ../../mesh/lib_51_MBTLE_CORE.a(rand.c.obj)
                0x000000000002589c                rand_prng_get
 *fill*         0x00000000000258ca        0x2 
 .text.rand_hw_rng_get
                0x00000000000258cc       0x64 ../../mesh/lib_51_MBTLE_CORE.a(rand.c.obj)
                0x00000000000258cc                rand_hw_rng_get
 .text.rand_prng_seed
                0x0000000000025930       0x34 ../../mesh/lib_51_MBTLE_CORE.a(rand.c.obj)
                0x0000000000025930                rand_prng_seed
 .text.timer_cb
                0x0000000000025964       0x10 ../../mesh/lib_51_MBTLE_CORE.a(ticker.c.obj)
 .text.ticker_init
                0x0000000000025974       0x38 ../../mesh/lib_51_MBTLE_CORE.a(ticker.c.obj)
                0x0000000000025974                ticker_init
 .text.packet_mesh_trs_seq_auth_get
                0x00000000000259ac       0x40 ../../mesh/lib_51_MBTLE_CORE.a(transport.c.obj)
 .text.trs_sar_ack_timeout_cb
                0x00000000000259ec       0x18 ../../mesh/lib_51_MBTLE_CORE.a(transport.c.obj)
 .text.trs_sar_tx_timeout_cb
                0x0000000000025a04        0xc ../../mesh/lib_51_MBTLE_CORE.a(transport.c.obj)
 .text.trs_sar_session_next_timeout_get
                0x0000000000025a10       0x6c ../../mesh/lib_51_MBTLE_CORE.a(transport.c.obj)
 .text.m_send_sar_cancel_event
                0x0000000000025a7c       0x26 ../../mesh/lib_51_MBTLE_CORE.a(transport.c.obj)
 .text.m_send_replay_cache_full_event
                0x0000000000025aa2       0x2e ../../mesh/lib_51_MBTLE_CORE.a(transport.c.obj)
 .text.test_transport_decrypt
                0x0000000000025ad0       0xa8 ../../mesh/lib_51_MBTLE_CORE.a(transport.c.obj)
 .text.trs_sar_drop_session
                0x0000000000025b78      0x12c ../../mesh/lib_51_MBTLE_CORE.a(transport.c.obj)
 .text.trs_sar_session_cb
                0x0000000000025ca4       0xa8 ../../mesh/lib_51_MBTLE_CORE.a(transport.c.obj)
 .text.trs_sar_pkt_ack
                0x0000000000025d4c      0x154 ../../mesh/lib_51_MBTLE_CORE.a(transport.c.obj)
 .text.sar_segment_send
                0x0000000000025ea0      0x19c ../../mesh/lib_51_MBTLE_CORE.a(transport.c.obj)
 .text.trs_sar_session_timer_order
                0x000000000002603c       0x34 ../../mesh/lib_51_MBTLE_CORE.a(transport.c.obj)
 .text.trs_sar_pkt_decrypt
                0x0000000000026070      0x4c4 ../../mesh/lib_51_MBTLE_CORE.a(transport.c.obj)
                0x0000000000026070                trs_sar_pkt_decrypt
 .text.transport_sar_mem_funcs_reset
                0x0000000000026534       0x2c ../../mesh/lib_51_MBTLE_CORE.a(transport.c.obj)
                0x0000000000026534                transport_sar_mem_funcs_reset
 .text.transport_init
                0x0000000000026560       0xb8 ../../mesh/lib_51_MBTLE_CORE.a(transport.c.obj)
                0x0000000000026560                transport_init
 .text.transport_sar_mem_funcs_set
                0x0000000000026618       0x44 ../../mesh/lib_51_MBTLE_CORE.a(transport.c.obj)
                0x0000000000026618                transport_sar_mem_funcs_set
 .text.transport_pkt_in
                0x000000000002665c     0x1168 ../../mesh/lib_51_MBTLE_CORE.a(transport.c.obj)
                0x000000000002665c                transport_pkt_in
 .text.transport_sar_process
                0x00000000000277c4      0x510 ../../mesh/lib_51_MBTLE_CORE.a(transport.c.obj)
                0x00000000000277c4                transport_sar_process
 .text.transport_tx
                0x0000000000027cd4      0x234 ../../mesh/lib_51_MBTLE_CORE.a(transport.c.obj)
                0x0000000000027cd4                transport_tx
 .text.transport_seg_maxlen_get
                0x0000000000027f08       0x14 ../../mesh/lib_51_MBTLE_CORE.a(transport.c.obj)
                0x0000000000027f08                transport_seg_maxlen_get
 .text.transport_tx_sar
                0x0000000000027f1c      0x558 ../../mesh/lib_51_MBTLE_CORE.a(transport.c.obj)
                0x0000000000027f1c                transport_tx_sar
 .text.transport_unseg_maxlen_get
                0x0000000000028474        0x4 ../../mesh/lib_51_MBTLE_CORE.a(transport.c.obj)
                0x0000000000028474                transport_unseg_maxlen_get
 .text.internal_event_push
                0x0000000000028478       0x34 ../../mesh/lib_51_MBTLE_CORE.a(internal_event.c.obj)
                0x0000000000028478                internal_event_push
 .text.flash_area_is_blank
                0x00000000000284ac       0x60 ../../mesh/lib_51_MBTLE_CORE.a(flash_manager.c.obj)
 .text.free_packet_buffer
                0x000000000002850c       0x58 ../../mesh/lib_51_MBTLE_CORE.a(flash_manager.c.obj)
 .text.reserve_action_buffer
                0x0000000000028564       0x28 ../../mesh/lib_51_MBTLE_CORE.a(flash_manager.c.obj)
 .text.get_last_entry
                0x000000000002858c       0x7c ../../mesh/lib_51_MBTLE_CORE.a(flash_manager.c.obj)
 .text.process_action_queue
                0x0000000000028608      0x740 ../../mesh/lib_51_MBTLE_CORE.a(flash_manager.c.obj)
 .text.flash_op_ended_callback
                0x0000000000028d48       0x28 ../../mesh/lib_51_MBTLE_CORE.a(flash_manager.c.obj)
 .text.flash_manager_init
                0x0000000000028d70       0x6c ../../mesh/lib_51_MBTLE_CORE.a(flash_manager.c.obj)
                0x0000000000028d70                flash_manager_init
 .text.flash_manager_entry_next_get
                0x0000000000028ddc      0x140 ../../mesh/lib_51_MBTLE_CORE.a(flash_manager.c.obj)
                0x0000000000028ddc                flash_manager_entry_next_get
 .text.flash_manager_entry_alloc
                0x0000000000028f1c       0x8c ../../mesh/lib_51_MBTLE_CORE.a(flash_manager.c.obj)
                0x0000000000028f1c                flash_manager_entry_alloc
 .text.flash_manager_entry_commit
                0x0000000000028fa8       0x6c ../../mesh/lib_51_MBTLE_CORE.a(flash_manager.c.obj)
                0x0000000000028fa8                flash_manager_entry_commit
 .text.flash_manager_entry_invalidate
                0x0000000000029014       0xa4 ../../mesh/lib_51_MBTLE_CORE.a(flash_manager.c.obj)
                0x0000000000029014                flash_manager_entry_invalidate
 .text.flash_manager_add
                0x00000000000290b8      0x3b8 ../../mesh/lib_51_MBTLE_CORE.a(flash_manager.c.obj)
                0x00000000000290b8                flash_manager_add
 .text.flash_manager_mem_listener_register
                0x0000000000029470       0x4c ../../mesh/lib_51_MBTLE_CORE.a(flash_manager.c.obj)
                0x0000000000029470                flash_manager_mem_listener_register
 .text.flash_manager_is_stable
                0x00000000000294bc       0x24 ../../mesh/lib_51_MBTLE_CORE.a(flash_manager.c.obj)
                0x00000000000294bc                flash_manager_is_stable
 .text.flash_manager_on_defrag_end
                0x00000000000294e0       0x68 ../../mesh/lib_51_MBTLE_CORE.a(flash_manager.c.obj)
                0x00000000000294e0                flash_manager_on_defrag_end
 .text.flash_manager_recovery_page_get
                0x0000000000029548        0x8 ../../mesh/lib_51_MBTLE_CORE.a(flash_manager.c.obj)
                0x0000000000029548                flash_manager_recovery_page_get
 .text.defrag_on_end
                0x0000000000029550       0x1c ../../mesh/lib_51_MBTLE_CORE.a(flash_manager_defrag.c.obj)
 .text.execute_procedure_step
                0x000000000002956c       0xc0 ../../mesh/lib_51_MBTLE_CORE.a(flash_manager_defrag.c.obj)
 .text.on_flash_op_end
                0x000000000002962c       0x40 ../../mesh/lib_51_MBTLE_CORE.a(flash_manager_defrag.c.obj)
 .text.erase_source
                0x000000000002966c       0x30 ../../mesh/lib_51_MBTLE_CORE.a(flash_manager_defrag.c.obj)
 .text.erase_recovery_area
                0x000000000002969c       0x30 ../../mesh/lib_51_MBTLE_CORE.a(flash_manager_defrag.c.obj)
 .text.post_process
                0x00000000000296cc       0x6c ../../mesh/lib_51_MBTLE_CORE.a(flash_manager_defrag.c.obj)
 .text.write_back
                0x0000000000029738       0x48 ../../mesh/lib_51_MBTLE_CORE.a(flash_manager_defrag.c.obj)
 .text.write_defrag_start_pointer
                0x0000000000029780       0x38 ../../mesh/lib_51_MBTLE_CORE.a(flash_manager_defrag.c.obj)
 .text.copy_metadata
                0x00000000000297b8       0x5c ../../mesh/lib_51_MBTLE_CORE.a(flash_manager_defrag.c.obj)
 .text.seal_storage_page
                0x0000000000029814       0x7c ../../mesh/lib_51_MBTLE_CORE.a(flash_manager_defrag.c.obj)
 .text.check_for_invalid_entries
                0x0000000000029890       0x50 ../../mesh/lib_51_MBTLE_CORE.a(flash_manager_defrag.c.obj)
 .text.invalidate_duplicate_entries
                0x00000000000298e0      0x174 ../../mesh/lib_51_MBTLE_CORE.a(flash_manager_defrag.c.obj)
 .text.backup_entries
                0x0000000000029a54      0x214 ../../mesh/lib_51_MBTLE_CORE.a(flash_manager_defrag.c.obj)
 .text.flash_manager_defrag_init
                0x0000000000029c68       0xa8 ../../mesh/lib_51_MBTLE_CORE.a(flash_manager_defrag.c.obj)
                0x0000000000029c68                flash_manager_defrag_init
 .text.flash_manager_defrag_is_running
                0x0000000000029d10       0x10 ../../mesh/lib_51_MBTLE_CORE.a(flash_manager_defrag.c.obj)
                0x0000000000029d10                flash_manager_defrag_is_running
 .text.flash_manager_defrag
                0x0000000000029d20       0xec ../../mesh/lib_51_MBTLE_CORE.a(flash_manager_defrag.c.obj)
                0x0000000000029d20                flash_manager_defrag
 .text.flash_manager_defrag_recovery_page_get
                0x0000000000029e0c        0xc ../../mesh/lib_51_MBTLE_CORE.a(flash_manager_defrag.c.obj)
                0x0000000000029e0c                flash_manager_defrag_recovery_page_get
 .text.entry_get
                0x0000000000029e18       0x9c ../../mesh/lib_51_MBTLE_CORE.a(flash_manager_internal.c.obj)
                0x0000000000029e18                entry_get
 .text.sd_ecb_block_encrypt
                0x0000000000029eb4        0x4 ../../mesh/lib_51_MBTLE_CORE.a(aes.c.obj)
 .text.aes_encrypt
                0x0000000000029eb8       0x78 ../../mesh/lib_51_MBTLE_CORE.a(aes.c.obj)
                0x0000000000029eb8                aes_encrypt
 .text.queue_init
                0x0000000000029f30       0x24 ../../mesh/lib_51_MBTLE_CORE.a(queue.c.obj)
                0x0000000000029f30                queue_init
 .text.queue_push
                0x0000000000029f54       0x58 ../../mesh/lib_51_MBTLE_CORE.a(queue.c.obj)
                0x0000000000029f54                queue_push
 .text.queue_pop
                0x0000000000029fac       0x40 ../../mesh/lib_51_MBTLE_CORE.a(queue.c.obj)
                0x0000000000029fac                queue_pop
 .text.sd_radio_session_open
                0x0000000000029fec        0x4 ../../mesh/lib_51_MBTLE_CORE.a(timeslot.c.obj)
 .text.sd_radio_request
                0x0000000000029ff0        0x4 ../../mesh/lib_51_MBTLE_CORE.a(timeslot.c.obj)
 .text.ts_order_earliest
                0x0000000000029ff4       0x38 ../../mesh/lib_51_MBTLE_CORE.a(timeslot.c.obj)
 .text.ts_extend
                0x000000000002a02c       0x30 ../../mesh/lib_51_MBTLE_CORE.a(timeslot.c.obj)
 .text.end_timer_handler
                0x000000000002a05c        0xc ../../mesh/lib_51_MBTLE_CORE.a(timeslot.c.obj)
 .text.start_time_update
                0x000000000002a068       0x84 ../../mesh/lib_51_MBTLE_CORE.a(timeslot.c.obj)
                0x000000000002a068                start_time_update
 .text.timeslot_sd_event_handler
                0x000000000002a0ec       0x58 ../../mesh/lib_51_MBTLE_CORE.a(timeslot.c.obj)
                0x000000000002a0ec                timeslot_sd_event_handler
 .text.timeslot_init
                0x000000000002a144       0x94 ../../mesh/lib_51_MBTLE_CORE.a(timeslot.c.obj)
                0x000000000002a144                timeslot_init
 .text.timeslot_resume
                0x000000000002a1d8       0x4c ../../mesh/lib_51_MBTLE_CORE.a(timeslot.c.obj)
                0x000000000002a1d8                timeslot_resume
 .text.timeslot_end_time_get
                0x000000000002a224       0x24 ../../mesh/lib_51_MBTLE_CORE.a(timeslot.c.obj)
                0x000000000002a224                timeslot_end_time_get
 .text.timeslot_end
                0x000000000002a248       0x80 ../../mesh/lib_51_MBTLE_CORE.a(timeslot.c.obj)
 .text.timeslot_remaining_time_get
                0x000000000002a2c8       0x34 ../../mesh/lib_51_MBTLE_CORE.a(timeslot.c.obj)
                0x000000000002a2c8                timeslot_remaining_time_get
 .text.radio_signal_callback
                0x000000000002a2fc      0x1f0 ../../mesh/lib_51_MBTLE_CORE.a(timeslot.c.obj)
 .text.aes_cmac_subkey_generate
                0x000000000002a4ec       0xac ../../mesh/lib_51_MBTLE_CORE.a(aes_cmac.c.obj)
                0x000000000002a4ec                aes_cmac_subkey_generate
 .text.aes_cmac
                0x000000000002a598       0xf4 ../../mesh/lib_51_MBTLE_CORE.a(aes_cmac.c.obj)
                0x000000000002a598                aes_cmac
 .text.ccm_soft_crypt
                0x000000000002a68c       0xa2 ../../mesh/lib_51_MBTLE_CORE.a(ccm_soft.c.obj)
 .text.ccm_soft_authenticate_blocks
                0x000000000002a72e       0x86 ../../mesh/lib_51_MBTLE_CORE.a(ccm_soft.c.obj)
 .text.ccm_soft_authenticate
                0x000000000002a7b4       0x8c ../../mesh/lib_51_MBTLE_CORE.a(ccm_soft.c.obj)
 .text.ccm_soft_encrypt
                0x000000000002a840       0x8a ../../mesh/lib_51_MBTLE_CORE.a(ccm_soft.c.obj)
                0x000000000002a840                ccm_soft_encrypt
 .text.ccm_soft_decrypt
                0x000000000002a8ca      0x166 ../../mesh/lib_51_MBTLE_CORE.a(ccm_soft.c.obj)
                0x000000000002a8ca                ccm_soft_decrypt
 .text.msg_cache_init
                0x000000000002aa30       0x38 ../../mesh/lib_51_MBTLE_CORE.a(msg_cache.c.obj)
                0x000000000002aa30                msg_cache_init
 .text.msg_cache_entry_exists
                0x000000000002aa68       0xa8 ../../mesh/lib_51_MBTLE_CORE.a(msg_cache.c.obj)
                0x000000000002aa68                msg_cache_entry_exists
 .text.msg_cache_entry_add
                0x000000000002ab10       0x40 ../../mesh/lib_51_MBTLE_CORE.a(msg_cache.c.obj)
                0x000000000002ab10                msg_cache_entry_add
 .text.header_transfuscate
                0x000000000002ab50       0x58 ../../mesh/lib_51_MBTLE_CORE.a(network.c.obj)
 .text.network_pkt_encrypt
                0x000000000002aba8       0x7a ../../mesh/lib_51_MBTLE_CORE.a(network.c.obj)
 *fill*         0x000000000002ac22        0x2 
 .text.network_pkt_relay
                0x000000000002ac24      0x1e0 ../../mesh/lib_51_MBTLE_CORE.a(network.c.obj)
                0x000000000002ac24                network_pkt_relay
 .text.network_init
                0x000000000002ae04       0x3c ../../mesh/lib_51_MBTLE_CORE.a(network.c.obj)
                0x000000000002ae04                network_init
 .text.network_pkt_out
                0x000000000002ae40      0x170 ../../mesh/lib_51_MBTLE_CORE.a(network.c.obj)
                0x000000000002ae40                network_pkt_out
 .text.network_pkt_in
                0x000000000002afb0      0x3d4 ../../mesh/lib_51_MBTLE_CORE.a(network.c.obj)
                0x000000000002afb0                network_pkt_in
 .text.packet_type_packet_get
                0x000000000002b384       0x60 ../../mesh/lib_51_MBTLE_CORE.a(packet.c.obj)
                0x000000000002b384                packet_type_packet_get
 .text.m_index_increment
                0x000000000002b3e4       0x2c ../../mesh/lib_51_MBTLE_CORE.a(packet_buffer.c.obj)
 .text.m_free_popped_packet
                0x000000000002b410       0x58 ../../mesh/lib_51_MBTLE_CORE.a(packet_buffer.c.obj)
 .text.m_adjust_desired_packet_length
                0x000000000002b468       0x34 ../../mesh/lib_51_MBTLE_CORE.a(packet_buffer.c.obj)
 .text.packet_buffer_init
                0x000000000002b49c       0xe0 ../../mesh/lib_51_MBTLE_CORE.a(packet_buffer.c.obj)
                0x000000000002b49c                packet_buffer_init
 .text.packet_buffer_reserve
                0x000000000002b57c      0x110 ../../mesh/lib_51_MBTLE_CORE.a(packet_buffer.c.obj)
                0x000000000002b57c                packet_buffer_reserve
 .text.packet_buffer_commit
                0x000000000002b68c      0x128 ../../mesh/lib_51_MBTLE_CORE.a(packet_buffer.c.obj)
                0x000000000002b68c                packet_buffer_commit
 .text.packet_buffer_pop
                0x000000000002b7b4       0x84 ../../mesh/lib_51_MBTLE_CORE.a(packet_buffer.c.obj)
                0x000000000002b7b4                packet_buffer_pop
 .text.packet_buffer_can_pop
                0x000000000002b838       0x48 ../../mesh/lib_51_MBTLE_CORE.a(packet_buffer.c.obj)
                0x000000000002b838                packet_buffer_can_pop
 .text.packet_buffer_free
                0x000000000002b880       0x9c ../../mesh/lib_51_MBTLE_CORE.a(packet_buffer.c.obj)
                0x000000000002b880                packet_buffer_free
 .text.replay_cache_add
                0x000000000002b91c       0x98 ../../mesh/lib_51_MBTLE_CORE.a(replay_cache.c.obj)
                0x000000000002b91c                replay_cache_add
 .text.replay_cache_has_room
                0x000000000002b9b4       0x44 ../../mesh/lib_51_MBTLE_CORE.a(replay_cache.c.obj)
                0x000000000002b9b4                replay_cache_has_room
 .text.replay_cache_has_elem
                0x000000000002b9f8       0x48 ../../mesh/lib_51_MBTLE_CORE.a(replay_cache.c.obj)
                0x000000000002b9f8                replay_cache_has_elem
 .text.replay_cache_clear
                0x000000000002ba40       0x28 ../../mesh/lib_51_MBTLE_CORE.a(replay_cache.c.obj)
                0x000000000002ba40                replay_cache_clear
 .text.replay_cache_init
                0x000000000002ba68        0x8 ../../mesh/lib_51_MBTLE_CORE.a(replay_cache.c.obj)
                0x000000000002ba68                replay_cache_init
 .text.send_end_events
                0x000000000002ba70       0x88 ../../mesh/lib_51_MBTLE_CORE.a(mesh_flash.c.obj)
 .text.mesh_flash_init
                0x000000000002baf8       0x90 ../../mesh/lib_51_MBTLE_CORE.a(mesh_flash.c.obj)
                0x000000000002baf8                mesh_flash_init
 .text.mesh_flash_user_callback_set
                0x000000000002bb88       0x30 ../../mesh/lib_51_MBTLE_CORE.a(mesh_flash.c.obj)
                0x000000000002bb88                mesh_flash_user_callback_set
 .text.mesh_flash_op_push
                0x000000000002bbb8      0x168 ../../mesh/lib_51_MBTLE_CORE.a(mesh_flash.c.obj)
                0x000000000002bbb8                mesh_flash_op_push
 .text.mesh_flash_op_execute
                0x000000000002bd20      0x1d0 ../../mesh/lib_51_MBTLE_CORE.a(mesh_flash.c.obj)
                0x000000000002bd20                mesh_flash_op_execute
 .text.nrf_flash_erase
                0x000000000002bef0       0x78 ../../mesh/lib_51_MBTLE_CORE.a(nrf_flash.c.obj)
                0x000000000002bef0                nrf_flash_erase
 .text.nrf_flash_write
                0x000000000002bf68       0x78 ../../mesh/lib_51_MBTLE_CORE.a(nrf_flash.c.obj)
                0x000000000002bf68                nrf_flash_write
 .text.msq_get  0x000000000002bfe0       0x7c ../../mesh/lib_51_MBTLE_CORE.a(msqueue.c.obj)
                0x000000000002bfe0                msq_get
 .text.msq_move
                0x000000000002c05c       0x70 ../../mesh/lib_51_MBTLE_CORE.a(msqueue.c.obj)
                0x000000000002c05c                msq_move
 .text.msq_reset
                0x000000000002c0cc       0x34 ../../mesh/lib_51_MBTLE_CORE.a(msqueue.c.obj)
                0x000000000002c0cc                msq_reset
 .text.msq_init
                0x000000000002c100       0x8c ../../mesh/lib_51_MBTLE_CORE.a(msqueue.c.obj)
                0x000000000002c100                msq_init
 .text.msq_available
                0x000000000002c18c       0x60 ../../mesh/lib_51_MBTLE_CORE.a(msqueue.c.obj)
                0x000000000002c18c                msq_available
 .text.uECC_vli_add
                0x000000000002c1ec       0x4a ../../lib/micro-ecc/lib_51_UECC_LIB.a(uECC.c.obj)
 .text.uECC_vli_sub
                0x000000000002c236       0x4c ../../lib/micro-ecc/lib_51_UECC_LIB.a(uECC.c.obj)
 .text.uECC_vli_mult
                0x000000000002c282       0x90 ../../lib/micro-ecc/lib_51_UECC_LIB.a(uECC.c.obj)
 .text.uECC_vli_clear
                0x000000000002c312       0x1a ../../lib/micro-ecc/lib_51_UECC_LIB.a(uECC.c.obj)
 .text.uECC_vli_isZero
                0x000000000002c32c       0x24 ../../lib/micro-ecc/lib_51_UECC_LIB.a(uECC.c.obj)
 .text.uECC_vli_testBit
                0x000000000002c350       0x12 ../../lib/micro-ecc/lib_51_UECC_LIB.a(uECC.c.obj)
 *fill*         0x000000000002c362        0x2 
 .text.uECC_vli_numBits
                0x000000000002c364       0x54 ../../lib/micro-ecc/lib_51_UECC_LIB.a(uECC.c.obj)
 .text.uECC_vli_set
                0x000000000002c3b8       0x1c ../../lib/micro-ecc/lib_51_UECC_LIB.a(uECC.c.obj)
 .text.uECC_vli_cmp_unsafe
                0x000000000002c3d4       0x46 ../../lib/micro-ecc/lib_51_UECC_LIB.a(uECC.c.obj)
 .text.uECC_vli_cmp
                0x000000000002c41a       0x2c ../../lib/micro-ecc/lib_51_UECC_LIB.a(uECC.c.obj)
 .text.uECC_vli_rshift1
                0x000000000002c446       0x2c ../../lib/micro-ecc/lib_51_UECC_LIB.a(uECC.c.obj)
 .text.uECC_vli_modAdd
                0x000000000002c472       0x32 ../../lib/micro-ecc/lib_51_UECC_LIB.a(uECC.c.obj)
 .text.uECC_vli_modSub
                0x000000000002c4a4       0x26 ../../lib/micro-ecc/lib_51_UECC_LIB.a(uECC.c.obj)
 .text.uECC_vli_modMult_fast
                0x000000000002c4ca       0x20 ../../lib/micro-ecc/lib_51_UECC_LIB.a(uECC.c.obj)
 .text.uECC_vli_modSquare_fast
                0x000000000002c4ea        0xc ../../lib/micro-ecc/lib_51_UECC_LIB.a(uECC.c.obj)
 *fill*         0x000000000002c4f6        0x2 
 .text.vli_modInv_update
                0x000000000002c4f8       0x48 ../../lib/micro-ecc/lib_51_UECC_LIB.a(uECC.c.obj)
 .text.uECC_vli_modInv
                0x000000000002c540      0x134 ../../lib/micro-ecc/lib_51_UECC_LIB.a(uECC.c.obj)
 .text.double_jacobian_default
                0x000000000002c674      0x168 ../../lib/micro-ecc/lib_51_UECC_LIB.a(uECC.c.obj)
 .text.x_side_default
                0x000000000002c7dc       0x58 ../../lib/micro-ecc/lib_51_UECC_LIB.a(uECC.c.obj)
 .text.vli_mmod_fast_secp256r1
                0x000000000002c834      0x1bc ../../lib/micro-ecc/lib_51_UECC_LIB.a(uECC.c.obj)
 .text.apply_z  0x000000000002c9f0       0x3e ../../lib/micro-ecc/lib_51_UECC_LIB.a(uECC.c.obj)
 .text.XYcZ_add
                0x000000000002ca2e       0xcc ../../lib/micro-ecc/lib_51_UECC_LIB.a(uECC.c.obj)
 .text.XYcZ_addC
                0x000000000002cafa      0x11c ../../lib/micro-ecc/lib_51_UECC_LIB.a(uECC.c.obj)
 .text.EccPoint_mult
                0x000000000002cc16      0x1cc ../../lib/micro-ecc/lib_51_UECC_LIB.a(uECC.c.obj)
 .text.regularize_k
                0x000000000002cde2       0x60 ../../lib/micro-ecc/lib_51_UECC_LIB.a(uECC.c.obj)
 .text.EccPoint_compute_public_key
                0x000000000002ce42       0x4c ../../lib/micro-ecc/lib_51_UECC_LIB.a(uECC.c.obj)
 .text.uECC_vli_nativeToBytes
                0x000000000002ce8e       0x2a ../../lib/micro-ecc/lib_51_UECC_LIB.a(uECC.c.obj)
 .text.uECC_vli_bytesToNative
                0x000000000002ceb8       0x56 ../../lib/micro-ecc/lib_51_UECC_LIB.a(uECC.c.obj)
 *fill*         0x000000000002cf0e        0x2 
 .text.uECC_generate_random_int
                0x000000000002cf10       0x84 ../../lib/micro-ecc/lib_51_UECC_LIB.a(uECC.c.obj)
 .text.default_RNG
                0x000000000002cf94        0xc ../../lib/micro-ecc/lib_51_UECC_LIB.a(uECC.c.obj)
 .text.uECC_secp256r1
                0x000000000002cfa0        0x8 ../../lib/micro-ecc/lib_51_UECC_LIB.a(uECC.c.obj)
                0x000000000002cfa0                uECC_secp256r1
 .text.uECC_make_key
                0x000000000002cfa8       0x88 ../../lib/micro-ecc/lib_51_UECC_LIB.a(uECC.c.obj)
                0x000000000002cfa8                uECC_make_key
 .text.uECC_shared_secret
                0x000000000002d030       0xc8 ../../lib/micro-ecc/lib_51_UECC_LIB.a(uECC.c.obj)
                0x000000000002d030                uECC_shared_secret
 .text.uECC_valid_point
                0x000000000002d0f8       0x92 ../../lib/micro-ecc/lib_51_UECC_LIB.a(uECC.c.obj)
                0x000000000002d0f8                uECC_valid_point
 .text.uECC_valid_public_key
                0x000000000002d18a       0x32 ../../lib/micro-ecc/lib_51_UECC_LIB.a(uECC.c.obj)
                0x000000000002d18a                uECC_valid_public_key
 .text._GetAvailWriteSpace
                0x000000000002d1bc       0x18 ../../lib/rtt/lib_51_RTT_LIB.a(SEGGER_RTT.c.obj)
 .text._WriteNoCheck
                0x000000000002d1d4       0x3a ../../lib/rtt/lib_51_RTT_LIB.a(SEGGER_RTT.c.obj)
 .text._WriteBlocking
                0x000000000002d20e       0x6c ../../lib/rtt/lib_51_RTT_LIB.a(SEGGER_RTT.c.obj)
 *fill*         0x000000000002d27a        0x2 
 .text._DoInit  0x000000000002d27c       0x60 ../../lib/rtt/lib_51_RTT_LIB.a(SEGGER_RTT.c.obj)
 .text.SEGGER_RTT_WriteNoLock
                0x000000000002d2dc       0x70 ../../lib/rtt/lib_51_RTT_LIB.a(SEGGER_RTT.c.obj)
                0x000000000002d2dc                SEGGER_RTT_WriteNoLock
 .text.SEGGER_RTT_Write
                0x000000000002d34c       0x34 ../../lib/rtt/lib_51_RTT_LIB.a(SEGGER_RTT.c.obj)
                0x000000000002d34c                SEGGER_RTT_Write
 .text._StoreChar
                0x000000000002d380       0x40 ../../lib/rtt/lib_51_RTT_LIB.a(SEGGER_RTT_printf.c.obj)
 .text._PrintUnsigned
                0x000000000002d3c0      0x114 ../../lib/rtt/lib_51_RTT_LIB.a(SEGGER_RTT_printf.c.obj)
 .text.SEGGER_RTT_vprintf
                0x000000000002d4d4      0x2ee ../../lib/rtt/lib_51_RTT_LIB.a(SEGGER_RTT_printf.c.obj)
                0x000000000002d4d4                SEGGER_RTT_vprintf
 .text.SEGGER_RTT_printf
                0x000000000002d7c2       0x1a ../../lib/rtt/lib_51_RTT_LIB.a(SEGGER_RTT_printf.c.obj)
                0x000000000002d7c2                SEGGER_RTT_printf
 .text          0x000000000002d7dc      0x114 /usr/bin/../lib/gcc/arm-none-eabi/6.3.1/thumb/v6-m/libgcc.a(_udivsi3.o)
                0x000000000002d7dc                __udivsi3
                0x000000000002d7dc                __aeabi_uidiv
                0x000000000002d8e8                __aeabi_uidivmod
 .text          0x000000000002d8f0      0x1d4 /usr/bin/../lib/gcc/arm-none-eabi/6.3.1/thumb/v6-m/libgcc.a(_divsi3.o)
                0x000000000002d8f0                __aeabi_idiv
                0x000000000002d8f0                __divsi3
                0x000000000002dabc                __aeabi_idivmod
 .text          0x000000000002dac4        0x4 /usr/bin/../lib/gcc/arm-none-eabi/6.3.1/thumb/v6-m/libgcc.a(_dvmd_tls.o)
                0x000000000002dac4                __aeabi_ldiv0
                0x000000000002dac4                __aeabi_idiv0
 .text          0x000000000002dac8       0x54 /usr/bin/../lib/gcc/arm-none-eabi/6.3.1/thumb/v6-m/libgcc.a(_muldi3.o)
                0x000000000002dac8                __aeabi_lmul
                0x000000000002dac8                __muldi3
 .text.exit     0x000000000002db1c       0x2c /usr/bin/../lib/gcc/arm-none-eabi/6.3.1/../../../../arm-none-eabi/lib/thumb/v6-m/libg_nano.a(lib_a-exit.o)
                0x000000000002db1c                exit
 .text.__libc_init_array
                0x000000000002db48       0x48 /usr/bin/../lib/gcc/arm-none-eabi/6.3.1/../../../../arm-none-eabi/lib/thumb/v6-m/libg_nano.a(lib_a-init.o)
                0x000000000002db48                __libc_init_array
 .text.malloc   0x000000000002db90       0x14 /usr/bin/../lib/gcc/arm-none-eabi/6.3.1/../../../../arm-none-eabi/lib/thumb/v6-m/libg_nano.a(lib_a-malloc.o)
                0x000000000002db90                malloc
 .text.free     0x000000000002dba4       0x14 /usr/bin/../lib/gcc/arm-none-eabi/6.3.1/../../../../arm-none-eabi/lib/thumb/v6-m/libg_nano.a(lib_a-malloc.o)
                0x000000000002dba4                free
 .text.memcmp   0x000000000002dbb8       0x1e /usr/bin/../lib/gcc/arm-none-eabi/6.3.1/../../../../arm-none-eabi/lib/thumb/v6-m/libg_nano.a(lib_a-memcmp.o)
                0x000000000002dbb8                memcmp
 .text.memcpy   0x000000000002dbd6       0x12 /usr/bin/../lib/gcc/arm-none-eabi/6.3.1/../../../../arm-none-eabi/lib/thumb/v6-m/libg_nano.a(lib_a-memcpy-stub.o)
                0x000000000002dbd6                memcpy
 .text.memset   0x000000000002dbe8       0x10 /usr/bin/../lib/gcc/arm-none-eabi/6.3.1/../../../../arm-none-eabi/lib/thumb/v6-m/libg_nano.a(lib_a-memset.o)
                0x000000000002dbe8                memset
 .text._free_r  0x000000000002dbf8       0x94 /usr/bin/../lib/gcc/arm-none-eabi/6.3.1/../../../../arm-none-eabi/lib/thumb/v6-m/libg_nano.a(lib_a-nano-freer.o)
                0x000000000002dbf8                _free_r
 .text._malloc_r
                0x000000000002dc8c       0xbc /usr/bin/../lib/gcc/arm-none-eabi/6.3.1/../../../../arm-none-eabi/lib/thumb/v6-m/libg_nano.a(lib_a-nano-mallocr.o)
                0x000000000002dc8c                _malloc_r
 .text._sbrk_r  0x000000000002dd48       0x24 /usr/bin/../lib/gcc/arm-none-eabi/6.3.1/../../../../arm-none-eabi/lib/thumb/v6-m/libg_nano.a(lib_a-sbrkr.o)
                0x000000000002dd48                _sbrk_r
 .text.strcpy   0x000000000002dd6c       0x10 /usr/bin/../lib/gcc/arm-none-eabi/6.3.1/../../../../arm-none-eabi/lib/thumb/v6-m/libg_nano.a(lib_a-strcpy.o)
                0x000000000002dd6c                strcpy
 .text          0x000000000002dd7c        0xe /usr/bin/../lib/gcc/arm-none-eabi/6.3.1/../../../../arm-none-eabi/lib/thumb/v6-m/libg_nano.a(lib_a-strlen.o)
                0x000000000002dd7c                strlen
 .text.strrchr  0x000000000002dd8a       0x24 /usr/bin/../lib/gcc/arm-none-eabi/6.3.1/../../../../arm-none-eabi/lib/thumb/v6-m/libg_nano.a(lib_a-strrchr.o)
                0x000000000002dd8a                strrchr
 .text.__malloc_lock
                0x000000000002ddae        0x2 /usr/bin/../lib/gcc/arm-none-eabi/6.3.1/../../../../arm-none-eabi/lib/thumb/v6-m/libg_nano.a(lib_a-mlock.o)
                0x000000000002ddae                __malloc_lock
 .text.__malloc_unlock
                0x000000000002ddb0        0x2 /usr/bin/../lib/gcc/arm-none-eabi/6.3.1/../../../../arm-none-eabi/lib/thumb/v6-m/libg_nano.a(lib_a-mlock.o)
                0x000000000002ddb0                __malloc_unlock
 .text.strchr   0x000000000002ddb2       0x1c /usr/bin/../lib/gcc/arm-none-eabi/6.3.1/../../../../arm-none-eabi/lib/thumb/v6-m/libg_nano.a(lib_a-strchr.o)
                0x000000000002ddb2                strchr
 *fill*         0x000000000002ddce        0x2 
 .text._sbrk    0x000000000002ddd0       0x1c /usr/bin/../lib/gcc/arm-none-eabi/6.3.1/../../../../arm-none-eabi/lib/thumb/v6-m/libnosys.a(sbrk.o)
                0x000000000002ddd0                _sbrk
 .text._exit    0x000000000002ddec        0x4 /usr/bin/../lib/gcc/arm-none-eabi/6.3.1/../../../../arm-none-eabi/lib/thumb/v6-m/libnosys.a(_exit.o)
                0x000000000002ddec                _exit
 *(.init)
 .init          0x000000000002ddf0        0x4 /usr/bin/../lib/gcc/arm-none-eabi/6.3.1/thumb/v6-m/crti.o
                0x000000000002ddf0                _init
 .init          0x000000000002ddf4        0x8 /usr/bin/../lib/gcc/arm-none-eabi/6.3.1/thumb/v6-m/crtn.o
 *(.fini)
 .fini          0x000000000002ddfc        0x4 /usr/bin/../lib/gcc/arm-none-eabi/6.3.1/thumb/v6-m/crti.o
                0x000000000002ddfc                _fini
 .fini          0x000000000002de00        0x8 /usr/bin/../lib/gcc/arm-none-eabi/6.3.1/thumb/v6-m/crtn.o
 *crtbegin.o(.ctors)
 *crtbegin?.o(.ctors)
 *(EXCLUDE_FILE(*crtend.o *crtend?.o) .ctors)
 *(SORT(.ctors.*))
 *(.ctors)
 *crtbegin.o(.dtors)
 *crtbegin?.o(.dtors)
 *(EXCLUDE_FILE(*crtend.o *crtend?.o) .dtors)
 *(SORT(.dtors.*))
 *(.dtors)
 *(.rodata*)