Archive member included to satisfy reference by file (symbol)

../../mesh/lib_51_MBTLE_PB_ADV_EE.a(prov_provisionee.c.obj)
                              CMakeFiles/51_mijia_device.dir/__/__/mesh/src/prov/nrf_mesh_prov.c.obj (prov_provisionee_init)
../../mesh/lib_51_MBTLE_CORE.a(nrf_mesh_weak.c.obj)
                              CMakeFiles/51_mijia_device.dir/__/__/mesh/src/prov/nrf_mesh_prov.c.obj (prov_provisioner_oob_pubkey)
../../mesh/lib_51_MBTLE_CORE.a(bearer_adv.c.obj)
                              CMakeFiles/51_mijia_device.dir/__/__/mesh/src/prov/prov_bearer_adv.c.obj (bearer_adv_advertiser_init)
../../mesh/lib_51_MBTLE_CORE.a(fifo.c.obj)
                              ../../mesh/lib_51_MBTLE_CORE.a(bearer_adv.c.obj) (fifo_init)
../../mesh/lib_51_MBTLE_CORE.a(packet_mgr.c.obj)
                              CMakeFiles/51_mijia_device.dir/__/__/mesh/src/prov/prov_bearer_adv.c.obj (packet_mgr_alloc)
../../mesh/lib_51_MBTLE_CORE.a(radio.c.obj)
                              ../../mesh/lib_51_MBTLE_CORE.a(bearer_adv.c.obj) (radio_init)
../../mesh/lib_51_MBTLE_CORE.a(timer.c.obj)
                              CMakeFiles/51_mijia_device.dir/__/__/mesh/src/prov/prov_bearer_adv.c.obj (timer_now)
../../mesh/lib_51_MBTLE_CORE.a(timer_scheduler.c.obj)
                              CMakeFiles/51_mijia_device.dir/__/__/mesh/src/access/access_publish.c.obj (timer_sch_schedule)
../../mesh/lib_51_MBTLE_CORE.a(beacon.c.obj)
                              CMakeFiles/51_mijia_device.dir/__/__/mesh/src/prov/prov_beacon.c.obj (beacon_create)
../../mesh/lib_51_MBTLE_CORE.a(bearer.c.obj)
                              ../../mesh/lib_51_MBTLE_CORE.a(bearer_adv.c.obj) (bearer_adtype_filtering_set)
../../mesh/lib_51_MBTLE_CORE.a(bearer_event.c.obj)
                              ../../mesh/lib_51_MBTLE_CORE.a(bearer_adv.c.obj) (bearer_event_generic_post)
../../mesh/lib_51_MBTLE_CORE.a(nrf_mesh_configure.c.obj)
                              CMakeFiles/51_mijia_device.dir/__/__/mesh/src/prov/prov_bearer_adv.c.obj (nrf_mesh_configure_device_uuid_get)
../../mesh/lib_51_MBTLE_CORE.a(enc.c.obj)
                              CMakeFiles/51_mijia_device.dir/__/__/mesh/src/prov/prov_utils.c.obj (enc_aes_cmac)
../../mesh/lib_51_MBTLE_CORE.a(event.c.obj)
                              CMakeFiles/51_mijia_device.dir/__/__/mesh/src/prov/prov_beacon.c.obj (event_handle)
../../mesh/lib_51_MBTLE_CORE.a(log.c.obj)
                              CMakeFiles/51_mijia_device.dir/src/main.c.obj (log_callback_rtt)
../../mesh/lib_51_MBTLE_CORE.a(net_beacon.c.obj)
                              CMakeFiles/51_mijia_device.dir/__/__/mesh/models/config/src/config_server.c.obj (net_beacon_state_set)
../../mesh/lib_51_MBTLE_CORE.a(net_state.c.obj)
                              CMakeFiles/51_mijia_device.dir/__/__/mesh/src/access/nrf_mesh_node_config.c.obj (net_state_reset)
../../mesh/lib_51_MBTLE_CORE.a(nrf_mesh.c.obj)
                              CMakeFiles/51_mijia_device.dir/__/__/mesh/src/access/nrf_mesh_node_config.c.obj (nrf_mesh_init)
../../mesh/lib_51_MBTLE_CORE.a(nrf_mesh_keygen.c.obj)
                              CMakeFiles/51_mijia_device.dir/__/__/mesh/src/access/device_state_manager.c.obj (nrf_mesh_keygen_aid)
../../mesh/lib_51_MBTLE_CORE.a(nrf_mesh_utils.c.obj)
                              CMakeFiles/51_mijia_device.dir/__/__/mesh/src/prov/nrf_mesh_prov.c.obj (nrf_mesh_address_type_get)
../../mesh/lib_51_MBTLE_CORE.a(nrf_mesh_opt.c.obj)
                              CMakeFiles/51_mijia_device.dir/__/__/mesh/models/config/src/config_server.c.obj (nrf_mesh_opt_set)
../../mesh/lib_51_MBTLE_CORE.a(radio_config.c.obj)
                              ../../mesh/lib_51_MBTLE_CORE.a(radio.c.obj) (radio_config_reset)
../../mesh/lib_51_MBTLE_CORE.a(rand.c.obj)
                              ../../mesh/lib_51_MBTLE_CORE.a(bearer_adv.c.obj) (rand_prng_get)
../../mesh/lib_51_MBTLE_CORE.a(ticker.c.obj)
                              ../../mesh/lib_51_MBTLE_CORE.a(nrf_mesh.c.obj) (ticker_init)
../../mesh/lib_51_MBTLE_CORE.a(transport.c.obj)
                              ../../mesh/lib_51_MBTLE_CORE.a(nrf_mesh.c.obj) (transport_init)
../../mesh/lib_51_MBTLE_CORE.a(internal_event.c.obj)
                              ../../mesh/lib_51_MBTLE_CORE.a(bearer.c.obj) (internal_event_push)
../../mesh/lib_51_MBTLE_CORE.a(flash_manager.c.obj)
                              ../../mesh/lib_51_MBTLE_CORE.a(nrf_mesh.c.obj) (flash_manager_init)
../../mesh/lib_51_MBTLE_CORE.a(flash_manager_defrag.c.obj)
                              ../../mesh/lib_51_MBTLE_CORE.a(flash_manager.c.obj) (flash_manager_defrag_init)
../../mesh/lib_51_MBTLE_CORE.a(flash_manager_internal.c.obj)
                              ../../mesh/lib_51_MBTLE_CORE.a(flash_manager.c.obj) (entry_get)
../../mesh/lib_51_MBTLE_CORE.a(aes.c.obj)
                              ../../mesh/lib_51_MBTLE_CORE.a(enc.c.obj) (aes_encrypt)
../../mesh/lib_51_MBTLE_CORE.a(queue.c.obj)
[...]
Memory Configuration

Name             Origin             Length             Attributes
FLASH            0x000000000001b000 0x000000000001f000 xr
RAM              0x00000000200022d8 0x0000000000005a28 xrw
*default*        0x0000000000000000 0xffffffffffffffff

Linker script and memory map

LOAD /usr/bin/../lib/gcc/arm-none-eabi/6.3.1/thumb/v6-m/crti.o
LOAD /usr/bin/../lib/gcc/arm-none-eabi/6.3.1/thumb/v6-m/crtbegin.o
LOAD /usr/bin/../lib/gcc/arm-none-eabi/6.3.1/../../../../arm-none-eabi/lib/thumb/v6-m/crt0.o
LOAD CMakeFiles/51_mijia_device.dir/src/main.c.obj
LOAD CMakeFiles/51_mijia_device.dir/__/__/mesh/src/prov/provisioning.c.obj
LOAD CMakeFiles/51_mijia_device.dir/__/__/mesh/src/prov/nrf_mesh_prov.c.obj
LOAD CMakeFiles/51_mijia_device.dir/__/__/mesh/src/prov/prov_bearer_adv.c.obj
LOAD CMakeFiles/51_mijia_device.dir/__/__/mesh/src/prov/prov_utils.c.obj
LOAD CMakeFiles/51_mijia_device.dir/__/__/mesh/src/prov/prov_beacon.c.obj
LOAD CMakeFiles/51_mijia_device.dir/__/__/mesh/src/access/access.c.obj
LOAD CMakeFiles/51_mijia_device.dir/__/__/mesh/src/access/access_publish.c.obj
LOAD CMakeFiles/51_mijia_device.dir/__/__/mesh/src/access/access_reliable.c.obj
LOAD CMakeFiles/51_mijia_device.dir/__/__/mesh/src/access/device_state_manager.c.obj
LOAD CMakeFiles/51_mijia_device.dir/__/__/mesh/src/access/nrf_mesh_node_config.c.obj
LOAD CMakeFiles/51_mijia_device.dir/__/__/mesh/models/config/src/config_server.c.obj
LOAD CMakeFiles/51_mijia_device.dir/__/__/mesh/models/config/src/packed_index_list.c.obj
LOAD CMakeFiles/51_mijia_device.dir/__/__/mesh/models/config/src/composition_data.c.obj
LOAD CMakeFiles/51_mijia_device.dir/__/nrf_mesh_sdk.c.obj
LOAD CMakeFiles/51_mijia_device.dir/__/hal/src/simple_hal.c.obj
LOAD CMakeFiles/51_mijia_device.dir/__/models/simple_on_off/src/simple_on_off_server.c.obj
LOAD CMakeFiles/51_mijia_device.dir/__/__/toolchain/gcc/gcc_startup_nrf51.S.obj
LOAD CMakeFiles/51_mijia_device.dir/__/__/toolchain/system_nrf51.c.obj
LOAD ../../mesh/lib_51_MBTLE_PB_ADV_EE.a
LOAD ../../mesh/lib_51_MBTLE_CORE.a
LOAD ../../lib/micro-ecc/lib_51_UECC_LIB.a
LOAD ../../lib/rtt/lib_51_RTT_LIB.a
START GROUP
LOAD /usr/bin/../lib/gcc/arm-none-eabi/6.3.1/thumb/v6-m/libgcc.a
LOAD /usr/bin/../lib/gcc/arm-none-eabi/6.3.1/../../../../arm-none-eabi/lib/thumb/v6-m/libg_nano.a
LOAD /usr/bin/../lib/gcc/arm-none-eabi/6.3.1/../../../../arm-none-eabi/lib/thumb/v6-m/libc_nano.a
END GROUP
START GROUP
LOAD /usr/bin/../lib/gcc/arm-none-eabi/6.3.1/thumb/v6-m/libgcc.a
LOAD /usr/bin/../lib/gcc/arm-none-eabi/6.3.1/../../../../arm-none-eabi/lib/thumb/v6-m/libc_nano.a
END GROUP
LOAD /usr/bin/../lib/gcc/arm-none-eabi/6.3.1/thumb/v6-m/crtend.o
LOAD /usr/bin/../lib/gcc/arm-none-eabi/6.3.1/thumb/v6-m/crtn.o
START GROUP
LOAD /usr/bin/../lib/gcc/arm-none-eabi/6.3.1/thumb/v6-m/libgcc.a
LOAD /usr/bin/../lib/gcc/arm-none-eabi/6.3.1/../../../../arm-none-eabi/lib/thumb/v6-m/libc.a
LOAD /usr/bin/../lib/gcc/arm-none-eabi/6.3.1/../../../../arm-none-eabi/lib/thumb/v6-m/libnosys.a
END GROUP

.text           0x000000000001b000    0x16bc4
 *(.isr_vector)
 .isr_vector    0x000000000001b000       0xc0 CMakeFiles/51_mijia_device.dir/__/__/toolchain/gcc/gcc_startup_nrf51.S.obj
                0x000000000001b000                __isr_vector
 *(.text*)
 .text          0x000000000001b0c0       0x60 /usr/bin/../lib/gcc/arm-none-eabi/6.3.1/thumb/v6-m/crtbegin.o
 .text          0x000000000001b120       0x78 /usr/bin/../lib/gcc/arm-none-eabi/6.3.1/../../../../arm-none-eabi/lib/thumb/v6-m/crt0.o
                0x000000000001b120                _mainCRTStartup
                0x000000000001b120                _start
 .text.configuration_setup
                0x000000000001b198       0xb8 CMakeFiles/51_mijia_device.dir/src/main.c.obj
 .text.generic_set_cb
                0x000000000001b250       0x84 CMakeFiles/51_mijia_device.dir/src/main.c.obj
 .text.generic_get_cb
                0x000000000001b2d4        0xa CMakeFiles/51_mijia_device.dir/src/main.c.obj
 *fill*         0x000000000001b2de        0x2 
 .text.configuration_complete
                0x000000000001b2e0       0x84 CMakeFiles/51_mijia_device.dir/src/main.c.obj
 .text.main     0x000000000001b364       0xd0 CMakeFiles/51_mijia_device.dir/src/main.c.obj
                0x000000000001b364                main
 .text.send_data
                0x000000000001b434       0x4c CMakeFiles/51_mijia_device.dir/__/__/mesh/src/prov/provisioning.c.obj
 .text.prov_packet_length_valid
                0x000000000001b480       0x28 CMakeFiles/51_mijia_device.dir/__/__/mesh/src/prov/provisioning.c.obj
                0x000000000001b480                prov_packet_length_valid
 .text.prov_init
                0x000000000001b4a8       0x3c CMakeFiles/51_mijia_device.dir/__/__/mesh/src/prov/provisioning.c.obj
                0x000000000001b4a8                prov_init
 .text.prov_listen_start
                0x000000000001b4e4       0x14 CMakeFiles/51_mijia_device.dir/__/__/mesh/src/prov/provisioning.c.obj
                0x000000000001b4e4                prov_listen_start
 .text.prov_link_close
                0x000000000001b4f8        0xe CMakeFiles/51_mijia_device.dir/__/__/mesh/src/prov/provisioning.c.obj
                0x000000000001b4f8                prov_link_close
 .text.prov_tx_capabilities
                0x000000000001b506       0x1c CMakeFiles/51_mijia_device.dir/__/__/mesh/src/prov/provisioning.c.obj
                0x000000000001b506                prov_tx_capabilities
 .text.prov_tx_public_key
                0x000000000001b522       0x24 CMakeFiles/51_mijia_device.dir/__/__/mesh/src/prov/provisioning.c.obj
                0x000000000001b522                prov_tx_public_key
 .text.prov_tx_input_complete
                0x000000000001b546       0x14 CMakeFiles/51_mijia_device.dir/__/__/mesh/src/prov/provisioning.c.obj
                0x000000000001b546                prov_tx_input_complete
 .text.prov_tx_confirmation
                0x000000000001b55a       0x24 CMakeFiles/51_mijia_device.dir/__/__/mesh/src/prov/provisioning.c.obj
                0x000000000001b55a                prov_tx_confirmation
 .text.prov_tx_random
                0x000000000001b57e       0x24 CMakeFiles/51_mijia_device.dir/__/__/mesh/src/prov/provisioning.c.obj
                0x000000000001b57e                prov_tx_random
 .text.prov_tx_complete
                0x000000000001b5a2       0x14 CMakeFiles/51_mijia_device.dir/__/__/mesh/src/prov/provisioning.c.obj
                0x000000000001b5a2                prov_tx_complete
 .text.prov_tx_failed
                0x000000000001b5b6       0x18 CMakeFiles/51_mijia_device.dir/__/__/mesh/src/prov/provisioning.c.obj
                0x000000000001b5b6                prov_tx_failed
 .text.prov_cb_link_opened
                0x000000000001b5ce        0xe CMakeFiles/51_mijia_device.dir/__/__/mesh/src/prov/provisioning.c.obj
                0x000000000001b5ce                prov_cb_link_opened
 .text.prov_cb_link_closed
                0x000000000001b5dc        0xe CMakeFiles/51_mijia_device.dir/__/__/mesh/src/prov/provisioning.c.obj
                0x000000000001b5dc                prov_cb_link_closed
 *fill*         0x000000000001b5ea        0x2 
 .text.prov_cb_pkt_in
                0x000000000001b5ec       0x90 CMakeFiles/51_mijia_device.dir/__/__/mesh/src/prov/provisioning.c.obj
                0x000000000001b5ec                prov_cb_pkt_in
 .text.prov_cb_ack_in
                0x000000000001b67c        0xe CMakeFiles/51_mijia_device.dir/__/__/mesh/src/prov/provisioning.c.obj
                0x000000000001b67c                prov_cb_ack_in
 *fill*         0x000000000001b68a        0x2 
 .text.nrf_mesh_prov_init
                0x000000000001b68c       0x34 CMakeFiles/51_mijia_device.dir/__/__/mesh/src/prov/nrf_mesh_prov.c.obj
                0x000000000001b68c                nrf_mesh_prov_init
 .text.nrf_mesh_prov_generate_keys
                0x000000000001b6c0        0x8 CMakeFiles/51_mijia_device.dir/__/__/mesh/src/prov/nrf_mesh_prov.c.obj
                0x000000000001b6c0                nrf_mesh_prov_generate_keys
 .text.nrf_mesh_prov_listen
                0x000000000001b6c8       0x2a CMakeFiles/51_mijia_device.dir/__/__/mesh/src/prov/nrf_mesh_prov.c.obj
                0x000000000001b6c8                nrf_mesh_prov_listen
 *fill*         0x000000000001b6f2        0x2 
 .text.nrf_mesh_prov_auth_data_provide
                0x000000000001b6f4       0x1c CMakeFiles/51_mijia_device.dir/__/__/mesh/src/prov/nrf_mesh_prov.c.obj
                0x000000000001b6f4                nrf_mesh_prov_auth_data_provide
 .text.get_bearer_from_state
                0x000000000001b710       0x2c CMakeFiles/51_mijia_device.dir/__/__/mesh/src/prov/prov_bearer_adv.c.obj
 .text.get_bearer_from_link_id
                0x000000000001b73c       0x2c CMakeFiles/51_mijia_device.dir/__/__/mesh/src/prov/prov_bearer_adv.c.obj
 .text.remove_active_bearer
                0x000000000001b768       0x74 CMakeFiles/51_mijia_device.dir/__/__/mesh/src/prov/prov_bearer_adv.c.obj
 .text.pb_adv_packet_alloc
                0x000000000001b7dc       0x28 CMakeFiles/51_mijia_device.dir/__/__/mesh/src/prov/prov_bearer_adv.c.obj
 .text.send_packet
                0x000000000001b804       0x4a CMakeFiles/51_mijia_device.dir/__/__/mesh/src/prov/prov_bearer_adv.c.obj
 .text.send_link_close
                0x000000000001b84e       0x4c CMakeFiles/51_mijia_device.dir/__/__/mesh/src/prov/prov_bearer_adv.c.obj
 *fill*         0x000000000001b89a        0x2 
 .text.send_transaction_start
                0x000000000001b89c       0xe4 CMakeFiles/51_mijia_device.dir/__/__/mesh/src/prov/prov_bearer_adv.c.obj
 .text.send_transaction_continuation
                0x000000000001b980       0x94 CMakeFiles/51_mijia_device.dir/__/__/mesh/src/prov/prov_bearer_adv.c.obj
 .text.prov_buffer_tx
                0x000000000001ba14       0x64 CMakeFiles/51_mijia_device.dir/__/__/mesh/src/prov/prov_bearer_adv.c.obj
 .text.send_link_open
                0x000000000001ba78       0x54 CMakeFiles/51_mijia_device.dir/__/__/mesh/src/prov/prov_bearer_adv.c.obj
 .text.send_transaction_ack
                0x000000000001bacc       0x48 CMakeFiles/51_mijia_device.dir/__/__/mesh/src/prov/prov_bearer_adv.c.obj
 .text.send_link_ack
                0x000000000001bb14       0x4a CMakeFiles/51_mijia_device.dir/__/__/mesh/src/prov/prov_bearer_adv.c.obj
 *fill*         0x000000000001bb5e        0x2 
 .text.prov_bearer_adv_listen_stop
                0x000000000001bb60       0x40 CMakeFiles/51_mijia_device.dir/__/__/mesh/src/prov/prov_bearer_adv.c.obj
 .text.close_link
                0x000000000001bba0       0x6c CMakeFiles/51_mijia_device.dir/__/__/mesh/src/prov/prov_bearer_adv.c.obj
 .text.prov_bearer_adv_link_close
                0x000000000001bc0c       0x7c CMakeFiles/51_mijia_device.dir/__/__/mesh/src/prov/prov_bearer_adv.c.obj
 .text.adv_queue_empty_cb
                0x000000000001bc88       0x3c CMakeFiles/51_mijia_device.dir/__/__/mesh/src/prov/prov_bearer_adv.c.obj
 .text.init_bearer_structure
                0x000000000001bcc4       0x60 CMakeFiles/51_mijia_device.dir/__/__/mesh/src/prov/prov_bearer_adv.c.obj
 .text.link_timeout_cb
                0x000000000001bd24        0xc CMakeFiles/51_mijia_device.dir/__/__/mesh/src/prov/prov_bearer_adv.c.obj
 .text.tx_retry_cb
                0x000000000001bd30       0xe8 CMakeFiles/51_mijia_device.dir/__/__/mesh/src/prov/prov_bearer_adv.c.obj
 .text.add_active_bearer
                0x000000000001be18       0x98 CMakeFiles/51_mijia_device.dir/__/__/mesh/src/prov/prov_bearer_adv.c.obj
 .text.send_unprov_beacon
                0x000000000001beb0       0x38 CMakeFiles/51_mijia_device.dir/__/__/mesh/src/prov/prov_bearer_adv.c.obj
 .text.prov_bearer_adv_listen
                0x000000000001bee8       0x70 CMakeFiles/51_mijia_device.dir/__/__/mesh/src/prov/prov_bearer_adv.c.obj
 .text.prov_bearer_adv_link_open
                0x000000000001bf58       0x8c CMakeFiles/51_mijia_device.dir/__/__/mesh/src/prov/prov_bearer_adv.c.obj
 .text.handle_transaction_ack_packet
                0x000000000001bfe4      0x134 CMakeFiles/51_mijia_device.dir/__/__/mesh/src/prov/prov_bearer_adv.c.obj
 .text.handle_control_packet
                0x000000000001c118      0x3a8 CMakeFiles/51_mijia_device.dir/__/__/mesh/src/prov/prov_bearer_adv.c.obj
 .text.calculate_3GPP_CRC
                0x000000000001c4c0       0x20 CMakeFiles/51_mijia_device.dir/__/__/mesh/src/prov/prov_bearer_adv.c.obj
                0x000000000001c4c0                calculate_3GPP_CRC
 .text.prov_bearer_adv_tx
                0x000000000001c4e0       0xcc CMakeFiles/51_mijia_device.dir/__/__/mesh/src/prov/prov_bearer_adv.c.obj
 .text.prov_buffer_rx
                0x000000000001c5ac       0x94 CMakeFiles/51_mijia_device.dir/__/__/mesh/src/prov/prov_bearer_adv.c.obj
 .text.handle_transaction_start_packet
                0x000000000001c640      0x2ac CMakeFiles/51_mijia_device.dir/__/__/mesh/src/prov/prov_bearer_adv.c.obj
 .text.handle_transaction_continuation_packet
                0x000000000001c8ec      0x180 CMakeFiles/51_mijia_device.dir/__/__/mesh/src/prov/prov_bearer_adv.c.obj
 .text.prov_bearer_adv_interface_get
                0x000000000001ca6c        0x8 CMakeFiles/51_mijia_device.dir/__/__/mesh/src/prov/prov_bearer_adv.c.obj
                0x000000000001ca6c                prov_bearer_adv_interface_get
 .text.prov_bearer_adv_pkt_in
                0x000000000001ca74       0xcc CMakeFiles/51_mijia_device.dir/__/__/mesh/src/prov/prov_bearer_adv.c.obj
                0x000000000001ca74                prov_bearer_adv_pkt_in
 .text.oob_gen_count
                0x000000000001cb40       0x22 CMakeFiles/51_mijia_device.dir/__/__/mesh/src/prov/prov_utils.c.obj
 *fill*         0x000000000001cb62        0x2 
 .text.oob_gen_alphanumeric
                0x000000000001cb64       0x38 CMakeFiles/51_mijia_device.dir/__/__/mesh/src/prov/prov_utils.c.obj
 .text.oob_gen_numeric
                0x000000000001cb9c       0x4c CMakeFiles/51_mijia_device.dir/__/__/mesh/src/prov/prov_utils.c.obj
 .text.create_confirmation_salt
                0x000000000001cbe8       0x74 CMakeFiles/51_mijia_device.dir/__/__/mesh/src/prov/prov_utils.c.obj
 .text.prov_utils_opt_set
                0x000000000001cc5c       0x28 CMakeFiles/51_mijia_device.dir/__/__/mesh/src/prov/prov_utils.c.obj
                0x000000000001cc5c                prov_utils_opt_set
 .text.prov_utils_opt_get
                0x000000000001cc84       0x1c CMakeFiles/51_mijia_device.dir/__/__/mesh/src/prov/prov_utils.c.obj
                0x000000000001cc84                prov_utils_opt_get
 .text.prov_utils_use_ecdh_offloading
                0x000000000001cca0        0xc CMakeFiles/51_mijia_device.dir/__/__/mesh/src/prov/prov_utils.c.obj
                0x000000000001cca0                prov_utils_use_ecdh_offloading
 .text.prov_utils_authentication_values_derive
                0x000000000001ccac       0x60 CMakeFiles/51_mijia_device.dir/__/__/mesh/src/prov/prov_utils.c.obj
                0x000000000001ccac                prov_utils_authentication_values_derive
 .text.prov_utils_keys_generate
                0x000000000001cd0c       0x20 CMakeFiles/51_mijia_device.dir/__/__/mesh/src/prov/prov_utils.c.obj
                0x000000000001cd0c                prov_utils_keys_generate
 .text.prov_utils_derive_keys
                0x000000000001cd2c       0xc0 CMakeFiles/51_mijia_device.dir/__/__/mesh/src/prov/prov_utils.c.obj
                0x000000000001cd2c                prov_utils_derive_keys
 .text.prov_utils_calculate_shared_secret
                0x000000000001cdec       0x42 CMakeFiles/51_mijia_device.dir/__/__/mesh/src/prov/prov_utils.c.obj
                0x000000000001cdec                prov_utils_calculate_shared_secret
 *fill*         0x000000000001ce2e        0x2 
 .text.prov_utils_generate_oob_data
                0x000000000001ce30       0xb4 CMakeFiles/51_mijia_device.dir/__/__/mesh/src/prov/prov_utils.c.obj
                0x000000000001ce30                prov_utils_generate_oob_data
 .text.prov_utils_confirmation_check
                0x000000000001cee4       0x6c CMakeFiles/51_mijia_device.dir/__/__/mesh/src/prov/prov_utils.c.obj
                0x000000000001cee4                prov_utils_confirmation_check
 .text.prov_beacon_unprov_build
                0x000000000001cf50       0x52 CMakeFiles/51_mijia_device.dir/__/__/mesh/src/prov/prov_beacon.c.obj
                0x000000000001cf50                prov_beacon_unprov_build
 *fill*         0x000000000001cfa2        0x2 
 .text.prov_beacon_unprov_pkt_in
                0x000000000001cfa4       0xd4 CMakeFiles/51_mijia_device.dir/__/__/mesh/src/prov/prov_beacon.c.obj
                0x000000000001cfa4                prov_beacon_unprov_pkt_in
 .text.increment_model_count
                0x000000000001d078       0x3c CMakeFiles/51_mijia_device.dir/__/__/mesh/src/access/access.c.obj
 .text.element_has_model_id
                0x000000000001d0b4       0x70 CMakeFiles/51_mijia_device.dir/__/__/mesh/src/access/access.c.obj
 .text.access_opcode_get
                0x000000000001d124       0x6a CMakeFiles/51_mijia_device.dir/__/__/mesh/src/access/access.c.obj
 *fill*         0x000000000001d18e        0x2 
 .text.opcode_set
                0x000000000001d190       0x3c CMakeFiles/51_mijia_device.dir/__/__/mesh/src/access/access.c.obj
 .text.is_valid_opcode
                0x000000000001d1cc       0x60 CMakeFiles/51_mijia_device.dir/__/__/mesh/src/access/access.c.obj
 .text.opcodes_are_valid
                0x000000000001d22c       0x20 CMakeFiles/51_mijia_device.dir/__/__/mesh/src/access/access.c.obj
 .text.is_opcode_of_model
                0x000000000001d24c       0x3a CMakeFiles/51_mijia_device.dir/__/__/mesh/src/access/access.c.obj
 *fill*         0x000000000001d286        0x2 
 .text.check_tx_params
                0x000000000001d288       0xb4 CMakeFiles/51_mijia_device.dir/__/__/mesh/src/access/access.c.obj
 .text.flash_invalidate_complete
                0x000000000001d33c       0x18 CMakeFiles/51_mijia_device.dir/__/__/mesh/src/access/access.c.obj
 .text.flash_manager_mem_available
                0x000000000001d354        0x6 CMakeFiles/51_mijia_device.dir/__/__/mesh/src/access/access.c.obj
 *fill*         0x000000000001d35a        0x2 
 .text.restore_acquired_subscription
                0x000000000001d35c       0x44 CMakeFiles/51_mijia_device.dir/__/__/mesh/src/access/access.c.obj
 .text.restore_acquired_element
                0x000000000001d3a0       0x20 CMakeFiles/51_mijia_device.dir/__/__/mesh/src/access/access.c.obj
 .text.restore_flash_data
                0x000000000001d3c0       0x60 CMakeFiles/51_mijia_device.dir/__/__/mesh/src/access/access.c.obj
 .text.restore_acquired_model
                0x000000000001d420       0x78 CMakeFiles/51_mijia_device.dir/__/__/mesh/src/access/access.c.obj
 .text.access_flash_config_clear
                0x000000000001d498       0x28 CMakeFiles/51_mijia_device.dir/__/__/mesh/src/access/access.c.obj
 .text.access_flash_config_store
                0x000000000001d4c0      0x188 CMakeFiles/51_mijia_device.dir/__/__/mesh/src/access/access.c.obj
                0x000000000001d4c0                access_flash_config_store
 .text.access_state_clear
                0x000000000001d648       0x50 CMakeFiles/51_mijia_device.dir/__/__/mesh/src/access/access.c.obj
 .text.mesh_msg_handle
                0x000000000001d698      0x2a0 CMakeFiles/51_mijia_device.dir/__/__/mesh/src/access/access.c.obj
 .text.mesh_evt_cb
                0x000000000001d938       0x12 CMakeFiles/51_mijia_device.dir/__/__/mesh/src/access/access.c.obj
 *fill*         0x000000000001d94a        0x2 
 .text.add_flash_manager
                0x000000000001d94c       0x64 CMakeFiles/51_mijia_device.dir/__/__/mesh/src/access/access.c.obj
 .text.flash_remove_complete
                0x000000000001d9b0       0x8c CMakeFiles/51_mijia_device.dir/__/__/mesh/src/access/access.c.obj
 .text.flash_write_complete
                0x000000000001da3c       0x6c CMakeFiles/51_mijia_device.dir/__/__/mesh/src/access/access.c.obj
 .text.packet_tx
                0x000000000001daa8      0x21c CMakeFiles/51_mijia_device.dir/__/__/mesh/src/access/access.c.obj
 .text.access_flash_config_load
                0x000000000001dcc4      0x1cc CMakeFiles/51_mijia_device.dir/__/__/mesh/src/access/access.c.obj
                0x000000000001dcc4                access_flash_config_load
 .text.access_init
                0x000000000001de90       0x24 CMakeFiles/51_mijia_device.dir/__/__/mesh/src/access/access.c.obj
                0x000000000001de90                access_init
 .text.access_model_add
                0x000000000001deb4      0x150 CMakeFiles/51_mijia_device.dir/__/__/mesh/src/access/access.c.obj
                0x000000000001deb4                access_model_add
 .text.access_model_publish
                0x000000000001e004       0x12 CMakeFiles/51_mijia_device.dir/__/__/mesh/src/access/access.c.obj
                0x000000000001e004                access_model_publish
 .text.access_model_reply
                0x000000000001e016       0x1e CMakeFiles/51_mijia_device.dir/__/__/mesh/src/access/access.c.obj
                0x000000000001e016                access_model_reply
 .text.access_model_publish_address_set
                0x000000000001e034       0x58 CMakeFiles/51_mijia_device.dir/__/__/mesh/src/access/access.c.obj
                0x000000000001e034                access_model_publish_address_set
 .text.access_model_publish_address_get
                0x000000000001e08c       0x44 CMakeFiles/51_mijia_device.dir/__/__/mesh/src/access/access.c.obj
                0x000000000001e08c                access_model_publish_address_get
 .text.access_model_publish_period_set
                0x000000000001e0d0       0xb0 CMakeFiles/51_mijia_device.dir/__/__/mesh/src/access/access.c.obj
                0x000000000001e0d0                access_model_publish_period_set
 .text.access_model_publish_period_get
                0x000000000001e180       0x60 CMakeFiles/51_mijia_device.dir/__/__/mesh/src/access/access.c.obj
                0x000000000001e180                access_model_publish_period_get
 .text.access_model_subscription_list_alloc
                0x000000000001e1e0       0x74 CMakeFiles/51_mijia_device.dir/__/__/mesh/src/access/access.c.obj
                0x000000000001e1e0                access_model_subscription_list_alloc
 .text.access_model_subscription_add
                0x000000000001e254       0x88 CMakeFiles/51_mijia_device.dir/__/__/mesh/src/access/access.c.obj
                0x000000000001e254                access_model_subscription_add
 .text.access_model_subscription_remove
                0x000000000001e2dc       0x88 CMakeFiles/51_mijia_device.dir/__/__/mesh/src/access/access.c.obj
                0x000000000001e2dc                access_model_subscription_remove
 .text.access_model_subscriptions_get
                0x000000000001e364       0xa4 CMakeFiles/51_mijia_device.dir/__/__/mesh/src/access/access.c.obj
                0x000000000001e364                access_model_subscriptions_get
 .text.access_model_application_bind
                0x000000000001e408       0x74 CMakeFiles/51_mijia_device.dir/__/__/mesh/src/access/access.c.obj
                0x000000000001e408                access_model_application_bind
 .text.access_model_application_unbind
                0x000000000001e47c       0x74 CMakeFiles/51_mijia_device.dir/__/__/mesh/src/access/access.c.obj
                0x000000000001e47c                access_model_application_unbind
 .text.access_model_applications_get
                0x000000000001e4f0       0x80 CMakeFiles/51_mijia_device.dir/__/__/mesh/src/access/access.c.obj
                0x000000000001e4f0                access_model_applications_get
 .text.access_model_publish_application_set
                0x000000000001e570       0x58 CMakeFiles/51_mijia_device.dir/__/__/mesh/src/access/access.c.obj
                0x000000000001e570                access_model_publish_application_set
 .text.access_model_publish_application_get
                0x000000000001e5c8       0x44 CMakeFiles/51_mijia_device.dir/__/__/mesh/src/access/access.c.obj
                0x000000000001e5c8                access_model_publish_application_get
 .text.access_default_ttl_set
                0x000000000001e60c       0x10 CMakeFiles/51_mijia_device.dir/__/__/mesh/src/access/access.c.obj
                0x000000000001e60c                access_default_ttl_set
 .text.access_default_ttl_get
                0x000000000001e61c        0xc CMakeFiles/51_mijia_device.dir/__/__/mesh/src/access/access.c.obj
                0x000000000001e61c                access_default_ttl_get
 .text.access_model_publish_ttl_set
                0x000000000001e628       0x60 CMakeFiles/51_mijia_device.dir/__/__/mesh/src/access/access.c.obj
                0x000000000001e628                access_model_publish_ttl_set
 .text.access_model_publish_ttl_get
                0x000000000001e688       0x44 CMakeFiles/51_mijia_device.dir/__/__/mesh/src/access/access.c.obj
                0x000000000001e688                access_model_publish_ttl_get
 .text.access_element_location_get
                0x000000000001e6cc       0x24 CMakeFiles/51_mijia_device.dir/__/__/mesh/src/access/access.c.obj
                0x000000000001e6cc                access_element_location_get
 .text.access_element_sig_model_count_get
                0x000000000001e6f0       0x28 CMakeFiles/51_mijia_device.dir/__/__/mesh/src/access/access.c.obj
                0x000000000001e6f0                access_element_sig_model_count_get
 .text.access_element_vendor_model_count_get
                0x000000000001e718       0x28 CMakeFiles/51_mijia_device.dir/__/__/mesh/src/access/access.c.obj
                0x000000000001e718                access_element_vendor_model_count_get
 .text.access_model_id_get
                0x000000000001e740       0x50 CMakeFiles/51_mijia_device.dir/__/__/mesh/src/access/access.c.obj
                0x000000000001e740                access_model_id_get
 .text.access_handle_get
                0x000000000001e790       0x68 CMakeFiles/51_mijia_device.dir/__/__/mesh/src/access/access.c.obj
                0x000000000001e790                access_handle_get
 .text.access_element_models_get
                0x000000000001e7f8       0x68 CMakeFiles/51_mijia_device.dir/__/__/mesh/src/access/access.c.obj
                0x000000000001e7f8                access_element_models_get
 .text.access_model_p_args_get
                0x000000000001e860       0x44 CMakeFiles/51_mijia_device.dir/__/__/mesh/src/access/access.c.obj
                0x000000000001e860                access_model_p_args_get
 .text.add_to_publication_list
                0x000000000001e8a4       0xa4 CMakeFiles/51_mijia_device.dir/__/__/mesh/src/access/access_publish.c.obj
 .text.calculate_next_timestamp
                0x000000000001e948      0x1f0 CMakeFiles/51_mijia_device.dir/__/__/mesh/src/access/access_publish.c.obj
 .text.schedule_publication_timer
                0x000000000001eb38       0xe0 CMakeFiles/51_mijia_device.dir/__/__/mesh/src/access/access_publish.c.obj
 .text.schedule_publication_event
                0x000000000001ec18       0x1c CMakeFiles/51_mijia_device.dir/__/__/mesh/src/access/access_publish.c.obj
 .text.access_publish_period_set
                0x000000000001ec34       0x88 CMakeFiles/51_mijia_device.dir/__/__/mesh/src/access/access_publish.c.obj
                0x000000000001ec34                access_publish_period_set
 .text.access_publish_period_get
                0x000000000001ecbc       0x34 CMakeFiles/51_mijia_device.dir/__/__/mesh/src/access/access_publish.c.obj
                0x000000000001ecbc                access_publish_period_get
 .text.find_index
                0x000000000001ecf0       0x48 CMakeFiles/51_mijia_device.dir/__/__/mesh/src/access/access_reliable.c.obj
 .text.get_next_timeout_index
                0x000000000001ed38       0x54 CMakeFiles/51_mijia_device.dir/__/__/mesh/src/access/access_reliable.c.obj
 .text.remove_and_reschedule
                0x000000000001ed8c       0xb8 CMakeFiles/51_mijia_device.dir/__/__/mesh/src/access/access_reliable.c.obj
 .text.reliable_timer_cb
                0x000000000001ee44      0x1c0 CMakeFiles/51_mijia_device.dir/__/__/mesh/src/access/access_reliable.c.obj
 .text.access_reliable_message_rx_cb
                0x000000000001f004       0x88 CMakeFiles/51_mijia_device.dir/__/__/mesh/src/access/access_reliable.c.obj
                0x000000000001f004                access_reliable_message_rx_cb
 .text.access_reliable_init
                0x000000000001f08c       0x1c CMakeFiles/51_mijia_device.dir/__/__/mesh/src/access/access_reliable.c.obj
                0x000000000001f08c                access_reliable_init
 .text.rx_unicast_address_get
                0x000000000001f0a8       0x44 CMakeFiles/51_mijia_device.dir/__/__/mesh/src/access/device_state_manager.c.obj
 .text.address_nonvirtual_subscription_exists
                0x000000000001f0ec       0x54 CMakeFiles/51_mijia_device.dir/__/__/mesh/src/access/device_state_manager.c.obj
 .text.rx_group_address_get
                0x000000000001f140       0x22 CMakeFiles/51_mijia_device.dir/__/__/mesh/src/access/device_state_manager.c.obj
 *fill*         0x000000000001f162        0x2 
 .text.virtual_address_index_get
                0x000000000001f164       0x54 CMakeFiles/51_mijia_device.dir/__/__/mesh/src/access/device_state_manager.c.obj
 .text.non_virtual_address_handle_get
                0x000000000001f1b8       0x54 CMakeFiles/51_mijia_device.dir/__/__/mesh/src/access/device_state_manager.c.obj
 .text.dev_key_handle_get
                0x000000000001f20c       0x58 CMakeFiles/51_mijia_device.dir/__/__/mesh/src/access/device_state_manager.c.obj
 .text.app_key_handle_get
                0x000000000001f264       0x54 CMakeFiles/51_mijia_device.dir/__/__/mesh/src/access/device_state_manager.c.obj
 .text.get_all_appkeys
                0x000000000001f2b8       0x5c CMakeFiles/51_mijia_device.dir/__/__/mesh/src/access/device_state_manager.c.obj
 .text.get_all_subnets
                0x000000000001f314       0x4c CMakeFiles/51_mijia_device.dir/__/__/mesh/src/access/device_state_manager.c.obj
 .text.get_subnet_handle
                0x000000000001f360       0x48 CMakeFiles/51_mijia_device.dir/__/__/mesh/src/access/device_state_manager.c.obj
 .text.get_subnet_handle_by_beacon_info
                0x000000000001f3a8       0x48 CMakeFiles/51_mijia_device.dir/__/__/mesh/src/access/device_state_manager.c.obj
 .text.get_app_handle
                0x000000000001f3f0       0x6c CMakeFiles/51_mijia_device.dir/__/__/mesh/src/access/device_state_manager.c.obj
 .text.get_devkey_secmat
                0x000000000001f45c       0x30 CMakeFiles/51_mijia_device.dir/__/__/mesh/src/access/device_state_manager.c.obj
 .text.get_app_secmat
                0x000000000001f48c       0x6c CMakeFiles/51_mijia_device.dir/__/__/mesh/src/access/device_state_manager.c.obj
 .text.nonvirtual_address_set
                0x000000000001f4f8       0x3c CMakeFiles/51_mijia_device.dir/__/__/mesh/src/access/device_state_manager.c.obj
 .text.addr_nonvirtual_to_dsm_entry
                0x000000000001f534        0xe CMakeFiles/51_mijia_device.dir/__/__/mesh/src/access/device_state_manager.c.obj
 *fill*         0x000000000001f542        0x2 
 .text.addr_nonvirtual_to_flash_entry
                0x000000000001f544       0x10 CMakeFiles/51_mijia_device.dir/__/__/mesh/src/access/device_state_manager.c.obj
 .text.flash_mem_listener_callback
                0x000000000001f554       0x20 CMakeFiles/51_mijia_device.dir/__/__/mesh/src/access/device_state_manager.c.obj
 .text.flash_load
                0x000000000001f574       0x4c CMakeFiles/51_mijia_device.dir/__/__/mesh/src/access/device_state_manager.c.obj
 .text.devkey_set
                0x000000000001f5c0       0x64 CMakeFiles/51_mijia_device.dir/__/__/mesh/src/access/device_state_manager.c.obj
 .text.devkey_to_dsm_entry
                0x000000000001f624       0x14 CMakeFiles/51_mijia_device.dir/__/__/mesh/src/access/device_state_manager.c.obj
 .text.devkey_to_flash_entry
                0x000000000001f638       0x28 CMakeFiles/51_mijia_device.dir/__/__/mesh/src/access/device_state_manager.c.obj
 .text.appkey_to_flash_entry
                0x000000000001f660       0x28 CMakeFiles/51_mijia_device.dir/__/__/mesh/src/access/device_state_manager.c.obj
 .text.subnet_to_flash_entry
                0x000000000001f688       0x24 CMakeFiles/51_mijia_device.dir/__/__/mesh/src/access/device_state_manager.c.obj
 .text.addr_virtual_to_flash_entry
                0x000000000001f6ac       0x20 CMakeFiles/51_mijia_device.dir/__/__/mesh/src/access/device_state_manager.c.obj
 .text.addr_unicast_to_dsm_entry
                0x000000000001f6cc       0x10 CMakeFiles/51_mijia_device.dir/__/__/mesh/src/access/device_state_manager.c.obj
 .text.addr_unicast_to_flash_entry
                0x000000000001f6dc       0x14 CMakeFiles/51_mijia_device.dir/__/__/mesh/src/access/device_state_manager.c.obj
 .text.appkey_set
                0x000000000001f6f0       0x80 CMakeFiles/51_mijia_device.dir/__/__/mesh/src/access/device_state_manager.c.obj
 .text.appkey_to_dsm_entry
                0x000000000001f770       0x12 CMakeFiles/51_mijia_device.dir/__/__/mesh/src/access/device_state_manager.c.obj
 *fill*         0x000000000001f782        0x2 
 .text.subnet_set
                0x000000000001f784       0xc4 CMakeFiles/51_mijia_device.dir/__/__/mesh/src/access/device_state_manager.c.obj
 .text.subnet_to_dsm_entry
                0x000000000001f848       0x10 CMakeFiles/51_mijia_device.dir/__/__/mesh/src/access/device_state_manager.c.obj
 .text.virtual_address_set
                0x000000000001f858       0x68 CMakeFiles/51_mijia_device.dir/__/__/mesh/src/access/device_state_manager.c.obj
 .text.addr_virtual_to_dsm_entry
                0x000000000001f8c0       0x10 CMakeFiles/51_mijia_device.dir/__/__/mesh/src/access/device_state_manager.c.obj
 .text.flash_save
                0x000000000001f8d0       0x9c CMakeFiles/51_mijia_device.dir/__/__/mesh/src/access/device_state_manager.c.obj
 .text.flash_store_metainfo
                0x000000000001f96c       0x34 CMakeFiles/51_mijia_device.dir/__/__/mesh/src/access/device_state_manager.c.obj
 .text.flash_invalidate
                0x000000000001f9a0       0x84 CMakeFiles/51_mijia_device.dir/__/__/mesh/src/access/device_state_manager.c.obj
 .text.flash_update_all
                0x000000000001fa24       0xd4 CMakeFiles/51_mijia_device.dir/__/__/mesh/src/access/device_state_manager.c.obj
 .text.address_delete_if_unused
                0x000000000001faf8       0xe4 CMakeFiles/51_mijia_device.dir/__/__/mesh/src/access/device_state_manager.c.obj
 .text.flash_operation_complete
                0x000000000001fbdc       0x70 CMakeFiles/51_mijia_device.dir/__/__/mesh/src/access/device_state_manager.c.obj
 .text.flash_invalidate_complete
                0x000000000001fc4c        0xc CMakeFiles/51_mijia_device.dir/__/__/mesh/src/access/device_state_manager.c.obj
 .text.flash_write_complete
                0x000000000001fc58        0xc CMakeFiles/51_mijia_device.dir/__/__/mesh/src/access/device_state_manager.c.obj
 .text.reset_flash_area
                0x000000000001fc64       0x28 CMakeFiles/51_mijia_device.dir/__/__/mesh/src/access/device_state_manager.c.obj
 .text.address_exists
                0x000000000001fc8c       0xa8 CMakeFiles/51_mijia_device.dir/__/__/mesh/src/access/device_state_manager.c.obj
 .text.add_address
                0x000000000001fd34       0xa0 CMakeFiles/51_mijia_device.dir/__/__/mesh/src/access/device_state_manager.c.obj
 .text.virtual_address_uuid_index_get
                0x000000000001fdd4       0x64 CMakeFiles/51_mijia_device.dir/__/__/mesh/src/access/device_state_manager.c.obj
 .text.add_address_virtual
                0x000000000001fe38       0x9c CMakeFiles/51_mijia_device.dir/__/__/mesh/src/access/device_state_manager.c.obj
 .text.rx_virtual_address_get
                0x000000000001fed4       0x6c CMakeFiles/51_mijia_device.dir/__/__/mesh/src/access/device_state_manager.c.obj
 .text.dsm_flash_config_load
                0x000000000001ff40      0x114 CMakeFiles/51_mijia_device.dir/__/__/mesh/src/access/device_state_manager.c.obj
                0x000000000001ff40                dsm_flash_config_load
 .text.dsm_flash_area_get
                0x0000000000020054       0x14 CMakeFiles/51_mijia_device.dir/__/__/mesh/src/access/device_state_manager.c.obj
                0x0000000000020054                dsm_flash_area_get
 .text.build_flash_area
                0x0000000000020068       0x78 CMakeFiles/51_mijia_device.dir/__/__/mesh/src/access/device_state_manager.c.obj
 .text.dsm_init
                0x00000000000200e0       0x28 CMakeFiles/51_mijia_device.dir/__/__/mesh/src/access/device_state_manager.c.obj
                0x00000000000200e0                dsm_init
 .text.flash_remove_complete
                0x0000000000020108        0x8 CMakeFiles/51_mijia_device.dir/__/__/mesh/src/access/device_state_manager.c.obj
 .text.dsm_local_unicast_addresses_set
                0x0000000000020110       0x84 CMakeFiles/51_mijia_device.dir/__/__/mesh/src/access/device_state_manager.c.obj
                0x0000000000020110                dsm_local_unicast_addresses_set
 .text.dsm_local_unicast_addresses_get
                0x0000000000020194       0x2c CMakeFiles/51_mijia_device.dir/__/__/mesh/src/access/device_state_manager.c.obj
                0x0000000000020194                dsm_local_unicast_addresses_get
 .text.dsm_address_publish_add
                0x00000000000201c0        0xa CMakeFiles/51_mijia_device.dir/__/__/mesh/src/access/device_state_manager.c.obj
                0x00000000000201c0                dsm_address_publish_add
 *fill*         0x00000000000201ca        0x2 
 .text.dsm_address_publish_add_handle
                0x00000000000201cc       0x9c CMakeFiles/51_mijia_device.dir/__/__/mesh/src/access/device_state_manager.c.obj
                0x00000000000201cc                dsm_address_publish_add_handle
 .text.dsm_address_publish_virtual_add
                0x0000000000020268        0xa CMakeFiles/51_mijia_device.dir/__/__/mesh/src/access/device_state_manager.c.obj
                0x0000000000020268                dsm_address_publish_virtual_add
 .text.dsm_address_subscription_add
                0x0000000000020272        0xa CMakeFiles/51_mijia_device.dir/__/__/mesh/src/access/device_state_manager.c.obj
                0x0000000000020272                dsm_address_subscription_add
 .text.dsm_address_subscription_virtual_add
                0x000000000002027c        0xa CMakeFiles/51_mijia_device.dir/__/__/mesh/src/access/device_state_manager.c.obj
                0x000000000002027c                dsm_address_subscription_virtual_add
 *fill*         0x0000000000020286        0x2 
 .text.dsm_address_subscription_add_handle
                0x0000000000020288       0x9c CMakeFiles/51_mijia_device.dir/__/__/mesh/src/access/device_state_manager.c.obj
                0x0000000000020288                dsm_address_subscription_add_handle
 .text.dsm_address_subscription_get
                0x0000000000020324       0x94 CMakeFiles/51_mijia_device.dir/__/__/mesh/src/access/device_state_manager.c.obj
                0x0000000000020324                dsm_address_subscription_get
 .text.dsm_address_get
                0x00000000000203b8       0x9c CMakeFiles/51_mijia_device.dir/__/__/mesh/src/access/device_state_manager.c.obj
                0x00000000000203b8                dsm_address_get
 .text.dsm_address_subscription_remove
                0x0000000000020454       0xe0 CMakeFiles/51_mijia_device.dir/__/__/mesh/src/access/device_state_manager.c.obj
                0x0000000000020454                dsm_address_subscription_remove
 .text.dsm_address_handle_get
                0x0000000000020534       0x74 CMakeFiles/51_mijia_device.dir/__/__/mesh/src/access/device_state_manager.c.obj
                0x0000000000020534                dsm_address_handle_get
 .text.dsm_net_key_index_to_subnet_handle
                0x00000000000205a8       0x58 CMakeFiles/51_mijia_device.dir/__/__/mesh/src/access/device_state_manager.c.obj
                0x00000000000205a8                dsm_net_key_index_to_subnet_handle
 .text.dsm_app_key_index_to_appkey_handle
                0x0000000000020600       0x20 CMakeFiles/51_mijia_device.dir/__/__/mesh/src/access/device_state_manager.c.obj
                0x0000000000020600                dsm_app_key_index_to_appkey_handle
 .text.dsm_appkey_handle_get
                0x0000000000020620       0x14 CMakeFiles/51_mijia_device.dir/__/__/mesh/src/access/device_state_manager.c.obj
                0x0000000000020620                dsm_appkey_handle_get
 .text.dsm_appkey_handle_to_appkey_index
                0x0000000000020634       0x40 CMakeFiles/51_mijia_device.dir/__/__/mesh/src/access/device_state_manager.c.obj
                0x0000000000020634                dsm_appkey_handle_to_appkey_index
 .text.dsm_subnet_add
                0x0000000000020674       0x94 CMakeFiles/51_mijia_device.dir/__/__/mesh/src/access/device_state_manager.c.obj
                0x0000000000020674                dsm_subnet_add
 .text.dsm_subnet_update
                0x0000000000020708       0x50 CMakeFiles/51_mijia_device.dir/__/__/mesh/src/access/device_state_manager.c.obj
                0x0000000000020708                dsm_subnet_update
 .text.dsm_subnet_get_all
                0x0000000000020758       0x22 CMakeFiles/51_mijia_device.dir/__/__/mesh/src/access/device_state_manager.c.obj
                0x0000000000020758                dsm_subnet_get_all
 *fill*         0x000000000002077a        0x2 
 .text.dsm_devkey_add
                0x000000000002077c       0x94 CMakeFiles/51_mijia_device.dir/__/__/mesh/src/access/device_state_manager.c.obj
                0x000000000002077c                dsm_devkey_add
 .text.dsm_devkey_delete
                0x0000000000020810       0x4c CMakeFiles/51_mijia_device.dir/__/__/mesh/src/access/device_state_manager.c.obj
                0x0000000000020810                dsm_devkey_delete
 .text.dsm_appkey_add
                0x000000000002085c       0x94 CMakeFiles/51_mijia_device.dir/__/__/mesh/src/access/device_state_manager.c.obj
                0x000000000002085c                dsm_appkey_add
 .text.dsm_appkey_update
                0x00000000000208f0       0x58 CMakeFiles/51_mijia_device.dir/__/__/mesh/src/access/device_state_manager.c.obj
                0x00000000000208f0                dsm_appkey_update
 .text.dsm_appkey_delete
                0x0000000000020948       0x38 CMakeFiles/51_mijia_device.dir/__/__/mesh/src/access/device_state_manager.c.obj
                0x0000000000020948                dsm_appkey_delete
 .text.dsm_subnet_delete
                0x0000000000020980       0xd4 CMakeFiles/51_mijia_device.dir/__/__/mesh/src/access/device_state_manager.c.obj
                0x0000000000020980                dsm_subnet_delete
 .text.dsm_appkey_get_all
                0x0000000000020a54       0x48 CMakeFiles/51_mijia_device.dir/__/__/mesh/src/access/device_state_manager.c.obj
                0x0000000000020a54                dsm_appkey_get_all
 .text.dsm_tx_secmat_get
                0x0000000000020a9c      0x144 CMakeFiles/51_mijia_device.dir/__/__/mesh/src/access/device_state_manager.c.obj
                0x0000000000020a9c                dsm_tx_secmat_get
 .text.nrf_mesh_net_secmat_next_get
                0x0000000000020be0       0x78 CMakeFiles/51_mijia_device.dir/__/__/mesh/src/access/device_state_manager.c.obj
                0x0000000000020be0                nrf_mesh_net_secmat_next_get
 .text.nrf_mesh_app_secmat_next_get
                0x0000000000020c58       0x58 CMakeFiles/51_mijia_device.dir/__/__/mesh/src/access/device_state_manager.c.obj
                0x0000000000020c58                nrf_mesh_app_secmat_next_get
 .text.nrf_mesh_devkey_secmat_get
                0x0000000000020cb0       0x28 CMakeFiles/51_mijia_device.dir/__/__/mesh/src/access/device_state_manager.c.obj
                0x0000000000020cb0                nrf_mesh_devkey_secmat_get
 .text.nrf_mesh_beacon_info_next_get
                0x0000000000020cd8       0xb0 CMakeFiles/51_mijia_device.dir/__/__/mesh/src/access/device_state_manager.c.obj
                0x0000000000020cd8                nrf_mesh_beacon_info_next_get
 .text.nrf_mesh_rx_address_get
                0x0000000000020d88       0x38 CMakeFiles/51_mijia_device.dir/__/__/mesh/src/access/device_state_manager.c.obj
                0x0000000000020d88                nrf_mesh_rx_address_get
 .text.sd_softdevice_enable
                0x0000000000020dc0        0x4 CMakeFiles/51_mijia_device.dir/__/__/mesh/src/access/nrf_mesh_node_config.c.obj
 .text.sleep_forever
                0x0000000000020dc4       0x10 CMakeFiles/51_mijia_device.dir/__/__/mesh/src/access/nrf_mesh_node_config.c.obj
 .text.default_mesh_assertion_handler
                0x0000000000020dd4       0x80 CMakeFiles/51_mijia_device.dir/__/__/mesh/src/access/nrf_mesh_node_config.c.obj
                0x0000000000020dd4                default_mesh_assertion_handler
 .text.default_softdevice_assertion_handler
                0x0000000000020e54       0x88 CMakeFiles/51_mijia_device.dir/__/__/mesh/src/access/nrf_mesh_node_config.c.obj
 .text.setup_provisionee
                0x0000000000020edc       0x30 CMakeFiles/51_mijia_device.dir/__/__/mesh/src/access/nrf_mesh_node_config.c.obj
 .text.start_provisionee
                0x0000000000020f0c       0x1c CMakeFiles/51_mijia_device.dir/__/__/mesh/src/access/nrf_mesh_node_config.c.obj
 .text.mesh_evt_handler
                0x0000000000020f28      0x10c CMakeFiles/51_mijia_device.dir/__/__/mesh/src/access/nrf_mesh_node_config.c.obj
 .text.softdevice_setup
                0x0000000000021034       0x7c CMakeFiles/51_mijia_device.dir/__/__/mesh/src/access/nrf_mesh_node_config.c.obj
                0x0000000000021034                softdevice_setup
 .text.nrf_mesh_node_config
                0x00000000000210b0       0xe0 CMakeFiles/51_mijia_device.dir/__/__/mesh/src/access/nrf_mesh_node_config.c.obj
                0x00000000000210b0                nrf_mesh_node_config
 .text.get_element_index
                0x0000000000021190       0x2c CMakeFiles/51_mijia_device.dir/__/__/mesh/models/config/src/config_server.c.obj
 .text.send_reply
                0x00000000000211bc       0x20 CMakeFiles/51_mijia_device.dir/__/__/mesh/models/config/src/config_server.c.obj
 .text.send_generic_error_reply
                0x00000000000211dc       0x3e CMakeFiles/51_mijia_device.dir/__/__/mesh/models/config/src/config_server.c.obj
 *fill*         0x000000000002121a        0x2 
 .text.handle_model_app_get
                0x000000000002121c      0x1f0 CMakeFiles/51_mijia_device.dir/__/__/mesh/models/config/src/config_server.c.obj
 .text.handle_node_reset
                0x000000000002140c       0x20 CMakeFiles/51_mijia_device.dir/__/__/mesh/models/config/src/config_server.c.obj
 .text.handle_node_identity_set
                0x000000000002142c       0x3c CMakeFiles/51_mijia_device.dir/__/__/mesh/models/config/src/config_server.c.obj
 .text.handle_node_identity_get
                0x0000000000021468       0x3c CMakeFiles/51_mijia_device.dir/__/__/mesh/models/config/src/config_server.c.obj
 .text.send_netkey_status
                0x00000000000214a4       0x28 CMakeFiles/51_mijia_device.dir/__/__/mesh/models/config/src/config_server.c.obj
 .text.handle_heartbeat_subscription_set
                0x00000000000214cc       0x30 CMakeFiles/51_mijia_device.dir/__/__/mesh/models/config/src/config_server.c.obj
 .text.handle_heartbeat_subscription_get
                0x00000000000214fc       0x30 CMakeFiles/51_mijia_device.dir/__/__/mesh/models/config/src/config_server.c.obj
 .text.handle_heartbeat_publication_set
                0x000000000002152c       0x2a CMakeFiles/51_mijia_device.dir/__/__/mesh/models/config/src/config_server.c.obj
 .text.handle_heartbeat_publication_get
                0x0000000000021556       0x2a CMakeFiles/51_mijia_device.dir/__/__/mesh/models/config/src/config_server.c.obj
 .text.send_subscription_status
                0x0000000000021580       0x54 CMakeFiles/51_mijia_device.dir/__/__/mesh/models/config/src/config_server.c.obj
 .text.handle_config_gatt_proxy_set
                0x00000000000215d4       0x24 CMakeFiles/51_mijia_device.dir/__/__/mesh/models/config/src/config_server.c.obj
 .text.handle_config_gatt_proxy_get
                0x00000000000215f8       0x24 CMakeFiles/51_mijia_device.dir/__/__/mesh/models/config/src/config_server.c.obj
 .text.handle_config_friend_set
                0x000000000002161c       0x24 CMakeFiles/51_mijia_device.dir/__/__/mesh/models/config/src/config_server.c.obj
 .text.handle_config_friend_get
                0x0000000000021640       0x24 CMakeFiles/51_mijia_device.dir/__/__/mesh/models/config/src/config_server.c.obj
 .text.send_appkey_status
                0x0000000000021664       0x34 CMakeFiles/51_mijia_device.dir/__/__/mesh/models/config/src/config_server.c.obj
 .text.handle_netkey_get
                0x0000000000021698       0x6c CMakeFiles/51_mijia_device.dir/__/__/mesh/models/config/src/config_server.c.obj
 .text.handle_netkey_delete
                0x0000000000021704       0x6c CMakeFiles/51_mijia_device.dir/__/__/mesh/models/config/src/config_server.c.obj
 .text.handle_netkey_add_update
                0x0000000000021770       0x94 CMakeFiles/51_mijia_device.dir/__/__/mesh/models/config/src/config_server.c.obj
 .text.handle_model_app_bind_unbind
                0x0000000000021804      0x130 CMakeFiles/51_mijia_device.dir/__/__/mesh/models/config/src/config_server.c.obj
 .text.handle_config_sig_model_subscription_get
                0x0000000000021934      0x110 CMakeFiles/51_mijia_device.dir/__/__/mesh/models/config/src/config_server.c.obj
 .text.send_relay_status
                0x0000000000021a44       0x8c CMakeFiles/51_mijia_device.dir/__/__/mesh/models/config/src/config_server.c.obj
 .text.handle_config_relay_set
                0x0000000000021ad0       0xa0 CMakeFiles/51_mijia_device.dir/__/__/mesh/models/config/src/config_server.c.obj
 .text.handle_config_relay_get
                0x0000000000021b70       0x10 CMakeFiles/51_mijia_device.dir/__/__/mesh/models/config/src/config_server.c.obj
 .text.handle_config_model_subscription_virtual_address_add
                0x0000000000021b80      0x180 CMakeFiles/51_mijia_device.dir/__/__/mesh/models/config/src/config_server.c.obj
 .text.delete_all_subscriptions
                0x0000000000021d00       0x8c CMakeFiles/51_mijia_device.dir/__/__/mesh/models/config/src/config_server.c.obj
 .text.handle_config_model_subscription_virtual_address_overwrite
                0x0000000000021d8c      0x1ac CMakeFiles/51_mijia_device.dir/__/__/mesh/models/config/src/config_server.c.obj
 .text.handle_config_model_subscription_delete_all
                0x0000000000021f38       0xdc CMakeFiles/51_mijia_device.dir/__/__/mesh/models/config/src/config_server.c.obj
 .text.handle_config_model_subscription_virtual_address_delete
                0x0000000000022014      0x184 CMakeFiles/51_mijia_device.dir/__/__/mesh/models/config/src/config_server.c.obj
 .text.handle_config_model_subscription_delete
                0x0000000000022198      0x1bc CMakeFiles/51_mijia_device.dir/__/__/mesh/models/config/src/config_server.c.obj
 .text.handle_config_model_subscription_overwrite
                0x0000000000022354      0x1c8 CMakeFiles/51_mijia_device.dir/__/__/mesh/models/config/src/config_server.c.obj
 .text.handle_config_model_subscription_add
                0x000000000002251c      0x19c CMakeFiles/51_mijia_device.dir/__/__/mesh/models/config/src/config_server.c.obj
 .text.send_publication_status
                0x00000000000226b8      0x1bc CMakeFiles/51_mijia_device.dir/__/__/mesh/models/config/src/config_server.c.obj
 .text.handle_config_model_publication_get
                0x0000000000022874       0x98 CMakeFiles/51_mijia_device.dir/__/__/mesh/models/config/src/config_server.c.obj
 .text.handle_config_default_ttl_getset
                0x000000000002290c       0x58 CMakeFiles/51_mijia_device.dir/__/__/mesh/models/config/src/config_server.c.obj
 .text.send_net_beacon_state
                0x0000000000022964       0x2c CMakeFiles/51_mijia_device.dir/__/__/mesh/models/config/src/config_server.c.obj
 .text.handle_config_beacon_set
                0x0000000000022990       0x2a CMakeFiles/51_mijia_device.dir/__/__/mesh/models/config/src/config_server.c.obj
 .text.handle_config_beacon_get
                0x00000000000229ba       0x10 CMakeFiles/51_mijia_device.dir/__/__/mesh/models/config/src/config_server.c.obj
 *fill*         0x00000000000229ca        0x2 
 .text.handle_composition_data_get
                0x00000000000229cc       0x54 CMakeFiles/51_mijia_device.dir/__/__/mesh/models/config/src/config_server.c.obj
 .text.handle_appkey_get
                0x0000000000022a20       0xcc CMakeFiles/51_mijia_device.dir/__/__/mesh/models/config/src/config_server.c.obj
 .text.handle_appkey_delete
                0x0000000000022aec       0x6c CMakeFiles/51_mijia_device.dir/__/__/mesh/models/config/src/config_server.c.obj
 .text.handle_config_model_publication_set
                0x0000000000022b58      0x290 CMakeFiles/51_mijia_device.dir/__/__/mesh/models/config/src/config_server.c.obj
 .text.handle_appkey_add_update
                0x0000000000022de8       0xac CMakeFiles/51_mijia_device.dir/__/__/mesh/models/config/src/config_server.c.obj
 .text.handle_config_vendor_model_subscription_get
                0x0000000000022e94      0x130 CMakeFiles/51_mijia_device.dir/__/__/mesh/models/config/src/config_server.c.obj
 .text.config_server_init
                0x0000000000022fc4       0x54 CMakeFiles/51_mijia_device.dir/__/__/mesh/models/config/src/config_server.c.obj
                0x0000000000022fc4                config_server_init
 .text.config_server_bind
                0x0000000000023018       0x14 CMakeFiles/51_mijia_device.dir/__/__/mesh/models/config/src/config_server.c.obj
                0x0000000000023018                config_server_bind
 .text.packed_index_list_size
                0x000000000002302c       0x12 CMakeFiles/51_mijia_device.dir/__/__/mesh/models/config/src/packed_index_list.c.obj
                0x000000000002302c                packed_index_list_size
 .text.packed_index_list_create
                0x000000000002303e       0x50 CMakeFiles/51_mijia_device.dir/__/__/mesh/models/config/src/packed_index_list.c.obj
                0x000000000002303e                packed_index_list_create
 *fill*         0x000000000002308e        0x2 
 .text.composition_data_sig_models_write
                0x0000000000023090       0x68 CMakeFiles/51_mijia_device.dir/__/__/mesh/models/config/src/composition_data.c.obj
 .text.composition_data_vendor_models_write
                0x00000000000230f8       0x74 CMakeFiles/51_mijia_device.dir/__/__/mesh/models/config/src/composition_data.c.obj
 .text.config_composition_data_get
                0x000000000002316c      0x130 CMakeFiles/51_mijia_device.dir/__/__/mesh/models/config/src/composition_data.c.obj
                0x000000000002316c                config_composition_data_get
 .text.sd_evt_get
                0x000000000002329c        0x4 CMakeFiles/51_mijia_device.dir/__/nrf_mesh_sdk.c.obj
 .text.sd_ble_evt_get
                0x00000000000232a0        0x4 CMakeFiles/51_mijia_device.dir/__/nrf_mesh_sdk.c.obj
 .text.sleep_forever
                0x00000000000232a4       0x24 CMakeFiles/51_mijia_device.dir/__/nrf_mesh_sdk.c.obj
 .text.app_error_handler
                0x00000000000232c8       0x88 CMakeFiles/51_mijia_device.dir/__/nrf_mesh_sdk.c.obj
                0x00000000000232c8                app_error_handler
 .text.HardFault_Handler
                0x0000000000023350       0x7c CMakeFiles/51_mijia_device.dir/__/nrf_mesh_sdk.c.obj
                0x0000000000023350                HardFault_Handler
 .text.SWI2_IRQHandler
                0x00000000000233cc       0x40 CMakeFiles/51_mijia_device.dir/__/nrf_mesh_sdk.c.obj
                0x00000000000233cc                SWI2_IRQHandler
 .text.hal_led_pin_get
                0x000000000002340c       0x1c CMakeFiles/51_mijia_device.dir/__/hal/src/simple_hal.c.obj
                0x000000000002340c                hal_led_pin_get
 .text.hal_led_pin_set
                0x0000000000023428       0x28 CMakeFiles/51_mijia_device.dir/__/hal/src/simple_hal.c.obj
                0x0000000000023428                hal_led_pin_set
 .text.hal_led_blink_ms
                0x0000000000023450       0x58 CMakeFiles/51_mijia_device.dir/__/hal/src/simple_hal.c.obj
                0x0000000000023450                hal_led_blink_ms
 .text.hal_leds_init
                0x00000000000234a8       0x26 CMakeFiles/51_mijia_device.dir/__/hal/src/simple_hal.c.obj
                0x00000000000234a8                hal_leds_init
 .text.publish_state
                0x00000000000234ce       0x22 CMakeFiles/51_mijia_device.dir/__/models/simple_on_off/src/simple_on_off_server.c.obj
 .text.rx_set_unreliable_cb
                0x00000000000234f0       0x3c CMakeFiles/51_mijia_device.dir/__/models/simple_on_off/src/simple_on_off_server.c.obj
 .text.reply_status
                0x000000000002352c       0x24 CMakeFiles/51_mijia_device.dir/__/models/simple_on_off/src/simple_on_off_server.c.obj
 .text.rx_get_cb
                0x0000000000023550       0x34 CMakeFiles/51_mijia_device.dir/__/models/simple_on_off/src/simple_on_off_server.c.obj
 .text.rx_set_cb
                0x0000000000023584       0x48 CMakeFiles/51_mijia_device.dir/__/models/simple_on_off/src/simple_on_off_server.c.obj
 .text.simple_on_off_server_init
                0x00000000000235cc       0x4c CMakeFiles/51_mijia_device.dir/__/models/simple_on_off/src/simple_on_off_server.c.obj
                0x00000000000235cc                simple_on_off_server_init
 .text          0x0000000000023618       0x4c CMakeFiles/51_mijia_device.dir/__/__/toolchain/gcc/gcc_startup_nrf51.S.obj
                0x0000000000023618                Reset_Handler
                0x0000000000023658                NMI_Handler
                0x000000000002365c                SVC_Handler
                0x000000000002365e                PendSV_Handler
                0x0000000000023660                SysTick_Handler
                0x0000000000023662                TIMER2_IRQHandler
                0x0000000000023662                SPI0_TWI0_IRQHandler
                0x0000000000023662                RTC0_IRQHandler
                0x0000000000023662                GPIOTE_IRQHandler
                0x0000000000023662                POWER_CLOCK_IRQHandler
                0x0000000000023662                RADIO_IRQHandler
                0x0000000000023662                LPCOMP_IRQHandler
                0x0000000000023662                SWI4_IRQHandler
                0x0000000000023662                TEMP_IRQHandler
                0x0000000000023662                UART0_IRQHandler
                0x0000000000023662                SWI5_IRQHandler
                0x0000000000023662                TIMER0_IRQHandler
                0x0000000000023662                SWI0_IRQHandler
                0x0000000000023662                TIMER1_IRQHandler
                0x0000000000023662                ECB_IRQHandler
                0x0000000000023662                Default_Handler
                0x0000000000023662                ADC_IRQHandler
                0x0000000000023662                SWI3_IRQHandler
                0x0000000000023662                CCM_AAR_IRQHandler
                0x0000000000023662                WDT_IRQHandler
                0x0000000000023662                RNG_IRQHandler
                0x0000000000023662                SPI1_TWI1_IRQHandler
                0x0000000000023662                RTC1_IRQHandler
                0x0000000000023662                SWI1_IRQHandler
 .text.is_manual_peripheral_setup_needed
                0x0000000000023664       0x70 CMakeFiles/51_mijia_device.dir/__/__/toolchain/system_nrf51.c.obj
 .text.is_disabled_in_debug_needed
                0x00000000000236d4       0x50 CMakeFiles/51_mijia_device.dir/__/__/toolchain/system_nrf51.c.obj
 .text.is_peripheral_domain_setup_needed
                0x0000000000023724       0x60 CMakeFiles/51_mijia_device.dir/__/__/toolchain/system_nrf51.c.obj
 .text.SystemInit
                0x0000000000023784       0x6c CMakeFiles/51_mijia_device.dir/__/__/toolchain/system_nrf51.c.obj
                0x0000000000023784                SystemInit
 .text.complete_provisioning
                0x00000000000237f0       0x70 ../../mesh/lib_51_MBTLE_PB_ADV_EE.a(prov_provisionee.c.obj)
 .text.prov_provisionee_cb_link_closed
                0x0000000000023860       0x38 ../../mesh/lib_51_MBTLE_PB_ADV_EE.a(prov_provisionee.c.obj)
 .text.prov_provisionee_cb_link_established
                0x0000000000023898       0x20 ../../mesh/lib_51_MBTLE_PB_ADV_EE.a(prov_provisionee.c.obj)
 .text.request_authentication
                0x00000000000238b8       0xb4 ../../mesh/lib_51_MBTLE_PB_ADV_EE.a(prov_provisionee.c.obj)
 .text.send_failed
                0x000000000002396c       0x4c ../../mesh/lib_51_MBTLE_PB_ADV_EE.a(prov_provisionee.c.obj)
 .text.start_authentication
                0x00000000000239b8       0x6c ../../mesh/lib_51_MBTLE_PB_ADV_EE.a(prov_provisionee.c.obj)
 .text.prov_provisionee_cb_ack_received
                0x0000000000023a24       0xcc ../../mesh/lib_51_MBTLE_PB_ADV_EE.a(prov_provisionee.c.obj)
 .text.handle_prov_start
                0x0000000000023af0       0x58 ../../mesh/lib_51_MBTLE_PB_ADV_EE.a(prov_provisionee.c.obj)
 .text.send_capabilities
                0x0000000000023b48       0x9c ../../mesh/lib_51_MBTLE_PB_ADV_EE.a(prov_provisionee.c.obj)
 .text.handle_data
                0x0000000000023be4       0xd8 ../../mesh/lib_51_MBTLE_PB_ADV_EE.a(prov_provisionee.c.obj)
 .text.prov_provisionee_pkt_in
                0x0000000000023cbc      0x234 ../../mesh/lib_51_MBTLE_PB_ADV_EE.a(prov_provisionee.c.obj)
 .text.prov_provisionee_init
                0x0000000000023ef0       0x48 ../../mesh/lib_51_MBTLE_PB_ADV_EE.a(prov_provisionee.c.obj)
                0x0000000000023ef0                prov_provisionee_init
 .text.prov_provisionee_auth_data
                0x0000000000023f38       0x9c ../../mesh/lib_51_MBTLE_PB_ADV_EE.a(prov_provisionee.c.obj)
                0x0000000000023f38                prov_provisionee_auth_data
 .text._weak_handler
                0x0000000000023fd4        0x4 ../../mesh/lib_51_MBTLE_CORE.a(nrf_mesh_weak.c.obj)
                0x0000000000023fd4                nrf_mesh_dfu_init
                0x0000000000023fd4                nrf_mesh_dfu_jump_to_bootloader
                0x0000000000023fd4                prov_provisioner_cb_link_established
                0x0000000000023fd4                nrf_mesh_dfu_rx
                0x0000000000023fd4                prov_provisionee_pkt_in
                0x0000000000023fd4                prov_provisioner_provision
                0x0000000000023fd4                prov_provisioner_cb_ack_received
                0x0000000000023fd4                nrf_mesh_dfu_bank_info_get
                0x0000000000023fd4                prov_provisionee_cb_ack_received
                0x0000000000023fd4                prov_provisioner_oob_pubkey
                0x0000000000023fd4                nrf_mesh_dfu_request
                0x0000000000023fd4                nrf_mesh_dfu_bank_flash
                0x0000000000023fd4                _weak_handler
                0x0000000000023fd4                prov_provisioner_pkt_in
                0x0000000000023fd4                prov_provisioner_init
                0x0000000000023fd4                nrf_mesh_dfu_relay
                0x0000000000023fd4                prov_provisionee_accept
                0x0000000000023fd4                nrf_mesh_dfu_abort
                0x0000000000023fd4                nrf_mesh_dfu_state_get
                0x0000000000023fd4                prov_provisioner_shared_secret
                0x0000000000023fd4                prov_provisioner_auth_data
                0x0000000000023fd4                prov_provisioner_oob_use
 .text.scan_channel_iterate
                0x0000000000023fd8       0x34 ../../mesh/lib_51_MBTLE_CORE.a(bearer_adv.c.obj)
 .text.is_valid_gap_addr
                0x000000000002400c       0x7c ../../mesh/lib_51_MBTLE_CORE.a(bearer_adv.c.obj)
 .text.packet_tx
                0x0000000000024088       0x7e ../../mesh/lib_51_MBTLE_CORE.a(bearer_adv.c.obj)
 *fill*         0x0000000000024106        0x2 
 .text.scan_order
                0x0000000000024108       0xb0 ../../mesh/lib_51_MBTLE_CORE.a(bearer_adv.c.obj)
 .text.radio_idle_cb
                0x00000000000241b8       0x18 ../../mesh/lib_51_MBTLE_CORE.a(bearer_adv.c.obj)
 .text.scan_begin_timer_cb
                0x00000000000241d0       0x18 ../../mesh/lib_51_MBTLE_CORE.a(bearer_adv.c.obj)
 .text.radio_tx_cb
                0x00000000000241e8       0x34 ../../mesh/lib_51_MBTLE_CORE.a(bearer_adv.c.obj)
 .text.tx_event_send
                0x000000000002421c       0x22 ../../mesh/lib_51_MBTLE_CORE.a(bearer_adv.c.obj)
 *fill*         0x000000000002423e        0x2 
 .text.radio_rx_cb
                0x0000000000024240       0x48 ../../mesh/lib_51_MBTLE_CORE.a(bearer_adv.c.obj)
 .text.packet_fields_set
                0x0000000000024288       0x44 ../../mesh/lib_51_MBTLE_CORE.a(bearer_adv.c.obj)
 .text.adv_evt_timeout
                0x00000000000242cc      0x130 ../../mesh/lib_51_MBTLE_CORE.a(bearer_adv.c.obj)
 .text.next_adv_schedule
                0x00000000000243fc       0x80 ../../mesh/lib_51_MBTLE_CORE.a(bearer_adv.c.obj)
 .text.scan_end_timer_cb
                0x000000000002447c       0x14 ../../mesh/lib_51_MBTLE_CORE.a(bearer_adv.c.obj)
 .text.bearer_adv_advertiser_init
                0x0000000000024490      0x148 ../../mesh/lib_51_MBTLE_CORE.a(bearer_adv.c.obj)
                0x0000000000024490                bearer_adv_advertiser_init
 .text.bearer_adv_reconfig
                0x00000000000245d8       0x68 ../../mesh/lib_51_MBTLE_CORE.a(bearer_adv.c.obj)
                0x00000000000245d8                bearer_adv_reconfig
 .text.bearer_adv_opt_get
                0x0000000000024640       0xf0 ../../mesh/lib_51_MBTLE_CORE.a(bearer_adv.c.obj)
                0x0000000000024640                bearer_adv_opt_get
 .text.bearer_adv_tx
                0x0000000000024730       0x58 ../../mesh/lib_51_MBTLE_CORE.a(bearer_adv.c.obj)
                0x0000000000024730                bearer_adv_tx
 .text.bearer_adv_adv_stop
                0x0000000000024788       0x18 ../../mesh/lib_51_MBTLE_CORE.a(bearer_adv.c.obj)
                0x0000000000024788                bearer_adv_adv_stop
 .text.bearer_adv_adv_start
                0x00000000000247a0       0x26 ../../mesh/lib_51_MBTLE_CORE.a(bearer_adv.c.obj)
                0x00000000000247a0                bearer_adv_adv_start
 .text.bearer_adv_flush_tx
                0x00000000000247c6       0x50 ../../mesh/lib_51_MBTLE_CORE.a(bearer_adv.c.obj)
                0x00000000000247c6                bearer_adv_flush_tx
 .text.bearer_adv_interval_reset
                0x0000000000024816       0x30 ../../mesh/lib_51_MBTLE_CORE.a(bearer_adv.c.obj)
                0x0000000000024816                bearer_adv_interval_reset
 *fill*         0x0000000000024846        0x2 
 .text.bearer_adv_scan_start
                0x0000000000024848       0x60 ../../mesh/lib_51_MBTLE_CORE.a(bearer_adv.c.obj)
                0x0000000000024848                bearer_adv_scan_start
 .text.bearer_adv_opt_set
                0x00000000000248a8      0x134 ../../mesh/lib_51_MBTLE_CORE.a(bearer_adv.c.obj)
                0x00000000000248a8                bearer_adv_opt_set
 .text.bearer_adv_gap_type_set
                0x00000000000249dc       0x5c ../../mesh/lib_51_MBTLE_CORE.a(bearer_adv.c.obj)
                0x00000000000249dc                bearer_adv_gap_type_set
 .text.bearer_adv_addr_get
                0x0000000000024a38       0x28 ../../mesh/lib_51_MBTLE_CORE.a(bearer_adv.c.obj)
                0x0000000000024a38                bearer_adv_addr_get
 .text.bearer_adv_addr_default_set
                0x0000000000024a60       0x30 ../../mesh/lib_51_MBTLE_CORE.a(bearer_adv.c.obj)
                0x0000000000024a60                bearer_adv_addr_default_set
 .text.bearer_adv_init
                0x0000000000024a90       0xf8 ../../mesh/lib_51_MBTLE_CORE.a(bearer_adv.c.obj)
                0x0000000000024a90                bearer_adv_init
 .text.fifo_init
                0x0000000000024b88       0x60 ../../mesh/lib_51_MBTLE_CORE.a(fifo.c.obj)
                0x0000000000024b88                fifo_init
 .text.fifo_push
                0x0000000000024be8       0x64 ../../mesh/lib_51_MBTLE_CORE.a(fifo.c.obj)
                0x0000000000024be8                fifo_push
 .text.fifo_pop
                0x0000000000024c4c       0x60 ../../mesh/lib_51_MBTLE_CORE.a(fifo.c.obj)
                0x0000000000024c4c                fifo_pop
 .text.fifo_get_len
                0x0000000000024cac        0x8 ../../mesh/lib_51_MBTLE_CORE.a(fifo.c.obj)
                0x0000000000024cac                fifo_get_len
 .text.fifo_peek_at
                0x0000000000024cb4       0x66 ../../mesh/lib_51_MBTLE_CORE.a(fifo.c.obj)
                0x0000000000024cb4                fifo_peek_at
 .text.fifo_peek
                0x0000000000024d1a        0xa ../../mesh/lib_51_MBTLE_CORE.a(fifo.c.obj)
                0x0000000000024d1a                fifo_peek
 .text.fifo_is_empty
                0x0000000000024d24        0xe ../../mesh/lib_51_MBTLE_CORE.a(fifo.c.obj)
                0x0000000000024d24                fifo_is_empty
 *fill*         0x0000000000024d32        0x2 
 .text.buffer_find_preceding_free_block
                0x0000000000024d34       0x20 ../../mesh/lib_51_MBTLE_CORE.a(packet_mgr.c.obj)
 .text.buffer_remove_from_free_list
                0x0000000000024d54       0x3c ../../mesh/lib_51_MBTLE_CORE.a(packet_mgr.c.obj)
 .text.buffer_shrink
                0x0000000000024d90       0x68 ../../mesh/lib_51_MBTLE_CORE.a(packet_mgr.c.obj)
 .text.buffer_populate_new_header
                0x0000000000024df8        0xa ../../mesh/lib_51_MBTLE_CORE.a(packet_mgr.c.obj)
 *fill*         0x0000000000024e02        0x2 
 .text.packet_mgr_init
                0x0000000000024e04       0x60 ../../mesh/lib_51_MBTLE_CORE.a(packet_mgr.c.obj)
                0x0000000000024e04                packet_mgr_init
 .text.packet_mgr_alloc
                0x0000000000024e64      0x154 ../../mesh/lib_51_MBTLE_CORE.a(packet_mgr.c.obj)
                0x0000000000024e64                packet_mgr_alloc
 .text.packet_mgr_free
                0x0000000000024fb8       0x84 ../../mesh/lib_51_MBTLE_CORE.a(packet_mgr.c.obj)
                0x0000000000024fb8                packet_mgr_free
 .text.setup_event
                0x000000000002503c       0x60 ../../mesh/lib_51_MBTLE_CORE.a(radio.c.obj)
 .text.radio_init
                0x000000000002509c       0x60 ../../mesh/lib_51_MBTLE_CORE.a(radio.c.obj)
                0x000000000002509c                radio_init
 .text.radio_mode_set
                0x00000000000250fc       0x14 ../../mesh/lib_51_MBTLE_CORE.a(radio.c.obj)
                0x00000000000250fc                radio_mode_set
 .text.radio_access_addr_set
                0x0000000000025110        0xc ../../mesh/lib_51_MBTLE_CORE.a(radio.c.obj)
                0x0000000000025110                radio_access_addr_set
 .text.radio_tx_power_set
                0x000000000002511c        0xc ../../mesh/lib_51_MBTLE_CORE.a(radio.c.obj)
                0x000000000002511c                radio_tx_power_set
 .text.radio_mode_get
                0x0000000000025128        0xc ../../mesh/lib_51_MBTLE_CORE.a(radio.c.obj)
                0x0000000000025128                radio_mode_get
 .text.radio_access_addr_get
                0x0000000000025134        0xc ../../mesh/lib_51_MBTLE_CORE.a(radio.c.obj)
                0x0000000000025134                radio_access_addr_get
 .text.radio_tx_power_get
                0x0000000000025140        0xc ../../mesh/lib_51_MBTLE_CORE.a(radio.c.obj)
                0x0000000000025140                radio_tx_power_get
 .text.radio_order
                0x000000000002514c      0x108 ../../mesh/lib_51_MBTLE_CORE.a(radio.c.obj)
                0x000000000002514c                radio_order
 .text.radio_invoke
                0x0000000000025254       0x28 ../../mesh/lib_51_MBTLE_CORE.a(radio.c.obj)
                0x0000000000025254                radio_invoke
 .text.radio_stop
                0x000000000002527c       0x28 ../../mesh/lib_51_MBTLE_CORE.a(radio.c.obj)
                0x000000000002527c                radio_stop
 .text.purge_preemptable
                0x00000000000252a4       0x80 ../../mesh/lib_51_MBTLE_CORE.a(radio.c.obj)
 .text.radio_preemptable_cancel
                0x0000000000025324       0x2c ../../mesh/lib_51_MBTLE_CORE.a(radio.c.obj)
                0x0000000000025324                radio_preemptable_cancel
 .text.radio_event_handler
                0x0000000000025350      0x100 ../../mesh/lib_51_MBTLE_CORE.a(radio.c.obj)
                0x0000000000025350                radio_event_handler
 .text.radio_on_ts_begin
                0x0000000000025450       0x50 ../../mesh/lib_51_MBTLE_CORE.a(radio.c.obj)
                0x0000000000025450                radio_on_ts_begin
 .text.radio_on_ts_end
                0x00000000000254a0        0x8 ../../mesh/lib_51_MBTLE_CORE.a(radio.c.obj)
                0x00000000000254a0                radio_on_ts_end
 .text.timer_set
                0x00000000000254a8       0x2c ../../mesh/lib_51_MBTLE_CORE.a(timer.c.obj)
 .text.timer_order_cb
                0x00000000000254d4       0x7c ../../mesh/lib_51_MBTLE_CORE.a(timer.c.obj)
                0x00000000000254d4                timer_order_cb
 .text.timer_abort
                0x0000000000025550       0x8c ../../mesh/lib_51_MBTLE_CORE.a(timer.c.obj)
                0x0000000000025550                timer_abort
 .text.timer_now
                0x00000000000255dc       0x58 ../../mesh/lib_51_MBTLE_CORE.a(timer.c.obj)
                0x00000000000255dc                timer_now
 .text.timer_event_handler
                0x0000000000025634       0x98 ../../mesh/lib_51_MBTLE_CORE.a(timer.c.obj)
                0x0000000000025634                timer_event_handler
 .text.timer_on_ts_begin
                0x00000000000256cc       0xf8 ../../mesh/lib_51_MBTLE_CORE.a(timer.c.obj)
                0x00000000000256cc                timer_on_ts_begin
 .text.timer_on_ts_end
                0x00000000000257c4       0x48 ../../mesh/lib_51_MBTLE_CORE.a(timer.c.obj)
                0x00000000000257c4                timer_on_ts_end
 .text.add_evt  0x000000000002580c       0x90 ../../mesh/lib_51_MBTLE_CORE.a(timer_scheduler.c.obj)
 .text.process_add_list
                0x000000000002589c       0x50 ../../mesh/lib_51_MBTLE_CORE.a(timer_scheduler.c.obj)
 .text.process_dirty_events
                0x00000000000258ec       0xa4 ../../mesh/lib_51_MBTLE_CORE.a(timer_scheduler.c.obj)
 .text.fire_timers
                0x0000000000025990       0xb8 ../../mesh/lib_51_MBTLE_CORE.a(timer_scheduler.c.obj)
 .text.setup_timeout
                0x0000000000025a48       0x6c ../../mesh/lib_51_MBTLE_CORE.a(timer_scheduler.c.obj)
 .text.flag_event_cb
                0x0000000000025ab4       0x1c ../../mesh/lib_51_MBTLE_CORE.a(timer_scheduler.c.obj)
 .text.timer_cb
                0x0000000000025ad0       0x10 ../../mesh/lib_51_MBTLE_CORE.a(timer_scheduler.c.obj)
 .text.timer_sch_init
                0x0000000000025ae0       0x24 ../../mesh/lib_51_MBTLE_CORE.a(timer_scheduler.c.obj)
                0x0000000000025ae0                timer_sch_init
 .text.timer_sch_schedule
                0x0000000000025b04       0x94 ../../mesh/lib_51_MBTLE_CORE.a(timer_scheduler.c.obj)
                0x0000000000025b04                timer_sch_schedule
 .text.timer_sch_abort
                0x0000000000025b98       0x70 ../../mesh/lib_51_MBTLE_CORE.a(timer_scheduler.c.obj)
                0x0000000000025b98                timer_sch_abort
 .text.timer_sch_reschedule
                0x0000000000025c08       0xb4 ../../mesh/lib_51_MBTLE_CORE.a(timer_scheduler.c.obj)
                0x0000000000025c08                timer_sch_reschedule
 .text.beacon_init
                0x0000000000025cbc       0x44 ../../mesh/lib_51_MBTLE_CORE.a(beacon.c.obj)
                0x0000000000025cbc                beacon_init
 .text.beacon_create
                0x0000000000025d00       0x64 ../../mesh/lib_51_MBTLE_CORE.a(beacon.c.obj)
                0x0000000000025d00                beacon_create
 .text.beacon_tx
                0x0000000000025d64       0x54 ../../mesh/lib_51_MBTLE_CORE.a(beacon.c.obj)
                0x0000000000025d64                beacon_tx
 .text.beacon_pkt_in
                0x0000000000025db8      0x1bc ../../mesh/lib_51_MBTLE_CORE.a(beacon.c.obj)
                0x0000000000025db8                beacon_pkt_in
 .text.bearer_rx_cb
                0x0000000000025f74      0x3a0 ../../mesh/lib_51_MBTLE_CORE.a(bearer.c.obj)
 .text.bearer_init
                0x0000000000026314       0x68 ../../mesh/lib_51_MBTLE_CORE.a(bearer.c.obj)
                0x0000000000026314                bearer_init
 .text.bearer_adtype_filtering_set
                0x000000000002637c        0xc ../../mesh/lib_51_MBTLE_CORE.a(bearer.c.obj)
                0x000000000002637c                bearer_adtype_filtering_set
 .text.bearer_adtype_add
                0x0000000000026388       0x1c ../../mesh/lib_51_MBTLE_CORE.a(bearer.c.obj)
                0x0000000000026388                bearer_adtype_add
 .text.bearer_adtype_remove
                0x00000000000263a4       0x1c ../../mesh/lib_51_MBTLE_CORE.a(bearer.c.obj)
                0x00000000000263a4                bearer_adtype_remove
 .text.bearer_enable
                0x00000000000263c0        0xa ../../mesh/lib_51_MBTLE_CORE.a(bearer.c.obj)
                0x00000000000263c0                bearer_enable
 *fill*         0x00000000000263ca        0x2 
 .text.bearer_tx
                0x00000000000263cc       0x54 ../../mesh/lib_51_MBTLE_CORE.a(bearer.c.obj)
                0x00000000000263cc                bearer_tx
 .text.bearer_rx
                0x0000000000026420       0x3c ../../mesh/lib_51_MBTLE_CORE.a(bearer.c.obj)
                0x0000000000026420                bearer_rx
 .text.call_callback
                0x000000000002645c       0x38 ../../mesh/lib_51_MBTLE_CORE.a(bearer_event.c.obj)
 .text.trigger_event_handler
                0x0000000000026494       0x14 ../../mesh/lib_51_MBTLE_CORE.a(bearer_event.c.obj)
 .text.handle_events
                0x00000000000264a8       0x6c ../../mesh/lib_51_MBTLE_CORE.a(bearer_event.c.obj)
 .text.evt_push
                0x0000000000026514       0x20 ../../mesh/lib_51_MBTLE_CORE.a(bearer_event.c.obj)
 .text.QDEC_IRQHandler
                0x0000000000026534        0x8 ../../mesh/lib_51_MBTLE_CORE.a(bearer_event.c.obj)
                0x0000000000026534                QDEC_IRQHandler
 .text.bearer_event_init
                0x000000000002653c       0x40 ../../mesh/lib_51_MBTLE_CORE.a(bearer_event.c.obj)
                0x000000000002653c                bearer_event_init
 .text.bearer_event_generic_post
                0x000000000002657c       0x38 ../../mesh/lib_51_MBTLE_CORE.a(bearer_event.c.obj)
                0x000000000002657c                bearer_event_generic_post
 .text.bearer_event_timer_post
                0x00000000000265b4       0x38 ../../mesh/lib_51_MBTLE_CORE.a(bearer_event.c.obj)
                0x00000000000265b4                bearer_event_timer_post
 .text.bearer_event_critical_section_begin
                0x00000000000265ec       0x48 ../../mesh/lib_51_MBTLE_CORE.a(bearer_event.c.obj)
                0x00000000000265ec                bearer_event_critical_section_begin
 .text.bearer_event_critical_section_end
                0x0000000000026634       0x48 ../../mesh/lib_51_MBTLE_CORE.a(bearer_event.c.obj)
                0x0000000000026634                bearer_event_critical_section_end
 .text.bearer_event_flag_add
                0x000000000002667c       0x58 ../../mesh/lib_51_MBTLE_CORE.a(bearer_event.c.obj)
                0x000000000002667c                bearer_event_flag_add
 .text.bearer_event_flag_set
                0x00000000000266d4       0x50 ../../mesh/lib_51_MBTLE_CORE.a(bearer_event.c.obj)
                0x00000000000266d4                bearer_event_flag_set
 .text.nrf_mesh_configure_device_uuid_reset
                0x0000000000026724       0x28 ../../mesh/lib_51_MBTLE_CORE.a(nrf_mesh_configure.c.obj)
                0x0000000000026724                nrf_mesh_configure_device_uuid_reset
 .text.nrf_mesh_configure_device_uuid_get
                0x000000000002674c        0x8 ../../mesh/lib_51_MBTLE_CORE.a(nrf_mesh_configure.c.obj)
                0x000000000002674c                nrf_mesh_configure_device_uuid_get
 .text.enc_aes_encrypt
                0x0000000000026754        0x8 ../../mesh/lib_51_MBTLE_CORE.a(enc.c.obj)
                0x0000000000026754                enc_aes_encrypt
 .text.enc_aes_cmac
                0x000000000002675c        0x8 ../../mesh/lib_51_MBTLE_CORE.a(enc.c.obj)
                0x000000000002675c                enc_aes_cmac
 .text.enc_aes_ccm_encrypt
                0x0000000000026764        0x8 ../../mesh/lib_51_MBTLE_CORE.a(enc.c.obj)
                0x0000000000026764                enc_aes_ccm_encrypt
 .text.enc_aes_ccm_decrypt
                0x000000000002676c        0x8 ../../mesh/lib_51_MBTLE_CORE.a(enc.c.obj)
                0x000000000002676c                enc_aes_ccm_decrypt
 .text.enc_nonce_generate
                0x0000000000026774       0xdc ../../mesh/lib_51_MBTLE_CORE.a(enc.c.obj)
                0x0000000000026774                enc_nonce_generate
 .text.enc_s1   0x0000000000026850       0x44 ../../mesh/lib_51_MBTLE_CORE.a(enc.c.obj)
                0x0000000000026850                enc_s1
 .text.enc_k1   0x0000000000026894       0x58 ../../mesh/lib_51_MBTLE_CORE.a(enc.c.obj)
                0x0000000000026894                enc_k1
 .text.enc_k2   0x00000000000268ec       0xfc ../../mesh/lib_51_MBTLE_CORE.a(enc.c.obj)
                0x00000000000268ec                enc_k2
 .text.enc_k3   0x00000000000269e8       0x68 ../../mesh/lib_51_MBTLE_CORE.a(enc.c.obj)
                0x00000000000269e8                enc_k3
 .text.enc_k4   0x0000000000026a50       0x64 ../../mesh/lib_51_MBTLE_CORE.a(enc.c.obj)
                0x0000000000026a50                enc_k4
 .text.event_handle
                0x0000000000026ab4       0x3c ../../mesh/lib_51_MBTLE_CORE.a(event.c.obj)
                0x0000000000026ab4                event_handle
 .text.event_handler_add
                0x0000000000026af0       0x94 ../../mesh/lib_51_MBTLE_CORE.a(event.c.obj)
                0x0000000000026af0                event_handler_add
 .text.event_handler_remove
                0x0000000000026b84       0x70 ../../mesh/lib_51_MBTLE_CORE.a(event.c.obj)
                0x0000000000026b84                event_handler_remove
 .text.log_callback_rtt
                0x0000000000026bf4       0x2c ../../mesh/lib_51_MBTLE_CORE.a(log.c.obj)
                0x0000000000026bf4                log_callback_rtt
 .text.log_init
                0x0000000000026c20       0x1c ../../mesh/lib_51_MBTLE_CORE.a(log.c.obj)
                0x0000000000026c20                log_init
 .text.log_vprintf
                0x0000000000026c3c       0x20 ../../mesh/lib_51_MBTLE_CORE.a(log.c.obj)
                0x0000000000026c3c                log_vprintf
 .text.log_printf
                0x0000000000026c5c       0x16 ../../mesh/lib_51_MBTLE_CORE.a(log.c.obj)
                0x0000000000026c5c                log_printf
 .text.make_network_beacon_cmac
                0x0000000000026c72       0x22 ../../mesh/lib_51_MBTLE_CORE.a(net_beacon.c.obj)
 .text.network_beacon_tx_cb
                0x0000000000026c94      0x10c ../../mesh/lib_51_MBTLE_CORE.a(net_beacon.c.obj)
 .text.is_valid_beacon_pkt
                0x0000000000026da0       0x26 ../../mesh/lib_51_MBTLE_CORE.a(net_beacon.c.obj)
 *fill*         0x0000000000026dc6        0x2 
 .text.net_beacon_init
                0x0000000000026dc8       0x60 ../../mesh/lib_51_MBTLE_CORE.a(net_beacon.c.obj)
                0x0000000000026dc8                net_beacon_init
 .text.net_beacon_state_set
                0x0000000000026e28       0x44 ../../mesh/lib_51_MBTLE_CORE.a(net_beacon.c.obj)
                0x0000000000026e28                net_beacon_state_set
 .text.net_beacon_state_get
                0x0000000000026e6c        0xc ../../mesh/lib_51_MBTLE_CORE.a(net_beacon.c.obj)
                0x0000000000026e6c                net_beacon_state_get
 .text.net_beacon_pkt_in
                0x0000000000026e78       0xbc ../../mesh/lib_51_MBTLE_CORE.a(net_beacon.c.obj)
                0x0000000000026e78                net_beacon_pkt_in
 .text.flash_mem_available
                0x0000000000026f34       0x20 ../../mesh/lib_51_MBTLE_CORE.a(net_state.c.obj)
 .text.flash_store_iv_index
                0x0000000000026f54       0x34 ../../mesh/lib_51_MBTLE_CORE.a(net_state.c.obj)
 .text.seqnum_block_allocate
                0x0000000000026f88       0x54 ../../mesh/lib_51_MBTLE_CORE.a(net_state.c.obj)
 .text.flash_write_complete
                0x0000000000026fdc       0x84 ../../mesh/lib_51_MBTLE_CORE.a(net_state.c.obj)
 .text.iv_index_notify
                0x0000000000027060       0x1a ../../mesh/lib_51_MBTLE_CORE.a(net_state.c.obj)
 *fill*         0x000000000002707a        0x2 
 .text.net_state_recover_from_flash
                0x000000000002707c       0x94 ../../mesh/lib_51_MBTLE_CORE.a(net_state.c.obj)
                0x000000000002707c                net_state_recover_from_flash
 .text.net_state_flash_area_get
                0x0000000000027110       0x14 ../../mesh/lib_51_MBTLE_CORE.a(net_state.c.obj)
                0x0000000000027110                net_state_flash_area_get
 .text.init_flash_storage
                0x0000000000027124       0x44 ../../mesh/lib_51_MBTLE_CORE.a(net_state.c.obj)
 .text.net_state_init
                0x0000000000027168       0x48 ../../mesh/lib_51_MBTLE_CORE.a(net_state.c.obj)
                0x0000000000027168                net_state_init
 .text.net_state_iv_update_start
                0x00000000000271b0       0x74 ../../mesh/lib_51_MBTLE_CORE.a(net_state.c.obj)
                0x00000000000271b0                net_state_iv_update_start
 .text.iv_update_trigger_if_pending
                0x0000000000027224       0xb0 ../../mesh/lib_51_MBTLE_CORE.a(net_state.c.obj)
 .text.iv_update_timer_handler
                0x00000000000272d4       0xb8 ../../mesh/lib_51_MBTLE_CORE.a(net_state.c.obj)
 .text.net_state_seqnum_alloc
                0x000000000002738c       0x74 ../../mesh/lib_51_MBTLE_CORE.a(net_state.c.obj)
                0x000000000002738c                net_state_seqnum_alloc
 .text.net_state_iv_index_lock
                0x0000000000027400       0x54 ../../mesh/lib_51_MBTLE_CORE.a(net_state.c.obj)
                0x0000000000027400                net_state_iv_index_lock
 .text.net_state_beacon_received
                0x0000000000027454       0xb0 ../../mesh/lib_51_MBTLE_CORE.a(net_state.c.obj)
                0x0000000000027454                net_state_beacon_received
 .text.net_state_beacon_iv_index_get
                0x0000000000027504        0xc ../../mesh/lib_51_MBTLE_CORE.a(net_state.c.obj)
                0x0000000000027504                net_state_beacon_iv_index_get
 .text.net_state_tx_iv_index_get
                0x0000000000027510       0x1c ../../mesh/lib_51_MBTLE_CORE.a(net_state.c.obj)
                0x0000000000027510                net_state_tx_iv_index_get
 .text.net_state_rx_iv_index_get
                0x000000000002752c       0x14 ../../mesh/lib_51_MBTLE_CORE.a(net_state.c.obj)
                0x000000000002752c                net_state_rx_iv_index_get
 .text.net_state_iv_update_get
                0x0000000000027540        0xc ../../mesh/lib_51_MBTLE_CORE.a(net_state.c.obj)
                0x0000000000027540                net_state_iv_update_get
 .text.sd_softdevice_is_enabled
                0x000000000002754c        0x4 ../../mesh/lib_51_MBTLE_CORE.a(nrf_mesh.c.obj)
 .text.nrf_mesh_init
                0x0000000000027550       0xb4 ../../mesh/lib_51_MBTLE_CORE.a(nrf_mesh.c.obj)
                0x0000000000027550                nrf_mesh_init
 .text.nrf_mesh_enable
                0x0000000000027604       0x50 ../../mesh/lib_51_MBTLE_CORE.a(nrf_mesh.c.obj)
                0x0000000000027604                nrf_mesh_enable
 .text.nrf_mesh_packet_send
                0x0000000000027654       0x54 ../../mesh/lib_51_MBTLE_CORE.a(nrf_mesh.c.obj)
                0x0000000000027654                nrf_mesh_packet_send
 .text.nrf_mesh_process
                0x00000000000276a8      0x22c ../../mesh/lib_51_MBTLE_CORE.a(nrf_mesh.c.obj)
                0x00000000000276a8                nrf_mesh_process
 .text.nrf_mesh_on_ble_evt
                0x00000000000278d4        0x4 ../../mesh/lib_51_MBTLE_CORE.a(nrf_mesh.c.obj)
                0x00000000000278d4                nrf_mesh_on_ble_evt
 .text.nrf_mesh_on_sd_evt
                0x00000000000278d8        0xa ../../mesh/lib_51_MBTLE_CORE.a(nrf_mesh.c.obj)
                0x00000000000278d8                nrf_mesh_on_sd_evt
 .text.nrf_mesh_evt_handler_add
                0x00000000000278e2        0x8 ../../mesh/lib_51_MBTLE_CORE.a(nrf_mesh.c.obj)
                0x00000000000278e2                nrf_mesh_evt_handler_add
 .text.nrf_mesh_evt_handler_remove
                0x00000000000278ea        0x8 ../../mesh/lib_51_MBTLE_CORE.a(nrf_mesh.c.obj)
                0x00000000000278ea                nrf_mesh_evt_handler_remove
 .text.nrf_mesh_keygen_aid
                0x00000000000278f2       0x1a ../../mesh/lib_51_MBTLE_CORE.a(nrf_mesh_keygen.c.obj)
                0x00000000000278f2                nrf_mesh_keygen_aid
 .text.nrf_mesh_keygen_network_secmat
                0x000000000002790c       0x2a ../../mesh/lib_51_MBTLE_CORE.a(nrf_mesh_keygen.c.obj)
                0x000000000002790c                nrf_mesh_keygen_network_secmat
 *fill*         0x0000000000027936        0x2 
 .text.nrf_mesh_keygen_beacon_secmat
                0x0000000000027938       0x58 ../../mesh/lib_51_MBTLE_CORE.a(nrf_mesh_keygen.c.obj)
                0x0000000000027938                nrf_mesh_keygen_beacon_secmat
 .text.nrf_mesh_keygen_virtual_address
                0x0000000000027990       0x58 ../../mesh/lib_51_MBTLE_CORE.a(nrf_mesh_keygen.c.obj)
                0x0000000000027990                nrf_mesh_keygen_virtual_address
 .text.nrf_mesh_address_type_get
                0x00000000000279e8       0x14 ../../mesh/lib_51_MBTLE_CORE.a(nrf_mesh_utils.c.obj)
                0x00000000000279e8                nrf_mesh_address_type_get
 .text.nrf_mesh_gap_address_type_get
                0x00000000000279fc       0x4c ../../mesh/lib_51_MBTLE_CORE.a(nrf_mesh_utils.c.obj)
                0x00000000000279fc                nrf_mesh_gap_address_type_get
 .text.nrf_mesh_opt_set
                0x0000000000027a48       0x44 ../../mesh/lib_51_MBTLE_CORE.a(nrf_mesh_opt.c.obj)
                0x0000000000027a48                nrf_mesh_opt_set
 .text.nrf_mesh_opt_get
                0x0000000000027a8c       0x44 ../../mesh/lib_51_MBTLE_CORE.a(nrf_mesh_opt.c.obj)
                0x0000000000027a8c                nrf_mesh_opt_get
 .text.radio_config_reset
                0x0000000000027ad0       0x48 ../../mesh/lib_51_MBTLE_CORE.a(radio_config.c.obj)
                0x0000000000027ad0                radio_config_reset
 .text.radio_config_channel_set
                0x0000000000027b18       0x40 ../../mesh/lib_51_MBTLE_CORE.a(radio_config.c.obj)
                0x0000000000027b18                radio_config_channel_set
 .text.radio_config_config
                0x0000000000027b58       0xd8 ../../mesh/lib_51_MBTLE_CORE.a(radio_config.c.obj)
                0x0000000000027b58                radio_config_config
 .text.sd_rand_application_bytes_available_get
                0x0000000000027c30        0x4 ../../mesh/lib_51_MBTLE_CORE.a(rand.c.obj)
 .text.sd_rand_application_vector_get
                0x0000000000027c34        0x4 ../../mesh/lib_51_MBTLE_CORE.a(rand.c.obj)
 .text.rand_prng_get
                0x0000000000027c38       0x2c ../../mesh/lib_51_MBTLE_CORE.a(rand.c.obj)
                0x0000000000027c38                rand_prng_get
 .text.rand_hw_rng_get
                0x0000000000027c64       0x5c ../../mesh/lib_51_MBTLE_CORE.a(rand.c.obj)
                0x0000000000027c64                rand_hw_rng_get
 .text.rand_prng_seed
                0x0000000000027cc0       0x38 ../../mesh/lib_51_MBTLE_CORE.a(rand.c.obj)
                0x0000000000027cc0                rand_prng_seed
 .text.timer_cb
                0x0000000000027cf8       0x10 ../../mesh/lib_51_MBTLE_CORE.a(ticker.c.obj)
 .text.ticker_init
                0x0000000000027d08       0x38 ../../mesh/lib_51_MBTLE_CORE.a(ticker.c.obj)
                0x0000000000027d08                ticker_init
 .text.packet_mesh_trs_seq_auth_get
                0x0000000000027d40       0x3c ../../mesh/lib_51_MBTLE_CORE.a(transport.c.obj)
 .text.trs_sar_ack_timeout_cb
                0x0000000000027d7c       0x18 ../../mesh/lib_51_MBTLE_CORE.a(transport.c.obj)
 .text.trs_sar_tx_timeout_cb
                0x0000000000027d94        0xc ../../mesh/lib_51_MBTLE_CORE.a(transport.c.obj)
 .text.trs_sar_session_next_timeout_get
                0x0000000000027da0       0x6c ../../mesh/lib_51_MBTLE_CORE.a(transport.c.obj)
 .text.m_send_sar_cancel_event
                0x0000000000027e0c       0x26 ../../mesh/lib_51_MBTLE_CORE.a(transport.c.obj)
 .text.m_send_replay_cache_full_event
                0x0000000000027e32       0x2e ../../mesh/lib_51_MBTLE_CORE.a(transport.c.obj)
 .text.test_transport_decrypt
                0x0000000000027e60       0xa8 ../../mesh/lib_51_MBTLE_CORE.a(transport.c.obj)
 .text.sar_ctx_free
                0x0000000000027f08       0x44 ../../mesh/lib_51_MBTLE_CORE.a(transport.c.obj)
 .text.trs_sar_drop_session